Archive member included to satisfy reference by file (symbol)

/usr/bin/../lib/gcc/arm-none-eabi/7.3.1/../../../../arm-none-eabi/lib/thumb/v7e-m/fpv4-sp/hard/libc.a(lib_a-abs.o)
                              _build/kobukiActuator.o (abs)
/usr/bin/../lib/gcc/arm-none-eabi/7.3.1/../../../../arm-none-eabi/lib/thumb/v7e-m/fpv4-sp/hard/libc.a(lib_a-assert.o)
                              _build/ultrasonic.o (__assert_func)
/usr/bin/../lib/gcc/arm-none-eabi/7.3.1/../../../../arm-none-eabi/lib/thumb/v7e-m/fpv4-sp/hard/libc.a(lib_a-exit.o)
                              /usr/bin/../lib/gcc/arm-none-eabi/7.3.1/../../../../arm-none-eabi/lib/thumb/v7e-m/fpv4-sp/hard/crt0.o (exit)
/usr/bin/../lib/gcc/arm-none-eabi/7.3.1/../../../../arm-none-eabi/lib/thumb/v7e-m/fpv4-sp/hard/libc.a(lib_a-fiprintf.o)
                              /usr/bin/../lib/gcc/arm-none-eabi/7.3.1/../../../../arm-none-eabi/lib/thumb/v7e-m/fpv4-sp/hard/libc.a(lib_a-assert.o) (fiprintf)
/usr/bin/../lib/gcc/arm-none-eabi/7.3.1/../../../../arm-none-eabi/lib/thumb/v7e-m/fpv4-sp/hard/libc.a(lib_a-impure.o)
                              /usr/bin/../lib/gcc/arm-none-eabi/7.3.1/../../../../arm-none-eabi/lib/thumb/v7e-m/fpv4-sp/hard/libc.a(lib_a-exit.o) (_global_impure_ptr)
/usr/bin/../lib/gcc/arm-none-eabi/7.3.1/../../../../arm-none-eabi/lib/thumb/v7e-m/fpv4-sp/hard/libc.a(lib_a-init.o)
                              /usr/bin/../lib/gcc/arm-none-eabi/7.3.1/../../../../arm-none-eabi/lib/thumb/v7e-m/fpv4-sp/hard/crt0.o (__libc_init_array)
/usr/bin/../lib/gcc/arm-none-eabi/7.3.1/../../../../arm-none-eabi/lib/thumb/v7e-m/fpv4-sp/hard/libc.a(lib_a-locale.o)
                              _build/nrf_log_str_formatter.o (__locale_ctype_ptr)
/usr/bin/../lib/gcc/arm-none-eabi/7.3.1/../../../../arm-none-eabi/lib/thumb/v7e-m/fpv4-sp/hard/libc.a(lib_a-mbtowc_r.o)
                              /usr/bin/../lib/gcc/arm-none-eabi/7.3.1/../../../../arm-none-eabi/lib/thumb/v7e-m/fpv4-sp/hard/libc.a(lib_a-locale.o) (__ascii_mbtowc)
/usr/bin/../lib/gcc/arm-none-eabi/7.3.1/../../../../arm-none-eabi/lib/thumb/v7e-m/fpv4-sp/hard/libc.a(lib_a-memcmp.o)
                              _build/nrf_twi_mngr.o (memcmp)
/usr/bin/../lib/gcc/arm-none-eabi/7.3.1/../../../../arm-none-eabi/lib/thumb/v7e-m/fpv4-sp/hard/libc.a(lib_a-memcpy.o)
                              _build/kobukiUART.o (memcpy)
/usr/bin/../lib/gcc/arm-none-eabi/7.3.1/../../../../arm-none-eabi/lib/thumb/v7e-m/fpv4-sp/hard/libc.a(lib_a-memset.o)
                              /usr/bin/../lib/gcc/arm-none-eabi/7.3.1/../../../../arm-none-eabi/lib/thumb/v7e-m/fpv4-sp/hard/crt0.o (memset)
/usr/bin/../lib/gcc/arm-none-eabi/7.3.1/../../../../arm-none-eabi/lib/thumb/v7e-m/fpv4-sp/hard/libc.a(lib_a-printf.o)
                              _build/gyro_test.o (printf)
/usr/bin/../lib/gcc/arm-none-eabi/7.3.1/../../../../arm-none-eabi/lib/thumb/v7e-m/fpv4-sp/hard/libc.a(lib_a-qsort.o)
                              _build/ultrasonic.o (qsort)
/usr/bin/../lib/gcc/arm-none-eabi/7.3.1/../../../../arm-none-eabi/lib/thumb/v7e-m/fpv4-sp/hard/libc.a(lib_a-setbuf.o)
                              _build/before_startup.o (setbuf)
/usr/bin/../lib/gcc/arm-none-eabi/7.3.1/../../../../arm-none-eabi/lib/thumb/v7e-m/fpv4-sp/hard/libc.a(lib_a-setvbuf.o)
                              /usr/bin/../lib/gcc/arm-none-eabi/7.3.1/../../../../arm-none-eabi/lib/thumb/v7e-m/fpv4-sp/hard/libc.a(lib_a-setbuf.o) (setvbuf)
/usr/bin/../lib/gcc/arm-none-eabi/7.3.1/../../../../arm-none-eabi/lib/thumb/v7e-m/fpv4-sp/hard/libc.a(lib_a-snprintf.o)
                              _build/gyro_test.o (snprintf)
/usr/bin/../lib/gcc/arm-none-eabi/7.3.1/../../../../arm-none-eabi/lib/thumb/v7e-m/fpv4-sp/hard/libc.a(lib_a-strcmp.o)
                              /usr/bin/../lib/gcc/arm-none-eabi/7.3.1/../../../../arm-none-eabi/lib/thumb/v7e-m/fpv4-sp/hard/libc.a(lib_a-locale.o) (strcmp)
/usr/bin/../lib/gcc/arm-none-eabi/7.3.1/../../../../arm-none-eabi/lib/thumb/v7e-m/fpv4-sp/hard/libc.a(lib_a-strcpy.o)
                              _build/SEGGER_RTT.o (strcpy)
/usr/bin/../lib/gcc/arm-none-eabi/7.3.1/../../../../arm-none-eabi/lib/thumb/v7e-m/fpv4-sp/hard/libc.a(lib_a-strlen.o)
                              _build/display.o (strlen)
/usr/bin/../lib/gcc/arm-none-eabi/7.3.1/../../../../arm-none-eabi/lib/thumb/v7e-m/fpv4-sp/hard/libc.a(lib_a-svfprintf.o)
                              /usr/bin/../lib/gcc/arm-none-eabi/7.3.1/../../../../arm-none-eabi/lib/thumb/v7e-m/fpv4-sp/hard/libc.a(lib_a-snprintf.o) (_svfprintf_r)
/usr/bin/../lib/gcc/arm-none-eabi/7.3.1/../../../../arm-none-eabi/lib/thumb/v7e-m/fpv4-sp/hard/libc.a(lib_a-vfiprintf.o)
                              /usr/bin/../lib/gcc/arm-none-eabi/7.3.1/../../../../arm-none-eabi/lib/thumb/v7e-m/fpv4-sp/hard/libc.a(lib_a-fiprintf.o) (_vfiprintf_r)
/usr/bin/../lib/gcc/arm-none-eabi/7.3.1/../../../../arm-none-eabi/lib/thumb/v7e-m/fpv4-sp/hard/libc.a(lib_a-vfprintf.o)
[...]
Memory Configuration

Name             Origin             Length             Attributes
FLASH            0x0000000000026000 0x0000000000059000 xr
RAM              0x00000000200098a8 0x0000000000006758 xrw
bootloader_settings_page 0x000000000007f000 0x0000000000001000 r
uicr_bootloader_start_address 0x0000000010001014 0x0000000000000004 r
*default*        0x0000000000000000 0xffffffffffffffff

Linker script and memory map


.text           0x0000000000026000     0xf360
 *(.isr_vector)
 .isr_vector    0x0000000000026000      0x200 _build/gcc_startup_nrf52.os
                0x0000000000026000                __isr_vector
 *(.text*)
 .text          0x0000000000026200       0x40 /usr/bin/../lib/gcc/arm-none-eabi/7.3.1/thumb/v7e-m/fpv4-sp/hard/crtbegin.o
 .text          0x0000000000026240       0x74 /usr/bin/../lib/gcc/arm-none-eabi/7.3.1/../../../../arm-none-eabi/lib/thumb/v7e-m/fpv4-sp/hard/crt0.o
                0x0000000000026240                _mainCRTStartup
                0x0000000000026240                _start
 .text.startup.main
                0x00000000000262b4      0x124 _build/main.o
                0x00000000000262b4                main
 .text.get_ble_adv
                0x00000000000263d8      0x128 _build/ble_adv.o
                0x00000000000263d8                get_ble_adv
 .text.timer_ultrasonic_custom_event_handler
                0x0000000000026500       0x2c _build/ultrasonic.o
                0x0000000000026500                timer_ultrasonic_custom_event_handler
 .text.nrf_gpio_pin_port_decode.isra.0.part.1
                0x000000000002652c       0x10 _build/ultrasonic.o
 *fill*         0x000000000002653c        0x4 
 .text.getDistance
                0x0000000000026540      0x11c _build/ultrasonic.o
                0x0000000000026540                getDistance
 .text.start_timer_rev1
                0x000000000002665c       0x78 _build/ultrasonic.o
                0x000000000002665c                start_timer_rev1
 .text.nrf_drv_spi_transfer.constprop.1
                0x00000000000266d4       0x1c _build/display.o
 .text.nrf_delay_ms.part.0.constprop.2
                0x00000000000266f0       0x1c _build/display.o
 .text.display_init
                0x000000000002670c       0xf0 _build/display.o
                0x000000000002670c                display_init
 .text.display_write
                0x00000000000267fc       0xa4 _build/display.o
                0x00000000000267fc                display_write
 .text.kobukiInit
                0x00000000000268a0       0x38 _build/kobukiUtilities.o
                0x00000000000268a0                kobukiInit
 .text.nrf_delay_ms.part.0
                0x00000000000268d8       0x1c _build/better_error_handling.o
 .text.app_error_fault_handler
                0x00000000000268f4      0x128 _build/better_error_handling.o
                0x00000000000268f4                app_error_fault_handler
 .text.HardFault_process
                0x0000000000026a1c       0x9a _build/better_error_handling.o
                0x0000000000026a1c                HardFault_process
 .text.gyro_timer_event_handler
                0x0000000000026ab6        0x2 _build/lsm9ds1.o
 .text.i2c_reg_write
                0x0000000000026ab8       0x48 _build/lsm9ds1.o
 .text.i2c_reg_read.constprop.0
                0x0000000000026b00       0x64 _build/lsm9ds1.o
 .text.calcgRes
                0x0000000000026b64       0x38 _build/lsm9ds1.o
                0x0000000000026b64                calcgRes
 .text.calcaRes
                0x0000000000026b9c       0x44 _build/lsm9ds1.o
                0x0000000000026b9c                calcaRes
 .text.calcmRes
                0x0000000000026be0       0x44 _build/lsm9ds1.o
                0x0000000000026be0                calcmRes
 .text.lsm9ds1_whoami_ag
                0x0000000000026c24        0xc _build/lsm9ds1.o
                0x0000000000026c24                lsm9ds1_whoami_ag
 .text.lsm9ds1_whoami_m
                0x0000000000026c30        0xc _build/lsm9ds1.o
                0x0000000000026c30                lsm9ds1_whoami_m
 .text.initGyro
                0x0000000000026c3c       0xa8 _build/lsm9ds1.o
                0x0000000000026c3c                initGyro
 .text.initAccel
                0x0000000000026ce4       0x74 _build/lsm9ds1.o
                0x0000000000026ce4                initAccel
 .text.initMag  0x0000000000026d58       0x7c _build/lsm9ds1.o
                0x0000000000026d58                initMag
 .text.lsm9ds1_init
                0x0000000000026dd4       0xec _build/lsm9ds1.o
                0x0000000000026dd4                lsm9ds1_init
 .text.opt3004_write_reg.constprop.0
                0x0000000000026ec0       0x4c _build/opt3004.o
 .text.opt3004_read_reg
                0x0000000000026f0c       0x6c _build/opt3004.o
                0x0000000000026f0c                opt3004_read_reg
 .text.opt3004_init
                0x0000000000026f78        0xc _build/opt3004.o
                0x0000000000026f78                opt3004_init
 .text.opt3004_config
                0x0000000000026f84       0x44 _build/opt3004.o
                0x0000000000026f84                opt3004_config
 .text.opt3004_continuous
                0x0000000000026fc8       0x48 _build/opt3004.o
                0x0000000000026fc8                opt3004_continuous
 .text.opt3004_read_result
                0x0000000000027010       0x68 _build/opt3004.o
                0x0000000000027010                opt3004_read_result
 .text._GetAvailWriteSpace
                0x0000000000027078       0x1c _build/SEGGER_RTT.o
 .text._WriteNoCheck
                0x0000000000027094       0x3a _build/SEGGER_RTT.o
 .text._WriteBlocking
                0x00000000000270ce       0x52 _build/SEGGER_RTT.o
 .text._DoInit  0x0000000000027120       0x60 _build/SEGGER_RTT.o
 .text.SEGGER_RTT_WriteNoLock
                0x0000000000027180       0x68 _build/SEGGER_RTT.o
                0x0000000000027180                SEGGER_RTT_WriteNoLock
 .text.SEGGER_RTT_Write
                0x00000000000271e8       0x3c _build/SEGGER_RTT.o
                0x00000000000271e8                SEGGER_RTT_Write
 .text.SEGGER_RTT_Init
                0x0000000000027224        0x4 _build/SEGGER_RTT.o
                0x0000000000027224                SEGGER_RTT_Init
 .text._write_r
                0x0000000000027228       0x12 _build/SEGGER_RTT_Syscalls_GCC.o
                0x0000000000027228                _write_r
 .text.app_error_handler
                0x000000000002723a       0x1a _build/app_error_handler_gcc.o
                0x000000000002723a                app_error_handler
 .text.user_op_alloc
                0x0000000000027254       0x2c _build/app_timer.o
 .text.timer_stop_op_schedule
                0x0000000000027280       0x50 _build/app_timer.o
 .text.nrfx_coredep_delay_us.constprop.3
                0x00000000000272d0       0x10 _build/app_timer.o
 .text.RTC1_IRQHandler
                0x00000000000272e0       0x9c _build/app_timer.o
                0x00000000000272e0                RTC1_IRQHandler
 .text.SWI0_EGU0_IRQHandler
                0x000000000002737c      0x2a4 _build/app_timer.o
                0x000000000002737c                SWI0_EGU0_IRQHandler
 .text.app_timer_init
                0x0000000000027620       0x88 _build/app_timer.o
                0x0000000000027620                app_timer_init
 .text.app_timer_create
                0x00000000000276a8       0x24 _build/app_timer.o
                0x00000000000276a8                app_timer_create
 .text.app_timer_start
                0x00000000000276cc       0x88 _build/app_timer.o
                0x00000000000276cc                app_timer_start
 .text.app_timer_stop
                0x0000000000027754       0x20 _build/app_timer.o
                0x0000000000027754                app_timer_stop
 .text.privilege_level_get
                0x0000000000027774       0x1a _build/app_util_platform.o
                0x0000000000027774                privilege_level_get
 *fill*         0x000000000002778e        0x2 
 .text.app_util_critical_region_enter
                0x0000000000027790       0x60 _build/app_util_platform.o
                0x0000000000027790                app_util_critical_region_enter
 .text.app_util_critical_region_exit
                0x00000000000277f0       0x40 _build/app_util_platform.o
                0x00000000000277f0                app_util_critical_region_exit
 .text.startup.called_first
                0x0000000000027830       0x10 _build/before_startup.o
                0x0000000000027830                called_first
 .text.HardFault_Handler
                0x0000000000027840       0x34 _build/hardfault_handler_gcc.o
                0x0000000000027840                HardFault_Handler
 .text.HardFault_c_handler
                0x0000000000027874      0x104 _build/hardfault_implementation.o
                0x0000000000027874                HardFault_c_handler
 .text.nrf_atomic_u32_fetch_store
                0x0000000000027978       0x14 _build/nrf_atomic.o
                0x0000000000027978                nrf_atomic_u32_fetch_store
 .text.nrf_atomic_u32_or
                0x000000000002798c       0x16 _build/nrf_atomic.o
                0x000000000002798c                nrf_atomic_u32_or
 .text.nrf_atomic_u32_fetch_and
                0x00000000000279a2       0x16 _build/nrf_atomic.o
                0x00000000000279a2                nrf_atomic_u32_fetch_and
 .text.nrf_atomic_u32_add
                0x00000000000279b8       0x16 _build/nrf_atomic.o
                0x00000000000279b8                nrf_atomic_u32_add
 .text.nrf_atomic_u32_sub
                0x00000000000279ce       0x16 _build/nrf_atomic.o
                0x00000000000279ce                nrf_atomic_u32_sub
 .text.nrf_atomic_flag_set
                0x00000000000279e4        0x6 _build/nrf_atomic.o
                0x00000000000279e4                nrf_atomic_flag_set
 .text.nrf_atomic_flag_clear_fetch
                0x00000000000279ea        0x6 _build/nrf_atomic.o
                0x00000000000279ea                nrf_atomic_flag_clear_fetch
 .text.nrf_balloc_init
                0x00000000000279f0       0x7c _build/nrf_balloc.o
                0x00000000000279f0                nrf_balloc_init
 .text.nrf_balloc_alloc
                0x0000000000027a6c       0x5c _build/nrf_balloc.o
                0x0000000000027a6c                nrf_balloc_alloc
 .text.nrf_balloc_free
                0x0000000000027ac8       0x50 _build/nrf_balloc.o
                0x0000000000027ac8                nrf_balloc_free
 .text.clock_clk_started_notify
                0x0000000000027b18       0x28 _build/nrf_drv_clock.o
 .text.clock_irq_handler
                0x0000000000027b40       0x1c _build/nrf_drv_clock.o
 .text.soc_evt_handler
                0x0000000000027b5c       0x14 _build/nrf_drv_clock.o
 .text.nrf_drv_clock_init
                0x0000000000027b70       0x38 _build/nrf_drv_clock.o
                0x0000000000027b70                nrf_drv_clock_init
 .text.nrf_drv_clock_lfclk_request
                0x0000000000027ba8       0x84 _build/nrf_drv_clock.o
                0x0000000000027ba8                nrf_drv_clock_lfclk_request
 .text.nrf_drv_clock_lfclk_release
                0x0000000000027c2c       0x60 _build/nrf_drv_clock.o
                0x0000000000027c2c                nrf_drv_clock_lfclk_release
 .text.sd_state_evt_handler
                0x0000000000027c8c       0x6c _build/nrf_drv_clock.o
 .text.spim_evt_handler
                0x0000000000027cf8       0x3c _build/nrf_drv_spi.o
 .text.nrf_drv_spi_init
                0x0000000000027d34       0x80 _build/nrf_drv_spi.o
                0x0000000000027d34                nrf_drv_spi_init
 .text.twim_evt_handler
                0x0000000000027db4       0x48 _build/nrf_drv_twi.o
 .text.nrf_gpio_pin_port_decode.isra.0.part.1
                0x0000000000027dfc       0x10 _build/nrf_drv_twi.o
 .text.nrf_gpio_pin_set
                0x0000000000027e0c       0x1c _build/nrf_drv_twi.o
 .text.nrfx_coredep_delay_us.constprop.2
                0x0000000000027e28       0x10 _build/nrf_drv_twi.o
 .text.nrf_drv_twi_init
                0x0000000000027e38       0xf0 _build/nrf_drv_twi.o
                0x0000000000027e38                nrf_drv_twi_init
 .text.nrf_fprintf_buffer_flush
                0x0000000000027f28       0x24 _build/nrf_fprintf.o
                0x0000000000027f28                nrf_fprintf_buffer_flush
 .text.nrf_fprintf
                0x0000000000027f4c       0x58 _build/nrf_fprintf.o
                0x0000000000027f4c                nrf_fprintf
 .text.buffer_add
                0x0000000000027fa4       0x1e _build/nrf_fprintf_format.o
 *fill*         0x0000000000027fc2        0x2 
 .text.unsigned_print
                0x0000000000027fc4       0xac _build/nrf_fprintf_format.o
 .text.nrf_fprintf_fmt
                0x0000000000028070      0x2c4 _build/nrf_fprintf_format.o
                0x0000000000028070                nrf_fprintf_fmt
 .text.nrf_log_backend_rtt_flush
                0x0000000000028334        0x2 _build/nrf_log_backend_rtt.o
 *fill*         0x0000000000028336        0x2 
 .text.nrf_log_backend_rtt_put
                0x0000000000028338       0x1c _build/nrf_log_backend_rtt.o
 .text.serial_tx
                0x0000000000028354       0x50 _build/nrf_log_backend_rtt.o
 .text.nrf_log_backend_rtt_panic_set
                0x00000000000283a4        0x2 _build/nrf_log_backend_rtt.o
 .text.nrf_log_backend_rtt_init
                0x00000000000283a6        0x4 _build/nrf_log_backend_rtt.o
                0x00000000000283a6                nrf_log_backend_rtt_init
 .text.nrf_log_backend_serial_put
                0x00000000000283aa       0xcc _build/nrf_log_backend_serial.o
                0x00000000000283aa                nrf_log_backend_serial_put
 *fill*         0x0000000000028476        0x2 
 .text.nrf_log_default_backends_init
                0x0000000000028478       0x30 _build/nrf_log_default_backends.o
                0x0000000000028478                nrf_log_default_backends_init
 .text.invalid_packets_omit
                0x00000000000284a8       0x3a _build/nrf_log_frontend.o
 *fill*         0x00000000000284e2        0x2 
 .text.buf_prealloc
                0x00000000000284e4      0x138 _build/nrf_log_frontend.o
 .text.nrf_log_init
                0x000000000002861c       0x3c _build/nrf_log_frontend.o
                0x000000000002861c                nrf_log_init
 .text.nrf_log_module_name_get
                0x0000000000028658       0x38 _build/nrf_log_frontend.o
                0x0000000000028658                nrf_log_module_name_get
 .text.nrf_log_color_id_get
                0x0000000000028690       0x2c _build/nrf_log_frontend.o
                0x0000000000028690                nrf_log_color_id_get
 .text.buffer_is_empty
                0x00000000000286bc       0x14 _build/nrf_log_frontend.o
                0x00000000000286bc                buffer_is_empty
 .text.nrf_log_frontend_dequeue
                0x00000000000286d0      0x228 _build/nrf_log_frontend.o
                0x00000000000286d0                nrf_log_frontend_dequeue
 .text.std_n    0x00000000000288f8       0xd8 _build/nrf_log_frontend.o
 .text.nrf_log_frontend_std_0
                0x00000000000289d0        0x8 _build/nrf_log_frontend.o
                0x00000000000289d0                nrf_log_frontend_std_0
 .text.nrf_log_frontend_std_1
                0x00000000000289d8       0x14 _build/nrf_log_frontend.o
                0x00000000000289d8                nrf_log_frontend_std_1
 .text.nrf_log_frontend_std_2
                0x00000000000289ec       0x14 _build/nrf_log_frontend.o
                0x00000000000289ec                nrf_log_frontend_std_2
 .text.nrf_log_frontend_std_3
                0x0000000000028a00       0x18 _build/nrf_log_frontend.o
                0x0000000000028a00                nrf_log_frontend_std_3
 .text.nrf_log_frontend_std_4
                0x0000000000028a18       0x1c _build/nrf_log_frontend.o
                0x0000000000028a18                nrf_log_frontend_std_4
 .text.nrf_log_backend_add
                0x0000000000028a34       0x54 _build/nrf_log_frontend.o
                0x0000000000028a34                nrf_log_backend_add
 .text.nrf_log_panic
                0x0000000000028a88       0x2c _build/nrf_log_frontend.o
                0x0000000000028a88                nrf_log_panic
 .text.postfix_process
                0x0000000000028ab4       0x3c _build/nrf_log_str_formatter.o
 .text.prefix_process
                0x0000000000028af0       0x78 _build/nrf_log_str_formatter.o
 .text.nrf_log_std_entry_process
                0x0000000000028b68       0xc8 _build/nrf_log_str_formatter.o
                0x0000000000028b68                nrf_log_std_entry_process
 .text.nrf_log_hexdump_entry_process
                0x0000000000028c30       0xbc _build/nrf_log_str_formatter.o
                0x0000000000028c30                nrf_log_hexdump_entry_process
 .text.memobj_op
                0x0000000000028cec       0xa4 _build/nrf_memobj.o
 .text.nrf_memobj_pool_init
                0x0000000000028d90        0x4 _build/nrf_memobj.o
                0x0000000000028d90                nrf_memobj_pool_init
 .text.nrf_memobj_free
                0x0000000000028d94       0x2c _build/nrf_memobj.o
                0x0000000000028d94                nrf_memobj_free
 .text.nrf_memobj_alloc
                0x0000000000028dc0       0x5e _build/nrf_memobj.o
                0x0000000000028dc0                nrf_memobj_alloc
 .text.nrf_memobj_get
                0x0000000000028e1e        0x8 _build/nrf_memobj.o
                0x0000000000028e1e                nrf_memobj_get
 .text.nrf_memobj_put
                0x0000000000028e26       0x1e _build/nrf_memobj.o
                0x0000000000028e26                nrf_memobj_put
 .text.nrf_memobj_write
                0x0000000000028e44       0x2c _build/nrf_memobj.o
                0x0000000000028e44                nrf_memobj_write
 .text.nrf_memobj_read
                0x0000000000028e70       0x2c _build/nrf_memobj.o
                0x0000000000028e70                nrf_memobj_read
 .text.nrf_pwr_mgmt_init
                0x0000000000028e9c       0x2c _build/nrf_pwr_mgmt.o
                0x0000000000028e9c                nrf_pwr_mgmt_init
 .text.nrf_ringbuf_init
                0x0000000000028ec8       0x1c _build/nrf_ringbuf.o
                0x0000000000028ec8                nrf_ringbuf_init
 .text.queue_utilization_get
                0x0000000000028ee4       0x18 _build/nrf_queue.o
 .text.nrf_queue_next_idx
                0x0000000000028efc       0x20 _build/nrf_queue.o
 .text.nrf_queue_is_full
                0x0000000000028f1c       0x28 _build/nrf_queue.o
                0x0000000000028f1c                nrf_queue_is_full
 .text.nrf_queue_push
                0x0000000000028f44       0xc8 _build/nrf_queue.o
                0x0000000000028f44                nrf_queue_push
 .text.nrf_queue_is_empty
                0x000000000002900c       0x24 _build/nrf_queue.o
                0x000000000002900c                nrf_queue_is_empty
 .text.nrf_queue_generic_pop
                0x0000000000029030       0xa8 _build/nrf_queue.o
                0x0000000000029030                nrf_queue_generic_pop
 .text.nrf_section_iter_init
                0x00000000000290d8       0x30 _build/nrf_section_iter.o
                0x00000000000290d8                nrf_section_iter_init
 .text.nrf_section_iter_next
                0x0000000000029108       0x38 _build/nrf_section_iter.o
                0x0000000000029108                nrf_section_iter_next
 .text.nrf_strerror_find
                0x0000000000029140       0x3c _build/nrf_strerror.o
                0x0000000000029140                nrf_strerror_find
 .text.nrf_strerror_get
                0x000000000002917c       0x14 _build/nrf_strerror.o
                0x000000000002917c                nrf_strerror_get
 .text.internal_transaction_cb
                0x0000000000029190        0xa _build/nrf_twi_mngr.o
 *fill*         0x000000000002919a        0x2 
 .text.transaction_end_signal
                0x000000000002919c       0x30 _build/nrf_twi_mngr.o
 .text.start_transfer
                0x00000000000291cc       0xc4 _build/nrf_twi_mngr.o
 .text.start_pending_transaction
                0x0000000000029290       0xb8 _build/nrf_twi_mngr.o
 .text.twi_event_handler
                0x0000000000029348       0x58 _build/nrf_twi_mngr.o
 .text.nrf_twi_mngr_init
                0x00000000000293a0       0x78 _build/nrf_twi_mngr.o
                0x00000000000293a0                nrf_twi_mngr_init
 .text.nrf_twi_mngr_schedule
                0x0000000000029418       0x60 _build/nrf_twi_mngr.o
                0x0000000000029418                nrf_twi_mngr_schedule
 .text.nrf_twi_mngr_perform
                0x0000000000029478       0x80 _build/nrf_twi_mngr.o
                0x0000000000029478                nrf_twi_mngr_perform
 .text.nrfx_clock_init
                0x00000000000294f8       0x2c _build/nrfx_clock.o
                0x00000000000294f8                nrfx_clock_init
 .text.nrfx_clock_enable
                0x0000000000029524       0x3c _build/nrfx_clock.o
                0x0000000000029524                nrfx_clock_enable
 .text.nrfx_clock_lfclk_start
                0x0000000000029560       0x6c _build/nrfx_clock.o
                0x0000000000029560                nrfx_clock_lfclk_start
 .text.nrfx_clock_lfclk_stop
                0x00000000000295cc       0x30 _build/nrfx_clock.o
                0x00000000000295cc                nrfx_clock_lfclk_stop
 .text.POWER_CLOCK_IRQHandler
                0x00000000000295fc       0x64 _build/nrfx_clock.o
                0x00000000000295fc                POWER_CLOCK_IRQHandler
 .text.nrf_gpiote_event_clear
                0x0000000000029660       0x18 _build/nrfx_gpiote.o
 .text.channel_free
                0x0000000000029678       0x1c _build/nrfx_gpiote.o
 .text.nrf_gpio_pin_port_decode.isra.0.part.1
                0x0000000000029694       0x10 _build/nrfx_gpiote.o
 .text.nrf_gpio_cfg_sense_set
                0x00000000000296a4       0x2e _build/nrfx_gpiote.o
 *fill*         0x00000000000296d2        0x2 
 .text.nrfx_gpiote_init
                0x00000000000296d4       0x6c _build/nrfx_gpiote.o
                0x00000000000296d4                nrfx_gpiote_init
 .text.nrfx_gpiote_is_init
                0x0000000000029740       0x14 _build/nrfx_gpiote.o
                0x0000000000029740                nrfx_gpiote_is_init
 .text.nrfx_gpiote_out_init
                0x0000000000029754      0x11c _build/nrfx_gpiote.o
                0x0000000000029754                nrfx_gpiote_out_init
 .text.nrfx_gpiote_out_set
                0x0000000000029870       0x5c _build/nrfx_gpiote.o
                0x0000000000029870                nrfx_gpiote_out_set
 .text.nrfx_gpiote_out_clear
                0x00000000000298cc       0x5c _build/nrfx_gpiote.o
                0x00000000000298cc                nrfx_gpiote_out_clear
 .text.GPIOTE_IRQHandler
                0x0000000000029928      0x18c _build/nrfx_gpiote.o
                0x0000000000029928                GPIOTE_IRQHandler
 .text.UARTE0_UART0_IRQHandler
                0x0000000000029ab4       0x20 _build/nrfx_prs.o
                0x0000000000029ab4                UARTE0_UART0_IRQHandler
 .text.nrfx_prs_acquire
                0x0000000000029ad4       0x50 _build/nrfx_prs.o
                0x0000000000029ad4                nrfx_prs_acquire
 .text.nrfx_prs_release
                0x0000000000029b24       0x28 _build/nrfx_prs.o
                0x0000000000029b24                nrfx_prs_release
 .text.nrf_pwm_event_clear
                0x0000000000029b4c       0x10 _build/nrfx_pwm.o
 .text.irq_handler
                0x0000000000029b5c       0x80 _build/nrfx_pwm.o
 .text.PWM0_IRQHandler
                0x0000000000029bdc       0x10 _build/nrfx_pwm.o
                0x0000000000029bdc                PWM0_IRQHandler
 .text.PWM1_IRQHandler
                0x0000000000029bec       0x10 _build/nrfx_pwm.o
                0x0000000000029bec                PWM1_IRQHandler
 .text.PWM2_IRQHandler
                0x0000000000029bfc       0x10 _build/nrfx_pwm.o
                0x0000000000029bfc                PWM2_IRQHandler
 .text.nrf_saadc_event_clear
                0x0000000000029c0c       0x18 _build/nrfx_saadc.o
 .text.SAADC_IRQHandler
                0x0000000000029c24      0x164 _build/nrfx_saadc.o
                0x0000000000029c24                SAADC_IRQHandler
 .text.nrf_gpio_pin_port_decode.isra.0.part.1
                0x0000000000029d88       0x10 _build/nrfx_spim.o
 .text.nrf_gpio_pin_clear
                0x0000000000029d98       0x1c _build/nrfx_spim.o
 .text.nrf_gpio_pin_set
                0x0000000000029db4       0x1c _build/nrfx_spim.o
 .text.SPIM1_SPIS1_TWIM1_TWIS1_SPI1_TWI1_IRQHandler
                0x0000000000029dd0       0x64 _build/nrfx_spim.o
                0x0000000000029dd0                SPIM1_SPIS1_TWIM1_TWIS1_SPI1_TWI1_IRQHandler
 .text.nrfx_spim_init
                0x0000000000029e34      0x21c _build/nrfx_spim.o
                0x0000000000029e34                nrfx_spim_init
 .text.nrfx_spim_xfer
                0x000000000002a050      0x170 _build/nrfx_spim.o
                0x000000000002a050                nrfx_spim_xfer
 .text.irq_handler.constprop.0
                0x000000000002a1c0       0x4c _build/nrfx_timer.o
 .text.nrfx_timer_init
                0x000000000002a20c      0x170 _build/nrfx_timer.o
                0x000000000002a20c                nrfx_timer_init
 .text.nrfx_timer_enable
                0x000000000002a37c       0x38 _build/nrfx_timer.o
                0x000000000002a37c                nrfx_timer_enable
 .text.nrfx_timer_compare
                0x000000000002a3b4       0x36 _build/nrfx_timer.o
                0x000000000002a3b4                nrfx_timer_compare
 .text.nrfx_timer_extended_compare
                0x000000000002a3ea       0x2e _build/nrfx_timer.o
                0x000000000002a3ea                nrfx_timer_extended_compare
 .text.TIMER0_IRQHandler
                0x000000000002a418       0x10 _build/nrfx_timer.o
                0x000000000002a418                TIMER0_IRQHandler
 .text.TIMER1_IRQHandler
                0x000000000002a428       0x10 _build/nrfx_timer.o
                0x000000000002a428                TIMER1_IRQHandler
 .text.TIMER2_IRQHandler
                0x000000000002a438       0x10 _build/nrfx_timer.o
                0x000000000002a438                TIMER2_IRQHandler
 .text.nrf_twim_event_clear
                0x000000000002a448       0x10 _build/nrfx_twim.o
 .text.SPIM0_SPIS0_TWIM0_TWIS0_SPI0_TWI0_IRQHandler
                0x000000000002a458      0x158 _build/nrfx_twim.o
                0x000000000002a458                SPIM0_SPIS0_TWIM0_TWIS0_SPI0_TWI0_IRQHandler
 .text.nrfx_twim_init
                0x000000000002a5b0      0x16c _build/nrfx_twim.o
                0x000000000002a5b0                nrfx_twim_init
 .text.nrfx_twim_enable
                0x000000000002a71c       0x40 _build/nrfx_twim.o
                0x000000000002a71c                nrfx_twim_enable
 .text.nrfx_twim_disable
                0x000000000002a75c       0x54 _build/nrfx_twim.o
                0x000000000002a75c                nrfx_twim_disable
 .text.nrfx_twim_uninit
                0x000000000002a7b0       0xb8 _build/nrfx_twim.o
                0x000000000002a7b0                nrfx_twim_uninit
 .text.nrfx_twim_xfer
                0x000000000002a868      0x304 _build/nrfx_twim.o
                0x000000000002a868                nrfx_twim_xfer
 .text.sd_ble_gap_addr_get
                0x000000000002ab6c        0x4 _build/ble_advdata.o
 .text.sd_ble_gap_appearance_get
                0x000000000002ab70        0x4 _build/ble_advdata.o
 .text.sd_ble_gap_device_name_get
                0x000000000002ab74        0x4 _build/ble_advdata.o
 .text.sd_ble_uuid_encode
                0x000000000002ab78        0x4 _build/ble_advdata.o
 .text.uuid_list_sized_encode
                0x000000000002ab7c       0xa4 _build/ble_advdata.o
 .text.uuid_list_encode
                0x000000000002ac20       0x34 _build/ble_advdata.o
 .text.ble_advdata_encode
                0x000000000002ac54      0x392 _build/ble_advdata.o
                0x000000000002ac54                ble_advdata_encode
 .text.ble_advdata_search
                0x000000000002afe6       0x38 _build/ble_advdata.o
                0x000000000002afe6                ble_advdata_search
 .text.ble_advdata_parse
                0x000000000002b01e       0x20 _build/ble_advdata.o
                0x000000000002b01e                ble_advdata_parse
 .text.sd_ble_gap_adv_set_configure
                0x000000000002b03e        0x4 _build/ble_advertising.o
 .text.sd_ble_gap_adv_start
                0x000000000002b042        0x4 _build/ble_advertising.o
 .text.flags_set
                0x000000000002b046       0x2c _build/ble_advertising.o
 .text.ble_advertising_conn_cfg_tag_set
                0x000000000002b072        0x6 _build/ble_advertising.o
                0x000000000002b072                ble_advertising_conn_cfg_tag_set
 .text.ble_advertising_init
                0x000000000002b078       0xfe _build/ble_advertising.o
                0x000000000002b078                ble_advertising_init
 .text.ble_advertising_start
                0x000000000002b176      0x21c _build/ble_advertising.o
                0x000000000002b176                ble_advertising_start
 .text.ble_advertising_on_ble_evt
                0x000000000002b392       0x6a _build/ble_advertising.o
                0x000000000002b392                ble_advertising_on_ble_evt
 .text.ble_advertising_on_sys_evt
                0x000000000002b3fc        0x2 _build/ble_advertising.o
                0x000000000002b3fc                ble_advertising_on_sys_evt
 .text.sd_ble_gap_conn_param_update
                0x000000000002b3fe        0x4 _build/ble_conn_params.o
 .text.sd_ble_gap_disconnect
                0x000000000002b402        0x4 _build/ble_conn_params.o
 .text.sd_ble_gap_ppcp_set
                0x000000000002b406        0x4 _build/ble_conn_params.o
 .text.sd_ble_gap_ppcp_get
                0x000000000002b40a        0x4 _build/ble_conn_params.o
 *fill*         0x000000000002b40e        0x2 
 .text.instance_get
                0x000000000002b410       0x14 _build/ble_conn_params.o
 .text.send_error_evt
                0x000000000002b424       0x10 _build/ble_conn_params.o
 .text.update_timeout_handler
                0x000000000002b434       0x6c _build/ble_conn_params.o
 .text.conn_params_negotiation
                0x000000000002b4a0       0x48 _build/ble_conn_params.o
 .text.is_conn_params_ok.constprop.3
                0x000000000002b4e8       0x3a _build/ble_conn_params.o
 *fill*         0x000000000002b522        0x2 
 .text.ble_evt_handler
                0x000000000002b524       0xe0 _build/ble_conn_params.o
 .text.ble_conn_params_init
                0x000000000002b604       0x74 _build/ble_conn_params.o
                0x000000000002b604                ble_conn_params_init
 .text.ble_srv_is_notification_enabled
                0x000000000002b678        0x8 _build/ble_srv_common.o
                0x000000000002b678                ble_srv_is_notification_enabled
 .text.sd_ble_gap_data_length_update
                0x000000000002b680        0x4 _build/nrf_ble_gatt.o
 .text.sd_ble_gattc_exchange_mtu_request
                0x000000000002b684        0x4 _build/nrf_ble_gatt.o
 .text.sd_ble_gatts_exchange_mtu_reply
                0x000000000002b688        0x4 _build/nrf_ble_gatt.o
 .text.data_length_update
                0x000000000002b68c       0x7c _build/nrf_ble_gatt.o
 .text.nrf_ble_gatt_init
                0x000000000002b708       0x2a _build/nrf_ble_gatt.o
                0x000000000002b708                nrf_ble_gatt_init
 *fill*         0x000000000002b732        0x2 
 .text.nrf_ble_gatt_on_ble_evt
                0x000000000002b734      0x1b0 _build/nrf_ble_gatt.o
                0x000000000002b734                nrf_ble_gatt_on_ble_evt
 .text.sd_ble_gatts_rw_authorize_reply
                0x000000000002b8e4        0x4 _build/nrf_ble_qwr.o
 .text.sd_ble_user_mem_reply
                0x000000000002b8e8        0x4 _build/nrf_ble_qwr.o
 .text.user_mem_reply.part.0
                0x000000000002b8ec       0x24 _build/nrf_ble_qwr.o
 .text.nrf_ble_qwr_init
                0x000000000002b910       0x24 _build/nrf_ble_qwr.o
                0x000000000002b910                nrf_ble_qwr_init
 .text.nrf_ble_qwr_conn_handle_assign
                0x000000000002b934       0x16 _build/nrf_ble_qwr.o
                0x000000000002b934                nrf_ble_qwr_conn_handle_assign
 .text.nrf_ble_qwr_on_ble_evt
                0x000000000002b94a       0xa0 _build/nrf_ble_qwr.o
                0x000000000002b94a                nrf_ble_qwr_on_ble_evt
 .text.sd_softdevice_enable
                0x000000000002b9ea        0x4 _build/nrf_sdh.o
 *fill*         0x000000000002b9ee        0x2 
 .text.sdh_request_observer_notify
                0x000000000002b9f0       0x30 _build/nrf_sdh.o
 .text.sdh_state_observer_notify
                0x000000000002ba20       0x28 _build/nrf_sdh.o
 .text.softdevices_evt_irq_enable
                0x000000000002ba48       0x40 _build/nrf_sdh.o
 .text.nrf_sdh_enable_request
                0x000000000002ba88       0x78 _build/nrf_sdh.o
                0x000000000002ba88                nrf_sdh_enable_request
 .text.nrf_sdh_is_enabled
                0x000000000002bb00        0xc _build/nrf_sdh.o
                0x000000000002bb00                nrf_sdh_is_enabled
 .text.nrf_sdh_evts_poll
                0x000000000002bb0c       0x28 _build/nrf_sdh.o
                0x000000000002bb0c                nrf_sdh_evts_poll
 .text.SWI2_EGU2_IRQHandler
                0x000000000002bb34        0x4 _build/nrf_sdh.o
                0x000000000002bb34                SWI2_EGU2_IRQHandler
 .text.sd_ble_enable
                0x000000000002bb38        0x4 _build/nrf_sdh_ble.o
 .text.sd_ble_cfg_set
                0x000000000002bb3c        0x4 _build/nrf_sdh_ble.o
 .text.sd_ble_evt_get
                0x000000000002bb40        0x4 _build/nrf_sdh_ble.o
 .text.nrf_sdh_ble_evts_poll.part.0
                0x000000000002bb44       0x58 _build/nrf_sdh_ble.o
 .text.nrf_sdh_ble_evts_poll
                0x000000000002bb9c       0x10 _build/nrf_sdh_ble.o
 .text.nrf_sdh_ble_default_cfg_set
                0x000000000002bbac      0x1a4 _build/nrf_sdh_ble.o
                0x000000000002bbac                nrf_sdh_ble_default_cfg_set
 .text.nrf_sdh_ble_enable
                0x000000000002bd50       0x94 _build/nrf_sdh_ble.o
                0x000000000002bd50                nrf_sdh_ble_enable
 .text.sd_ble_gap_addr_set
                0x000000000002bde4        0x4 _build/simple_ble.o
 .text.sd_ble_gap_adv_set_configure
                0x000000000002bde8        0x4 _build/simple_ble.o
 .text.sd_ble_gap_adv_stop
                0x000000000002bdec        0x4 _build/simple_ble.o
 .text.sd_ble_gap_disconnect
                0x000000000002bdf0        0x4 _build/simple_ble.o
 .text.sd_ble_gap_appearance_set
                0x000000000002bdf4        0x4 _build/simple_ble.o
 .text.sd_ble_gap_ppcp_set
                0x000000000002bdf8        0x4 _build/simple_ble.o
 .text.sd_ble_gap_device_name_set
                0x000000000002bdfc        0x4 _build/simple_ble.o
 .text.sd_ble_gap_sec_params_reply
                0x000000000002be00        0x4 _build/simple_ble.o
 .text.sd_ble_gap_sec_info_reply
                0x000000000002be04        0x4 _build/simple_ble.o
 .text.sd_ble_gap_scan_start
                0x000000000002be08        0x4 _build/simple_ble.o
 .text.sd_ble_gap_phy_update
                0x000000000002be0c        0x4 _build/simple_ble.o
 .text.sd_ble_gatts_service_add
                0x000000000002be10        0x4 _build/simple_ble.o
 .text.sd_ble_gatts_characteristic_add
                0x000000000002be14        0x4 _build/simple_ble.o
 .text.sd_ble_gatts_sys_attr_set
                0x000000000002be18        0x4 _build/simple_ble.o
 .text.sd_ble_uuid_vs_add
                0x000000000002be1c        0x4 _build/simple_ble.o
 .text.sd_power_system_off
                0x000000000002be20        0x4 _build/simple_ble.o
 .text.on_adv_evt
                0x000000000002be24        0x2 _build/simple_ble.o
 *fill*         0x000000000002be26        0x2 
 .text.on_ble_evt
                0x000000000002be28      0x1d0 _build/simple_ble.o
 .text.conn_params_error_handler
                0x000000000002bff8       0x10 _build/simple_ble.o
 .text.on_conn_params_evt
                0x000000000002c008       0x24 _build/simple_ble.o
 .text.qwr_error_handler
                0x000000000002c02c       0x10 _build/simple_ble.o
 .text.assert_nrf_callback
                0x000000000002c03c       0x20 _build/simple_ble.o
                0x000000000002c03c                assert_nrf_callback
 .text.ble_address_set
                0x000000000002c05c       0x78 _build/simple_ble.o
                0x000000000002c05c                ble_address_set
 .text.ble_stack_init
                0x000000000002c0d4       0x4c _build/simple_ble.o
                0x000000000002c0d4                ble_stack_init
 .text.gap_params_init
                0x000000000002c120       0x90 _build/simple_ble.o
                0x000000000002c120                gap_params_init
 .text.advertising_init
                0x000000000002c1b0       0x70 _build/simple_ble.o
                0x000000000002c1b0                advertising_init
 .text.conn_params_init
                0x000000000002c220       0x5c _build/simple_ble.o
                0x000000000002c220                conn_params_init
 .text.services_init
                0x000000000002c27c       0x30 _build/simple_ble.o
                0x000000000002c27c                services_init
 .text.initialize_app_timer
                0x000000000002c2ac       0x18 _build/simple_ble.o
                0x000000000002c2ac                initialize_app_timer
 .text.advertising_start
                0x000000000002c2c4       0x24 _build/simple_ble.o
                0x000000000002c2c4                advertising_start
 .text.advertising_stop
                0x000000000002c2e8       0x28 _build/simple_ble.o
                0x000000000002c2e8                advertising_stop
 .text.simple_ble_init
                0x000000000002c310       0x90 _build/simple_ble.o
                0x000000000002c310                simple_ble_init
 .text.simple_ble_add_service
                0x000000000002c3a0       0x48 _build/simple_ble.o
                0x000000000002c3a0                simple_ble_add_service
 .text.simple_ble_add_characteristic
                0x000000000002c3e8      0x10c _build/simple_ble.o
                0x000000000002c3e8                simple_ble_add_characteristic
 .text.simple_ble_adv_only_name
                0x000000000002c4f4       0x74 _build/simple_ble.o
                0x000000000002c4f4                simple_ble_adv_only_name
 .text.errata_12
                0x000000000002c568       0x40 _build/system_nrf52.o
 .text.errata_16
                0x000000000002c5a8       0x34 _build/system_nrf52.o
 .text.SystemInit
                0x000000000002c5dc      0x25c _build/system_nrf52.o
                0x000000000002c5dc                SystemInit
 .text          0x000000000002c838       0x3c _build/gcc_startup_nrf52.os
                0x000000000002c838                Reset_Handler
                0x000000000002c860                NMI_Handler
                0x000000000002c864                MemoryManagement_Handler
                0x000000000002c866                BusFault_Handler
                0x000000000002c868                UsageFault_Handler
                0x000000000002c86a                SVC_Handler
                0x000000000002c86c                DebugMon_Handler
                0x000000000002c86e                PendSV_Handler
                0x000000000002c870                SysTick_Handler
                0x000000000002c872                RTC0_IRQHandler
                0x000000000002c872                RADIO_IRQHandler
                0x000000000002c872                PDM_IRQHandler
                0x000000000002c872                TEMP_IRQHandler
                0x000000000002c872                QDEC_IRQHandler
                0x000000000002c872                TIMER3_IRQHandler
                0x000000000002c872                FPU_IRQHandler
                0x000000000002c872                TIMER4_IRQHandler
                0x000000000002c872                I2S_IRQHandler
                0x000000000002c872                SWI4_EGU4_IRQHandler
                0x000000000002c872                ECB_IRQHandler
                0x000000000002c872                Default_Handler
                0x000000000002c872                CCM_AAR_IRQHandler
                0x000000000002c872                WDT_IRQHandler
                0x000000000002c872                SWI5_EGU5_IRQHandler
                0x000000000002c872                RNG_IRQHandler
                0x000000000002c872                RTC2_IRQHandler
                0x000000000002c872                SWI3_EGU3_IRQHandler
                0x000000000002c872                SWI1_EGU1_IRQHandler
                0x000000000002c872                SPIM2_SPIS2_SPI2_IRQHandler
                0x000000000002c872                NFCT_IRQHandler
                0x000000000002c872                MWU_IRQHandler
                0x000000000002c872                COMP_LPCOMP_IRQHandler
 .text.exit     0x000000000002c874       0x20 /usr/bin/../lib/gcc/arm-none-eabi/7.3.1/../../../../arm-none-eabi/lib/thumb/v7e-m/fpv4-sp/hard/libc.a(lib_a-exit.o)
                0x000000000002c874                exit
 .text.__libc_init_array
                0x000000000002c894       0x48 /usr/bin/../lib/gcc/arm-none-eabi/7.3.1/../../../../arm-none-eabi/lib/thumb/v7e-m/fpv4-sp/hard/libc.a(lib_a-init.o)
                0x000000000002c894                __libc_init_array
 .text.__locale_mb_cur_max
                0x000000000002c8dc       0x1c /usr/bin/../lib/gcc/arm-none-eabi/7.3.1/../../../../arm-none-eabi/lib/thumb/v7e-m/fpv4-sp/hard/libc.a(lib_a-locale.o)
                0x000000000002c8dc                __locale_mb_cur_max
 .text.__locale_ctype_ptr
                0x000000000002c8f8       0x1c /usr/bin/../lib/gcc/arm-none-eabi/7.3.1/../../../../arm-none-eabi/lib/thumb/v7e-m/fpv4-sp/hard/libc.a(lib_a-locale.o)
                0x000000000002c8f8                __locale_ctype_ptr
 .text.__ascii_mbtowc
                0x000000000002c914       0x2c /usr/bin/../lib/gcc/arm-none-eabi/7.3.1/../../../../arm-none-eabi/lib/thumb/v7e-m/fpv4-sp/hard/libc.a(lib_a-mbtowc_r.o)
                0x000000000002c914                __ascii_mbtowc
 .text.memcmp   0x000000000002c940       0x64 /usr/bin/../lib/gcc/arm-none-eabi/7.3.1/../../../../arm-none-eabi/lib/thumb/v7e-m/fpv4-sp/hard/libc.a(lib_a-memcmp.o)
                0x000000000002c940                memcmp
 .text          0x000000000002c9a4      0x134 /usr/bin/../lib/gcc/arm-none-eabi/7.3.1/../../../../arm-none-eabi/lib/thumb/v7e-m/fpv4-sp/hard/libc.a(lib_a-memcpy.o)
                0x000000000002c9a4                memcpy
 .text.memset   0x000000000002cad8       0x94 /usr/bin/../lib/gcc/arm-none-eabi/7.3.1/../../../../arm-none-eabi/lib/thumb/v7e-m/fpv4-sp/hard/libc.a(lib_a-memset.o)
                0x000000000002cad8                memset
 .text.printf   0x000000000002cb6c       0x28 /usr/bin/../lib/gcc/arm-none-eabi/7.3.1/../../../../arm-none-eabi/lib/thumb/v7e-m/fpv4-sp/hard/libc.a(lib_a-printf.o)
                0x000000000002cb6c                printf
 .text.setbuf   0x000000000002cb94       0x10 /usr/bin/../lib/gcc/arm-none-eabi/7.3.1/../../../../arm-none-eabi/lib/thumb/v7e-m/fpv4-sp/hard/libc.a(lib_a-setbuf.o)
                0x000000000002cb94                setbuf
 .text.setvbuf  0x000000000002cba4      0x180 /usr/bin/../lib/gcc/arm-none-eabi/7.3.1/../../../../arm-none-eabi/lib/thumb/v7e-m/fpv4-sp/hard/libc.a(lib_a-setvbuf.o)
                0x000000000002cba4                setvbuf
 .text.strcpy   0x000000000002cd24       0xbc /usr/bin/../lib/gcc/arm-none-eabi/7.3.1/../../../../arm-none-eabi/lib/thumb/v7e-m/fpv4-sp/hard/libc.a(lib_a-strcpy.o)
                0x000000000002cd24                strcpy
 *fill*         0x000000000002cde0       0x20 
 .text          0x000000000002ce00       0xdc /usr/bin/../lib/gcc/arm-none-eabi/7.3.1/../../../../arm-none-eabi/lib/thumb/v7e-m/fpv4-sp/hard/libc.a(lib_a-strlen.o)
                0x000000000002ce00                strlen
 .text.__sprint_r.part.0
                0x000000000002cedc       0x78 /usr/bin/../lib/gcc/arm-none-eabi/7.3.1/../../../../arm-none-eabi/lib/thumb/v7e-m/fpv4-sp/hard/libc.a(lib_a-vfiprintf.o)
 .text.__sprint_r
                0x000000000002cf54       0x14 /usr/bin/../lib/gcc/arm-none-eabi/7.3.1/../../../../arm-none-eabi/lib/thumb/v7e-m/fpv4-sp/hard/libc.a(lib_a-vfiprintf.o)
                0x000000000002cf54                __sprint_r
 .text._vfprintf_r
                0x000000000002cf68     0x1a7c /usr/bin/../lib/gcc/arm-none-eabi/7.3.1/../../../../arm-none-eabi/lib/thumb/v7e-m/fpv4-sp/hard/libc.a(lib_a-vfprintf.o)
                0x000000000002cf68                _vfprintf_r
 .text.__sbprintf
                0x000000000002e9e4       0x84 /usr/bin/../lib/gcc/arm-none-eabi/7.3.1/../../../../arm-none-eabi/lib/thumb/v7e-m/fpv4-sp/hard/libc.a(lib_a-vfprintf.o)
 .text.__ascii_wctomb
                0x000000000002ea68       0x1c /usr/bin/../lib/gcc/arm-none-eabi/7.3.1/../../../../arm-none-eabi/lib/thumb/v7e-m/fpv4-sp/hard/libc.a(lib_a-wctomb_r.o)
                0x000000000002ea68                __ascii_wctomb
 .text.__swsetup_r
                0x000000000002ea84       0xcc /usr/bin/../lib/gcc/arm-none-eabi/7.3.1/../../../../arm-none-eabi/lib/thumb/v7e-m/fpv4-sp/hard/libc.a(lib_a-wsetup.o)
                0x000000000002ea84                __swsetup_r
 .text.startup.register_fini
                0x000000000002eb50       0x14 /usr/bin/../lib/gcc/arm-none-eabi/7.3.1/../../../../arm-none-eabi/lib/thumb/v7e-m/fpv4-sp/hard/libc.a(lib_a-__call_atexit.o)
 .text.__call_exitprocs
                0x000000000002eb64       0xe8 /usr/bin/../lib/gcc/arm-none-eabi/7.3.1/../../../../arm-none-eabi/lib/thumb/v7e-m/fpv4-sp/hard/libc.a(lib_a-__call_atexit.o)
                0x000000000002eb64                __call_exitprocs
 .text.atexit   0x000000000002ec4c        0xc /usr/bin/../lib/gcc/arm-none-eabi/7.3.1/../../../../arm-none-eabi/lib/thumb/v7e-m/fpv4-sp/hard/libc.a(lib_a-atexit.o)
                0x000000000002ec4c                atexit
 .text.quorem   0x000000000002ec58      0x124 /usr/bin/../lib/gcc/arm-none-eabi/7.3.1/../../../../arm-none-eabi/lib/thumb/v7e-m/fpv4-sp/hard/libc.a(lib_a-dtoa.o)
 *fill*         0x000000000002ed7c        0x4 
 .text._dtoa_r  0x000000000002ed80      0xe20 /usr/bin/../lib/gcc/arm-none-eabi/7.3.1/../../../../arm-none-eabi/lib/thumb/v7e-m/fpv4-sp/hard/libc.a(lib_a-dtoa.o)
                0x000000000002ed80                _dtoa_r
 .text.__sflush_r
                0x000000000002fba0      0x154 /usr/bin/../lib/gcc/arm-none-eabi/7.3.1/../../../../arm-none-eabi/lib/thumb/v7e-m/fpv4-sp/hard/libc.a(lib_a-fflush.o)
                0x000000000002fba0                __sflush_r
 .text._fflush_r
                0x000000000002fcf4       0x5c /usr/bin/../lib/gcc/arm-none-eabi/7.3.1/../../../../arm-none-eabi/lib/thumb/v7e-m/fpv4-sp/hard/libc.a(lib_a-fflush.o)
                0x000000000002fcf4                _fflush_r
 .text.std      0x000000000002fd50       0x50 /usr/bin/../lib/gcc/arm-none-eabi/7.3.1/../../../../arm-none-eabi/lib/thumb/v7e-m/fpv4-sp/hard/libc.a(lib_a-findfp.o)
 .text._cleanup_r
                0x000000000002fda0        0xc /usr/bin/../lib/gcc/arm-none-eabi/7.3.1/../../../../arm-none-eabi/lib/thumb/v7e-m/fpv4-sp/hard/libc.a(lib_a-findfp.o)
                0x000000000002fda0                _cleanup_r
 .text.__sinit  0x000000000002fdac       0x58 /usr/bin/../lib/gcc/arm-none-eabi/7.3.1/../../../../arm-none-eabi/lib/thumb/v7e-m/fpv4-sp/hard/libc.a(lib_a-findfp.o)
                0x000000000002fdac                __sinit
 .text.__sfp_lock_acquire
                0x000000000002fe04        0xc /usr/bin/../lib/gcc/arm-none-eabi/7.3.1/../../../../arm-none-eabi/lib/thumb/v7e-m/fpv4-sp/hard/libc.a(lib_a-findfp.o)
                0x000000000002fe04                __sfp_lock_acquire
 .text.__sfp_lock_release
                0x000000000002fe10        0xc /usr/bin/../lib/gcc/arm-none-eabi/7.3.1/../../../../arm-none-eabi/lib/thumb/v7e-m/fpv4-sp/hard/libc.a(lib_a-findfp.o)
                0x000000000002fe10                __sfp_lock_release
 .text.__libc_fini_array
                0x000000000002fe1c       0x34 /usr/bin/../lib/gcc/arm-none-eabi/7.3.1/../../../../arm-none-eabi/lib/thumb/v7e-m/fpv4-sp/hard/libc.a(lib_a-fini.o)
                0x000000000002fe1c                __libc_fini_array
 .text.__fputwc
                0x000000000002fe50       0xa0 /usr/bin/../lib/gcc/arm-none-eabi/7.3.1/../../../../arm-none-eabi/lib/thumb/v7e-m/fpv4-sp/hard/libc.a(lib_a-fputwc.o)
                0x000000000002fe50                __fputwc
 .text._fputwc_r
                0x000000000002fef0       0x64 /usr/bin/../lib/gcc/arm-none-eabi/7.3.1/../../../../arm-none-eabi/lib/thumb/v7e-m/fpv4-sp/hard/libc.a(lib_a-fputwc.o)
                0x000000000002fef0                _fputwc_r
 .text._malloc_trim_r
                0x000000000002ff54       0xa0 /usr/bin/../lib/gcc/arm-none-eabi/7.3.1/../../../../arm-none-eabi/lib/thumb/v7e-m/fpv4-sp/hard/libc.a(lib_a-freer.o)
                0x000000000002ff54                _malloc_trim_r
 .text._free_r  0x000000000002fff4      0x1e8 /usr/bin/../lib/gcc/arm-none-eabi/7.3.1/../../../../arm-none-eabi/lib/thumb/v7e-m/fpv4-sp/hard/libc.a(lib_a-freer.o)
                0x000000000002fff4                _free_r
 .text.__sfvwrite_r
                0x00000000000301dc      0x2fc /usr/bin/../lib/gcc/arm-none-eabi/7.3.1/../../../../arm-none-eabi/lib/thumb/v7e-m/fpv4-sp/hard/libc.a(lib_a-fvwrite.o)
                0x00000000000301dc                __sfvwrite_r
 .text._fwalk_reent
                0x00000000000304d8       0x54 /usr/bin/../lib/gcc/arm-none-eabi/7.3.1/../../../../arm-none-eabi/lib/thumb/v7e-m/fpv4-sp/hard/libc.a(lib_a-fwalk.o)
                0x00000000000304d8                _fwalk_reent
 .text._localeconv_r
                0x000000000003052c       0x1c /usr/bin/../lib/gcc/arm-none-eabi/7.3.1/../../../../arm-none-eabi/lib/thumb/v7e-m/fpv4-sp/hard/libc.a(lib_a-localeconv.o)
                0x000000000003052c                _localeconv_r
 .text.__retarget_lock_init_recursive
                0x0000000000030548        0x4 /usr/bin/../lib/gcc/arm-none-eabi/7.3.1/../../../../arm-none-eabi/lib/thumb/v7e-m/fpv4-sp/hard/libc.a(lib_a-lock.o)
                0x0000000000030548                __retarget_lock_init_recursive
 .text.__retarget_lock_close_recursive
                0x000000000003054c        0x4 /usr/bin/../lib/gcc/arm-none-eabi/7.3.1/../../../../arm-none-eabi/lib/thumb/v7e-m/fpv4-sp/hard/libc.a(lib_a-lock.o)
                0x000000000003054c                __retarget_lock_close_recursive
 .text.__retarget_lock_acquire_recursive
                0x0000000000030550        0x4 /usr/bin/../lib/gcc/arm-none-eabi/7.3.1/../../../../arm-none-eabi/lib/thumb/v7e-m/fpv4-sp/hard/libc.a(lib_a-lock.o)
                0x0000000000030550                __retarget_lock_acquire_recursive
 .text.__retarget_lock_release_recursive
                0x0000000000030554        0x4 /usr/bin/../lib/gcc/arm-none-eabi/7.3.1/../../../../arm-none-eabi/lib/thumb/v7e-m/fpv4-sp/hard/libc.a(lib_a-lock.o)
                0x0000000000030554                __retarget_lock_release_recursive
 .text.__swhatbuf_r
                0x0000000000030558       0x5c /usr/bin/../lib/gcc/arm-none-eabi/7.3.1/../../../../arm-none-eabi/lib/thumb/v7e-m/fpv4-sp/hard/libc.a(lib_a-makebuf.o)
                0x0000000000030558                __swhatbuf_r
 .text.__smakebuf_r
                0x00000000000305b4       0x94 /usr/bin/../lib/gcc/arm-none-eabi/7.3.1/../../../../arm-none-eabi/lib/thumb/v7e-m/fpv4-sp/hard/libc.a(lib_a-makebuf.o)
                0x00000000000305b4                __smakebuf_r
 .text.malloc   0x0000000000030648       0x10 /usr/bin/../lib/gcc/arm-none-eabi/7.3.1/../../../../arm-none-eabi/lib/thumb/v7e-m/fpv4-sp/hard/libc.a(lib_a-malloc.o)
                0x0000000000030648                malloc
 .text.free     0x0000000000030658       0x10 /usr/bin/../lib/gcc/arm-none-eabi/7.3.1/../../../../arm-none-eabi/lib/thumb/v7e-m/fpv4-sp/hard/libc.a(lib_a-malloc.o)
                0x0000000000030658                free
 .text._malloc_r
                0x0000000000030668      0x548 /usr/bin/../lib/gcc/arm-none-eabi/7.3.1/../../../../arm-none-eabi/lib/thumb/v7e-m/fpv4-sp/hard/libc.a(lib_a-mallocr.o)
                0x0000000000030668                _malloc_r
 .text          0x0000000000030bb0       0xa0 /usr/bin/../lib/gcc/arm-none-eabi/7.3.1/../../../../arm-none-eabi/lib/thumb/v7e-m/fpv4-sp/hard/libc.a(lib_a-memchr.o)
                0x0000000000030bb0                memchr
 .text.memmove  0x0000000000030c50       0xc8 /usr/bin/../lib/gcc/arm-none-eabi/7.3.1/../../../../arm-none-eabi/lib/thumb/v7e-m/fpv4-sp/hard/libc.a(lib_a-memmove.o)
                0x0000000000030c50                memmove
 .text.__malloc_lock
                0x0000000000030d18        0xc /usr/bin/../lib/gcc/arm-none-eabi/7.3.1/../../../../arm-none-eabi/lib/thumb/v7e-m/fpv4-sp/hard/libc.a(lib_a-mlock.o)
                0x0000000000030d18                __malloc_lock
 .text.__malloc_unlock
                0x0000000000030d24        0xc /usr/bin/../lib/gcc/arm-none-eabi/7.3.1/../../../../arm-none-eabi/lib/thumb/v7e-m/fpv4-sp/hard/libc.a(lib_a-mlock.o)
                0x0000000000030d24                __malloc_unlock
 .text._Balloc  0x0000000000030d30       0x4c /usr/bin/../lib/gcc/arm-none-eabi/7.3.1/../../../../arm-none-eabi/lib/thumb/v7e-m/fpv4-sp/hard/libc.a(lib_a-mprec.o)
                0x0000000000030d30                _Balloc
 .text._Bfree   0x0000000000030d7c       0x14 /usr/bin/../lib/gcc/arm-none-eabi/7.3.1/../../../../arm-none-eabi/lib/thumb/v7e-m/fpv4-sp/hard/libc.a(lib_a-mprec.o)
                0x0000000000030d7c                _Bfree
 .text.__multadd
                0x0000000000030d90       0x80 /usr/bin/../lib/gcc/arm-none-eabi/7.3.1/../../../../arm-none-eabi/lib/thumb/v7e-m/fpv4-sp/hard/libc.a(lib_a-mprec.o)
                0x0000000000030d90                __multadd
 .text.__hi0bits
                0x0000000000030e10       0x40 /usr/bin/../lib/gcc/arm-none-eabi/7.3.1/../../../../arm-none-eabi/lib/thumb/v7e-m/fpv4-sp/hard/libc.a(lib_a-mprec.o)
                0x0000000000030e10                __hi0bits
 .text.__lo0bits
                0x0000000000030e50       0x60 /usr/bin/../lib/gcc/arm-none-eabi/7.3.1/../../../../arm-none-eabi/lib/thumb/v7e-m/fpv4-sp/hard/libc.a(lib_a-mprec.o)
                0x0000000000030e50                __lo0bits
 .text.__i2b    0x0000000000030eb0       0x14 /usr/bin/../lib/gcc/arm-none-eabi/7.3.1/../../../../arm-none-eabi/lib/thumb/v7e-m/fpv4-sp/hard/libc.a(lib_a-mprec.o)
                0x0000000000030eb0                __i2b
 .text.__multiply
                0x0000000000030ec4      0x14c /usr/bin/../lib/gcc/arm-none-eabi/7.3.1/../../../../arm-none-eabi/lib/thumb/v7e-m/fpv4-sp/hard/libc.a(lib_a-mprec.o)
                0x0000000000030ec4                __multiply
 .text.__pow5mult
                0x0000000000031010       0xa0 /usr/bin/../lib/gcc/arm-none-eabi/7.3.1/../../../../arm-none-eabi/lib/thumb/v7e-m/fpv4-sp/hard/libc.a(lib_a-mprec.o)
                0x0000000000031010                __pow5mult
 .text.__lshift
                0x00000000000310b0       0xac /usr/bin/../lib/gcc/arm-none-eabi/7.3.1/../../../../arm-none-eabi/lib/thumb/v7e-m/fpv4-sp/hard/libc.a(lib_a-mprec.o)
                0x00000000000310b0                __lshift
 .text.__mcmp   0x000000000003115c       0x38 /usr/bin/../lib/gcc/arm-none-eabi/7.3.1/../../../../arm-none-eabi/lib/thumb/v7e-m/fpv4-sp/hard/libc.a(lib_a-mprec.o)
                0x000000000003115c                __mcmp
 .text.__mdiff  0x0000000000031194       0xec /usr/bin/../lib/gcc/arm-none-eabi/7.3.1/../../../../arm-none-eabi/lib/thumb/v7e-m/fpv4-sp/hard/libc.a(lib_a-mprec.o)
                0x0000000000031194                __mdiff
 .text.__d2b    0x0000000000031280       0xc4 /usr/bin/../lib/gcc/arm-none-eabi/7.3.1/../../../../arm-none-eabi/lib/thumb/v7e-m/fpv4-sp/hard/libc.a(lib_a-mprec.o)
                0x0000000000031280                __d2b
 .text._realloc_r
                0x0000000000031344      0x35c /usr/bin/../lib/gcc/arm-none-eabi/7.3.1/../../../../arm-none-eabi/lib/thumb/v7e-m/fpv4-sp/hard/libc.a(lib_a-reallocr.o)
                0x0000000000031344                _realloc_r
 .text.frexp    0x00000000000316a0       0x68 /usr/bin/../lib/gcc/arm-none-eabi/7.3.1/../../../../arm-none-eabi/lib/thumb/v7e-m/fpv4-sp/hard/libc.a(lib_a-s_frexp.o)
                0x00000000000316a0                frexp
 .text._sbrk_r  0x0000000000031708       0x24 /usr/bin/../lib/gcc/arm-none-eabi/7.3.1/../../../../arm-none-eabi/lib/thumb/v7e-m/fpv4-sp/hard/libc.a(lib_a-sbrkr.o)
                0x0000000000031708                _sbrk_r
 .text.__sread  0x000000000003172c       0x24 /usr/bin/../lib/gcc/arm-none-eabi/7.3.1/../../../../arm-none-eabi/lib/thumb/v7e-m/fpv4-sp/hard/libc.a(lib_a-stdio.o)
                0x000000000003172c                __sread
 .text.__swrite
                0x0000000000031750       0x3c /usr/bin/../lib/gcc/arm-none-eabi/7.3.1/../../../../arm-none-eabi/lib/thumb/v7e-m/fpv4-sp/hard/libc.a(lib_a-stdio.o)
                0x0000000000031750                __swrite
 .text.__sseek  0x000000000003178c       0x20 /usr/bin/../lib/gcc/arm-none-eabi/7.3.1/../../../../arm-none-eabi/lib/thumb/v7e-m/fpv4-sp/hard/libc.a(lib_a-stdio.o)
                0x000000000003178c                __sseek
 .text.__sclose
                0x00000000000317ac        0x8 /usr/bin/../lib/gcc/arm-none-eabi/7.3.1/../../../../arm-none-eabi/lib/thumb/v7e-m/fpv4-sp/hard/libc.a(lib_a-stdio.o)
                0x00000000000317ac                __sclose
 .text.strncpy  0x00000000000317b4       0x64 /usr/bin/../lib/gcc/arm-none-eabi/7.3.1/../../../../arm-none-eabi/lib/thumb/v7e-m/fpv4-sp/hard/libc.a(lib_a-strncpy.o)
                0x00000000000317b4                strncpy
 .text.__swbuf_r
                0x0000000000031818       0xb0 /usr/bin/../lib/gcc/arm-none-eabi/7.3.1/../../../../arm-none-eabi/lib/thumb/v7e-m/fpv4-sp/hard/libc.a(lib_a-wbuf.o)
                0x0000000000031818                __swbuf_r
 .text._wcrtomb_r
                0x00000000000318c8       0x50 /usr/bin/../lib/gcc/arm-none-eabi/7.3.1/../../../../arm-none-eabi/lib/thumb/v7e-m/fpv4-sp/hard/libc.a(lib_a-wcrtomb.o)
                0x00000000000318c8                _wcrtomb_r
 .text.__register_exitproc
                0x0000000000031918       0xc0 /usr/bin/../lib/gcc/arm-none-eabi/7.3.1/../../../../arm-none-eabi/lib/thumb/v7e-m/fpv4-sp/hard/libc.a(lib_a-__atexit.o)
                0x0000000000031918                __register_exitproc
 .text._calloc_r
                0x00000000000319d8       0x68 /usr/bin/../lib/gcc/arm-none-eabi/7.3.1/../../../../arm-none-eabi/lib/thumb/v7e-m/fpv4-sp/hard/libc.a(lib_a-callocr.o)
                0x00000000000319d8                _calloc_r
 .text._close_r
                0x0000000000031a40       0x24 /usr/bin/../lib/gcc/arm-none-eabi/7.3.1/../../../../arm-none-eabi/lib/thumb/v7e-m/fpv4-sp/hard/libc.a(lib_a-closer.o)
                0x0000000000031a40                _close_r
 .text._fclose_r
                0x0000000000031a64       0xd0 /usr/bin/../lib/gcc/arm-none-eabi/7.3.1/../../../../arm-none-eabi/lib/thumb/v7e-m/fpv4-sp/hard/libc.a(lib_a-fclose.o)
                0x0000000000031a64                _fclose_r
 .text._fstat_r
                0x0000000000031b34       0x28 /usr/bin/../lib/gcc/arm-none-eabi/7.3.1/../../../../arm-none-eabi/lib/thumb/v7e-m/fpv4-sp/hard/libc.a(lib_a-fstatr.o)
                0x0000000000031b34                _fstat_r
 .text._isatty_r
                0x0000000000031b5c       0x24 /usr/bin/../lib/gcc/arm-none-eabi/7.3.1/../../../../arm-none-eabi/lib/thumb/v7e-m/fpv4-sp/hard/libc.a(lib_a-isattyr.o)
                0x0000000000031b5c                _isatty_r
 .text._lseek_r
                0x0000000000031b80       0x2c /usr/bin/../lib/gcc/arm-none-eabi/7.3.1/../../../../arm-none-eabi/lib/thumb/v7e-m/fpv4-sp/hard/libc.a(lib_a-lseekr.o)
                0x0000000000031b80                _lseek_r
 .text._read_r  0x0000000000031bac       0x2c /usr/bin/../lib/gcc/arm-none-eabi/7.3.1/../../../../arm-none-eabi/lib/thumb/v7e-m/fpv4-sp/hard/libc.a(lib_a-readr.o)
                0x0000000000031bac                _read_r
 .text._close   0x0000000000031bd8       0x10 /usr/bin/../lib/gcc/arm-none-eabi/7.3.1/../../../../arm-none-eabi/lib/thumb/v7e-m/fpv4-sp/hard/libnosys.a(close.o)
                0x0000000000031bd8                _close
 .text._fstat   0x0000000000031be8       0x10 /usr/bin/../lib/gcc/arm-none-eabi/7.3.1/../../../../arm-none-eabi/lib/thumb/v7e-m/fpv4-sp/hard/libnosys.a(fstat.o)
                0x0000000000031be8                _fstat
 .text._isatty  0x0000000000031bf8       0x10 /usr/bin/../lib/gcc/arm-none-eabi/7.3.1/../../../../arm-none-eabi/lib/thumb/v7e-m/fpv4-sp/hard/libnosys.a(isatty.o)
                0x0000000000031bf8                _isatty
 .text._lseek   0x0000000000031c08       0x10 /usr/bin/../lib/gcc/arm-none-eabi/7.3.1/../../../../arm-none-eabi/lib/thumb/v7e-m/fpv4-sp/hard/libnosys.a(lseek.o)
                0x0000000000031c08                _lseek
 .text._read    0x0000000000031c18       0x10 /usr/bin/../lib/gcc/arm-none-eabi/7.3.1/../../../../arm-none-eabi/lib/thumb/v7e-m/fpv4-sp/hard/libnosys.a(read.o)
                0x0000000000031c18                _read
 .text._sbrk    0x0000000000031c28       0x1c /usr/bin/../lib/gcc/arm-none-eabi/7.3.1/../../../../arm-none-eabi/lib/thumb/v7e-m/fpv4-sp/hard/libnosys.a(sbrk.o)
                0x0000000000031c28                _sbrk
 .text._exit    0x0000000000031c44        0x4 /usr/bin/../lib/gcc/arm-none-eabi/7.3.1/../../../../arm-none-eabi/lib/thumb/v7e-m/fpv4-sp/hard/libnosys.a(_exit.o)
                0x0000000000031c44                _exit
 .text.powf     0x0000000000031c48      0x324 /usr/bin/../lib/gcc/arm-none-eabi/7.3.1/../../../../arm-none-eabi/lib/thumb/v7e-m/fpv4-sp/hard/libm.a(lib_a-wf_pow.o)
                0x0000000000031c48                powf
 .text.__ieee754_powf
                0x0000000000031f6c      0x5e4 /usr/bin/../lib/gcc/arm-none-eabi/7.3.1/../../../../arm-none-eabi/lib/thumb/v7e-m/fpv4-sp/hard/libm.a(lib_a-ef_pow.o)
                0x0000000000031f6c                __ieee754_powf
 .text.__ieee754_sqrtf
                0x0000000000032550        0x8 /usr/bin/../lib/gcc/arm-none-eabi/7.3.1/../../../../arm-none-eabi/lib/thumb/v7e-m/fpv4-sp/hard/libm.a(lib_a-ef_sqrt.o)
                0x0000000000032550                __ieee754_sqrtf
 .text.matherr  0x0000000000032558        0x4 /usr/bin/../lib/gcc/arm-none-eabi/7.3.1/../../../../arm-none-eabi/lib/thumb/v7e-m/fpv4-sp/hard/libm.a(lib_a-s_matherr.o)
                0x0000000000032558                matherr
 .text.fabsf    0x000000000003255c       0x10 /usr/bin/../lib/gcc/arm-none-eabi/7.3.1/../../../../arm-none-eabi/lib/thumb/v7e-m/fpv4-sp/hard/libm.a(lib_a-sf_fabs.o)
                0x000000000003255c                fabsf
 .text.finitef  0x000000000003256c       0x14 /usr/bin/../lib/gcc/arm-none-eabi/7.3.1/../../../../arm-none-eabi/lib/thumb/v7e-m/fpv4-sp/hard/libm.a(lib_a-sf_finite.o)
                0x000000000003256c                finitef
 .text.nanf     0x0000000000032580        0xc /usr/bin/../lib/gcc/arm-none-eabi/7.3.1/../../../../arm-none-eabi/lib/thumb/v7e-m/fpv4-sp/hard/libm.a(lib_a-sf_nan.o)
                0x0000000000032580                nanf
 .text.rintf    0x000000000003258c       0xc0 /usr/bin/../lib/gcc/arm-none-eabi/7.3.1/../../../../arm-none-eabi/lib/thumb/v7e-m/fpv4-sp/hard/libm.a(lib_a-sf_rint.o)
                0x000000000003258c                rintf
 .text.scalbnf  0x000000000003264c       0xd0 /usr/bin/../lib/gcc/arm-none-eabi/7.3.1/../../../../arm-none-eabi/lib/thumb/v7e-m/fpv4-sp/hard/libm.a(lib_a-sf_scalbn.o)
                0x000000000003264c                scalbnf
 .text.copysignf
                0x000000000003271c       0x18 /usr/bin/../lib/gcc/arm-none-eabi/7.3.1/../../../../arm-none-eabi/lib/thumb/v7e-m/fpv4-sp/hard/libm.a(lib_a-sf_copysign.o)
                0x000000000003271c                copysignf
 .text.__errno  0x0000000000032734        0xc /usr/bin/../lib/gcc/arm-none-eabi/7.3.1/../../../../arm-none-eabi/lib/thumb/v7e-m/fpv4-sp/hard/libc.a(lib_a-errno.o)
                0x0000000000032734                __errno
 .text          0x0000000000032740      0x378 /usr/bin/../lib/gcc/arm-none-eabi/7.3.1/thumb/v7e-m/fpv4-sp/hard/libgcc.a(_arm_addsubdf3.o)
                0x0000000000032740                __aeabi_drsub
                0x0000000000032748                __aeabi_dsub
                0x0000000000032748                __subdf3
                0x000000000003274c                __adddf3
                0x000000000003274c                __aeabi_dadd
                0x00000000000329c4                __aeabi_ui2d
                0x00000000000329c4                __floatunsidf
                0x00000000000329e4                __floatsidf
                0x00000000000329e4                __aeabi_i2d
                0x0000000000032a08                __extendsfdf2
                0x0000000000032a08                __aeabi_f2d
                0x0000000000032a4c                __aeabi_ul2d
                0x0000000000032a4c                __floatundidf
                0x0000000000032a5c                __floatdidf
                0x0000000000032a5c                __aeabi_l2d
 .text          0x0000000000032ab8      0x424 /usr/bin/../lib/gcc/arm-none-eabi/7.3.1/thumb/v7e-m/fpv4-sp/hard/libgcc.a(_arm_muldivdf3.o)
                0x0000000000032ab8                __aeabi_dmul
                0x0000000000032ab8                __muldf3
                0x0000000000032d0c                __aeabi_ddiv
                0x0000000000032d0c                __divdf3
 .text          0x0000000000032edc      0x110 /usr/bin/../lib/gcc/arm-none-eabi/7.3.1/thumb/v7e-m/fpv4-sp/hard/libgcc.a(_arm_cmpdf2.o)
                0x0000000000032edc                __gtdf2
                0x0000000000032edc                __gedf2
                0x0000000000032ee4                __ltdf2
                0x0000000000032ee4                __ledf2
                0x0000000000032eec                __cmpdf2
                0x0000000000032eec                __eqdf2
                0x0000000000032eec                __nedf2
                0x0000000000032f68                __aeabi_cdrcmple
                0x0000000000032f78                __aeabi_cdcmple
                0x0000000000032f78                __aeabi_cdcmpeq
                0x0000000000032f88                __aeabi_dcmpeq
                0x0000000000032f9c                __aeabi_dcmplt
                0x0000000000032fb0                __aeabi_dcmple
                0x0000000000032fc4                __aeabi_dcmpge
                0x0000000000032fd8                __aeabi_dcmpgt
 .text          0x0000000000032fec       0x2c /usr/bin/../lib/gcc/arm-none-eabi/7.3.1/thumb/v7e-m/fpv4-sp/hard/libgcc.a(_arm_unorddf2.o)
                0x0000000000032fec                __aeabi_dcmpun
                0x0000000000032fec                __unorddf2
 .text          0x0000000000033018       0x50 /usr/bin/../lib/gcc/arm-none-eabi/7.3.1/thumb/v7e-m/fpv4-sp/hard/libgcc.a(_arm_fixdfsi.o)
                0x0000000000033018                __fixdfsi
                0x0000000000033018                __aeabi_d2iz
 .text          0x0000000000033068       0xa0 /usr/bin/../lib/gcc/arm-none-eabi/7.3.1/thumb/v7e-m/fpv4-sp/hard/libgcc.a(_arm_truncdfsf2.o)
                0x0000000000033068                __aeabi_d2f
                0x0000000000033068                __truncdfsf2
 .text          0x0000000000033108       0x30 /usr/bin/../lib/gcc/arm-none-eabi/7.3.1/thumb/v7e-m/fpv4-sp/hard/libgcc.a(_aeabi_uldivmod.o)
                0x0000000000033108                __aeabi_uldivmod
 .text          0x0000000000033138      0x2cc /usr/bin/../lib/gcc/arm-none-eabi/7.3.1/thumb/v7e-m/fpv4-sp/hard/libgcc.a(_udivmoddi4.o)
                0x0000000000033138                __udivmoddi4
 .text          0x0000000000033404        0x4 /usr/bin/../lib/gcc/arm-none-eabi/7.3.1/thumb/v7e-m/fpv4-sp/hard/libgcc.a(_dvmd_tls.o)
                0x0000000000033404                __aeabi_ldiv0
                0x0000000000033404                __aeabi_idiv0
 *(.init)
 .init          0x0000000000033408        0x4 /usr/bin/../lib/gcc/arm-none-eabi/7.3.1/thumb/v7e-m/fpv4-sp/hard/crti.o
                0x0000000000033408                _init
 .init          0x000000000003340c        0x8 /usr/bin/../lib/gcc/arm-none-eabi/7.3.1/thumb/v7e-m/fpv4-sp/hard/crtn.o
 *(.fini)
 .fini          0x0000000000033414        0x4 /usr/bin/../lib/gcc/arm-none-eabi/7.3.1/thumb/v7e-m/fpv4-sp/hard/crti.o
                0x0000000000033414                _fini
 .fini          0x0000000000033418        0x8 /usr/bin/../lib/gcc/arm-none-eabi/7.3.1/thumb/v7e-m/fpv4-sp/hard/crtn.o
 *crtbegin.o(.ctors)
 *crtbegin?.o(.ctors)
 *(EXCLUDE_FILE(*crtend.o *crtend?.o) .ctors)
 *(SORT_BY_NAME(.ctors.*))
 *(.ctors)
 *crtbegin.o(.dtors)
 *crtbegin?.o(.dtors)
 *(EXCLUDE_FILE(*crtend.o *crtend?.o) .dtors)
 *(SORT_BY_NAME(.dtors.*))
 *(.dtors)
 *(.rodata*)
 .rodata        0x0000000000033420       0x30 _build/main.o
 .rodata.main.str1.1
                0x0000000000033450       0x7e _build/main.o
 *fill*         0x00000000000334ce        0x2 
 .rodata.twi_mngr_instance
                0x00000000000334d0       0x18 _build/main.o
 .rodata.get_ble_adv.str1.1
                0x00000000000334e8       0x24 _build/ble_adv.o
 .rodata.light_timer_callback.str1.1
                0x000000000003350c       0x27 _build/ble_adv.o
 .rodata.str1.1
                0x0000000000033533        0x6 _build/ble_adv.o
 *fill*         0x0000000000033539        0x3 
 .rodata        0x000000000003353c        0x8 _build/ultrasonic.o
 .rodata.TIMER_ULTRASONIC
                0x0000000000033544        0x8 _build/ultrasonic.o
                0x0000000000033544                TIMER_ULTRASONIC
 *fill*         0x000000000003354c        0x4 
 .rodata.delay_machine_code.9373
                0x0000000000033550        0x6 _build/ultrasonic.o
 .rodata.getDistance.str1.1
                0x0000000000033556       0x14 _build/ultrasonic.o
 .rodata.getDistanceKalman.str1.1
                0x000000000003356a       0x32 _build/ultrasonic.o
                                         0x34 (size before relaxing)
 .rodata.nrf_gpio_pin_port_decode.isra.0.part.1.str1.1
                0x000000000003359c       0x43 _build/ultrasonic.o
 .rodata.start_timer_rev1.str1.1
                0x00000000000335df       0x14 _build/ultrasonic.o
 *fill*         0x00000000000335f3        0xd 
 .rodata.delay_machine_code.8820
                0x0000000000033600        0x6 _build/display.o
 .rodata.display_init.str1.1
                0x0000000000033606       0x5b _build/display.o
 .rodata.kobukiInit.str1.1
                0x0000000000033661       0x5e _build/kobukiUtilities.o
 .rodata.app_error_fault_handler.str1.1
                0x00000000000336bf       0xb7 _build/better_error_handling.o
 *fill*         0x0000000000033776        0xa 
 .rodata.delay_machine_code.8629
                0x0000000000033780        0x6 _build/better_error_handling.o
 *fill*         0x0000000000033786        0x2 
 .rodata        0x0000000000033788        0x8 _build/lsm9ds1.o
 .rodata.gyro_timer
                0x0000000000033790        0x8 _build/lsm9ds1.o
 .rodata.i2c_reg_write.str1.1
                0x0000000000033798       0x57 _build/lsm9ds1.o
 .rodata.opt3004_continuous.str1.1
                0x00000000000337ef       0x3c _build/opt3004.o
 .rodata.opt3004_write_reg.constprop.0.str1.1
                0x000000000003382b       0x57 _build/opt3004.o
 .rodata._DoInit.str1.1
                0x0000000000033882       0x14 _build/SEGGER_RTT.o
 *fill*         0x0000000000033896        0xa 
 .rodata.delay_machine_code.9273
                0x00000000000338a0        0x6 _build/app_timer.o
 .rodata.app_util_critical_region_enter.str1.1
                0x00000000000338a6       0x55 _build/app_util_platform.o
 .rodata.HardFault_c_handler.str1.1
                0x00000000000338fb      0x12e _build/hardfault_implementation.o
 *fill*         0x0000000000033a29        0x3 
 .rodata.cfsr_msgs.9468
                0x0000000000033a2c       0x68 _build/hardfault_implementation.o
 .rodata.str1.1
                0x0000000000033a94      0x4c0 _build/hardfault_implementation.o
 .rodata.nrf_balloc_init.str1.1
                0x0000000000033f54       0x50 _build/nrf_balloc.o
 .rodata.nrf_drv_clock_uninit.str1.1
                0x0000000000033fa4       0x4f _build/nrf_drv_clock.o
 .rodata.str1.1
                0x0000000000033ff3        0x6 _build/nrf_drv_clock.o
 *fill*         0x0000000000033ff9        0x3 
 .rodata        0x0000000000033ffc       0x10 _build/nrf_drv_spi.o
 *fill*         0x000000000003400c        0x4 
 .rodata.delay_machine_code.8617
                0x0000000000034010        0x6 _build/nrf_drv_twi.o
 .rodata.nrf_gpio_pin_port_decode.isra.0.part.1.str1.1
                0x0000000000034016       0x43 _build/nrf_drv_twi.o
 .rodata.nrf_fprintf_buffer_flush.str1.1
                0x0000000000034016       0x46 _build/nrf_fprintf.o
 .rodata._aV2C.7562
                0x000000000003405c       0x10 _build/nrf_fprintf_format.o
 .rodata.nrf_fprintf_fmt.str1.1
                0x000000000003406c       0x4d _build/nrf_fprintf_format.o
 .rodata.str1.1
                0x00000000000340b9        0xd _build/nrf_fstorage.o
 *fill*         0x00000000000340c6        0xa 
 .rodata.delay_machine_code.9549
                0x00000000000340d0        0x6 _build/nrf_log_backend_rtt.o
 *fill*         0x00000000000340d6        0x2 
 .rodata.nrf_log_backend_rtt_api
                0x00000000000340d8        0xc _build/nrf_log_backend_rtt.o
                0x00000000000340d8                nrf_log_backend_rtt_api
 .rodata.nrf_log_default_backends_init.str1.1
                0x00000000000340e4       0x5f _build/nrf_log_default_backends.o
 .rodata.str1.1
                0x0000000000034143       0x10 _build/nrf_log_default_backends.o
 .rodata.buf_prealloc.str1.1
                0x0000000000034153       0x57 _build/nrf_log_frontend.o
 *fill*         0x00000000000341aa        0x2 
 .rodata.m_log_push_ringbuf
                0x00000000000341ac        0xc _build/nrf_log_frontend.o
 .rodata.nrf_log_frontend_dequeue.str1.1
                0x00000000000341b8       0x11 _build/nrf_log_frontend.o
 .rodata.str1.1
                0x00000000000341c9        0x4 _build/nrf_log_frontend.o
 *fill*         0x00000000000341cd        0x3 
 .rodata.m_colors
                0x00000000000341d0       0x24 _build/nrf_log_str_formatter.o
 .rodata.nrf_log_hexdump_entry_process.str1.1
                0x00000000000341f4        0xf _build/nrf_log_str_formatter.o
                                         0x11 (size before relaxing)
 .rodata.postfix_process.str1.1
                0x0000000000034203        0x8 _build/nrf_log_str_formatter.o
                                          0xb (size before relaxing)
 .rodata.prefix_process.str1.1
                0x000000000003420b       0x2a _build/nrf_log_str_formatter.o
 *fill*         0x0000000000034235        0x3 
 .rodata.severity_names
                0x0000000000034238       0x14 _build/nrf_log_str_formatter.o
 .rodata.str1.1
                0x000000000003424c       0x4b _build/nrf_log_str_formatter.o
                                         0x51 (size before relaxing)
 .rodata.memobj_op.str1.1
                0x0000000000034297       0x50 _build/nrf_memobj.o
 *fill*         0x00000000000342e7        0x1 
 .rodata.pwr_mgmt_data
                0x00000000000342e8        0xc _build/nrf_pwr_mgmt.o
 .rodata.str1.1
                0x00000000000342f4        0x9 _build/nrf_pwr_mgmt.o
 .rodata.nrf_queue_next_idx.str1.1
                0x00000000000342fd       0x4e _build/nrf_queue.o
 .rodata.nrf_section_iter_init.str1.1
                0x000000000003434b       0x69 _build/nrf_section_iter.o
 .rodata.m_unknown_str
                0x00000000000343b4       0x13 _build/nrf_strerror.o
 *fill*         0x00000000000343c7        0x1 
 .rodata.nrf_strerror_array
                0x00000000000343c8      0x128 _build/nrf_strerror.o
 .rodata.str1.1
                0x00000000000344f0      0x3ba _build/nrf_strerror.o
 .rodata.transaction_end_signal.str1.1
                0x00000000000348aa       0x54 _build/nrf_twi_mngr.o
 .rodata.nrfx_clock_init.str1.1
                0x00000000000348fe       0x4d _build/nrfx_clock.o
 .rodata.str1.1
                0x000000000003494b        0x6 _build/nrfx_clock.o
 .rodata.nrf_gpio_pin_port_decode.isra.0.part.1.str1.1
                0x0000000000034951       0x43 _build/nrfx_gpiote.o
 .rodata.nrfx_gpiote_out_init.str1.1
                0x0000000000034951       0x4e _build/nrfx_gpiote.o
 .rodata.str1.1
                0x000000000003499f        0x7 _build/nrfx_gpiote.o
 .rodata.str1.1
                0x00000000000349a6        0x4 _build/nrfx_ppi.o
 .rodata.UARTE0_UART0_IRQHandler.str1.1
                0x00000000000349aa       0x4f _build/nrfx_prs.o
 .rodata.str1.1
                0x00000000000349f9        0x4 _build/nrfx_prs.o
 .rodata.str1.1
                0x00000000000349fd        0x4 _build/nrfx_pwm.o
 .rodata.str1.1
                0x0000000000034a01        0x6 _build/nrfx_saadc.o
 .rodata.SPIM1_SPIS1_TWIM1_TWIS1_SPI1_TWI1_IRQHandler.str1.1
                0x0000000000034a07       0x4c _build/nrfx_spim.o
 .rodata.nrf_gpio_pin_port_decode.isra.0.part.1.str1.1
                0x0000000000034a53       0x43 _build/nrfx_spim.o
 .rodata.nrfx_spim_init.str1.1
                0x0000000000034a53       0x44 _build/nrfx_spim.o
 .rodata.str1.1
                0x0000000000034a97        0x5 _build/nrfx_spim.o
 .rodata.nrfx_timer_init.str1.1
                0x0000000000034a9c       0x4d _build/nrfx_timer.o
                                         0x91 (size before relaxing)
 .rodata.str1.1
                0x0000000000034ae9        0x6 _build/nrfx_timer.o
 .rodata.SPIM0_SPIS0_TWIM0_TWIS0_SPI0_TWI0_IRQHandler.str1.1
                0x0000000000034aef       0x4c _build/nrfx_twim.o
 .rodata.nrfx_twim_init.str1.1
                0x0000000000034b3b       0x87 _build/nrfx_twim.o
 .rodata.str1.1
                0x0000000000034b3b        0x5 _build/nrfx_twim.o
 .rodata.str1.1
                0x0000000000034b40        0x5 _build/nrfx_uart.o
 .rodata.str1.1
                0x0000000000034b45        0x6 _build/nrfx_uarte.o
 .rodata.data_length_update.str1.1
                0x0000000000034b4b       0xdf _build/nrf_ble_gatt.o
 .rodata.nrf_ble_gatt_on_ble_evt.str1.1
                0x0000000000034c2a       0x60 _build/nrf_ble_gatt.o
 .rodata.str1.1
                0x0000000000034c8a        0xd _build/nrf_ble_gatt.o
 .rodata        0x0000000000034c97        0x4 _build/nrf_sdh.o
 *fill*         0x0000000000034c9b        0x1 
 .rodata.sdh_req_observers
                0x0000000000034c9c        0xc _build/nrf_sdh.o
 .rodata.sdh_stack_observers
                0x0000000000034ca8        0xc _build/nrf_sdh.o
 .rodata.sdh_state_observers
                0x0000000000034cb4        0xc _build/nrf_sdh.o
 .rodata.softdevices_evt_irq_enable.str1.1
                0x0000000000034cc0       0x4e _build/nrf_sdh.o
 .rodata.str1.1
                0x0000000000034d0e        0x8 _build/nrf_sdh.o
 .rodata.nrf_sdh_ble_default_cfg_set.str1.1
                0x0000000000034d16      0x1c9 _build/nrf_sdh_ble.o
 .rodata.nrf_sdh_ble_enable.str1.1
                0x0000000000034edf       0xa7 _build/nrf_sdh_ble.o
 .rodata.nrf_sdh_ble_evts_poll.part.0.str1.1
                0x0000000000034f86       0x52 _build/nrf_sdh_ble.o
 .rodata.sdh_ble_observers
                0x0000000000034fd8        0xc _build/nrf_sdh_ble.o
 .rodata.str1.1
                0x0000000000034fe4        0xc _build/nrf_sdh_ble.o
 .rodata.CONN_SUP_TIMEOUT
                0x0000000000034ff0        0x4 _build/simple_ble.o
                0x0000000000034ff0                CONN_SUP_TIMEOUT
 .rodata.FIRST_CONN_PARAMS_UPDATE_DELAY
                0x0000000000034ff4        0x4 _build/simple_ble.o
                0x0000000000034ff4                FIRST_CONN_PARAMS_UPDATE_DELAY
 .rodata.SLAVE_LATENCY
                0x0000000000034ff8        0x4 _build/simple_ble.o
                0x0000000000034ff8                SLAVE_LATENCY
 .rodata.assert_nrf_callback.str1.1
                0x0000000000034ffc       0x25 _build/simple_ble.o
 .rodata.on_ble_evt.str1.1
                0x0000000000035021       0x51 _build/simple_ble.o
 .rodata.simple_ble_init.str1.1
                0x0000000000035072       0x4b _build/simple_ble.o
 *fill*         0x00000000000350bd        0x3 
 .rodata._global_impure_ptr
                0x00000000000350c0        0x4 /usr/bin/../lib/gcc/arm-none-eabi/7.3.1/../../../../arm-none-eabi/lib/thumb/v7e-m/fpv4-sp/hard/libc.a(lib_a-impure.o)
                0x00000000000350c0                _global_impure_ptr
 .rodata._setlocale_r.str1.4
                0x00000000000350c4        0xa /usr/bin/../lib/gcc/arm-none-eabi/7.3.1/../../../../arm-none-eabi/lib/thumb/v7e-m/fpv4-sp/hard/libc.a(lib_a-locale.o)
                                          0xd (size before relaxing)
 *fill*         0x00000000000350ce        0x2 
 .rodata.str1.4
                0x00000000000350d0        0x2 /usr/bin/../lib/gcc/arm-none-eabi/7.3.1/../../../../arm-none-eabi/lib/thumb/v7e-m/fpv4-sp/hard/libc.a(lib_a-locale.o)
 *fill*         0x00000000000350d2        0x2 
 .rodata._vfprintf_r.str1.4
                0x00000000000350d4       0x42 /usr/bin/../lib/gcc/arm-none-eabi/7.3.1/../../../../arm-none-eabi/lib/thumb/v7e-m/fpv4-sp/hard/libc.a(lib_a-vfprintf.o)
 *fill*         0x0000000000035116        0x2 
 .rodata.blanks.8605
                0x0000000000035118       0x10 /usr/bin/../lib/gcc/arm-none-eabi/7.3.1/../../../../arm-none-eabi/lib/thumb/v7e-m/fpv4-sp/hard/libc.a(lib_a-vfprintf.o)
 .rodata.zeroes.8606
                0x0000000000035128       0x10 /usr/bin/../lib/gcc/arm-none-eabi/7.3.1/../../../../arm-none-eabi/lib/thumb/v7e-m/fpv4-sp/hard/libc.a(lib_a-vfprintf.o)
 .rodata._ctype_
                0x0000000000035138      0x101 /usr/bin/../lib/gcc/arm-none-eabi/7.3.1/../../../../arm-none-eabi/lib/thumb/v7e-m/fpv4-sp/hard/libc.a(lib_a-ctype_.o)
                0x0000000000035138                _ctype_
 *fill*         0x0000000000035239        0x3 
 .rodata._dtoa_r.str1.4
                0x000000000003523c       0x10 /usr/bin/../lib/gcc/arm-none-eabi/7.3.1/../../../../arm-none-eabi/lib/thumb/v7e-m/fpv4-sp/hard/libc.a(lib_a-dtoa.o)
                                         0x12 (size before relaxing)
 *fill*         0x000000000003524c        0x4 
 .rodata.__mprec_bigtens
                0x0000000000035250       0x28 /usr/bin/../lib/gcc/arm-none-eabi/7.3.1/../../../../arm-none-eabi/lib/thumb/v7e-m/fpv4-sp/hard/libc.a(lib_a-mprec.o)
                0x0000000000035250                __mprec_bigtens
 .rodata.__mprec_tens
                0x0000000000035278       0xc8 /usr/bin/../lib/gcc/arm-none-eabi/7.3.1/../../../../arm-none-eabi/lib/thumb/v7e-m/fpv4-sp/hard/libc.a(lib_a-mprec.o)
                0x0000000000035278                __mprec_tens
 .rodata.p05.7367
                0x0000000000035340        0xc /usr/bin/../lib/gcc/arm-none-eabi/7.3.1/../../../../arm-none-eabi/lib/thumb/v7e-m/fpv4-sp/hard/libc.a(lib_a-mprec.o)
 .rodata.powf.str1.4
                0x000000000003534c        0x8 /usr/bin/../lib/gcc/arm-none-eabi/7.3.1/../../../../arm-none-eabi/lib/thumb/v7e-m/fpv4-sp/hard/libm.a(lib_a-wf_pow.o)
                                          0x5 (size before relaxing)
 .rodata.__ieee754_powf.str1.4
                0x0000000000035354        0x1 /usr/bin/../lib/gcc/arm-none-eabi/7.3.1/../../../../arm-none-eabi/lib/thumb/v7e-m/fpv4-sp/hard/libm.a(lib_a-ef_pow.o)
 .rodata.TWO23  0x0000000000035354        0x8 /usr/bin/../lib/gcc/arm-none-eabi/7.3.1/../../../../arm-none-eabi/lib/thumb/v7e-m/fpv4-sp/hard/libm.a(lib_a-sf_rint.o)
 *(.eh_frame*)
 .eh_frame      0x000000000003535c        0x0 /usr/bin/../lib/gcc/arm-none-eabi/7.3.1/thumb/v7e-m/fpv4-sp/hard/crtbegin.o
 .eh_frame      0x000000000003535c        0x4 /usr/bin/../lib/gcc/arm-none-eabi/7.3.1/thumb/v7e-m/fpv4-sp/hard/crtend.o

.glue_7         0x0000000000035360        0x0
 .glue_7        0x0000000000035360        0x0 linker stubs

.glue_7t        0x0000000000035360        0x0
 .glue_7t       0x0000000000035360        0x0 linker stubs

.vfp11_veneer   0x0000000000035360        0x0
 .vfp11_veneer  0x0000000000035360        0x0 linker stubs

.v4_bx          0x0000000000035360        0x0
 .v4_bx         0x0000000000035360        0x0 linker stubs

.iplt           0x0000000000035360        0x0
 .iplt          0x0000000000035360        0x0 /usr/bin/../lib/gcc/arm-none-eabi/7.3.1/thumb/v7e-m/fpv4-sp/hard/crtbegin.o

.mem_section_dummy_rom

.sdh_soc_observers
                0x0000000000035360       0x10
                [!provide]                        PROVIDE (__start_sdh_soc_observers = .)
 *(SORT_BY_NAME(.sdh_soc_observers*))
 .sdh_soc_observers0
                0x0000000000035360        0x8 _build/nrf_drv_clock.o
 .sdh_soc_observers1
                0x0000000000035368        0x8 _build/simple_ble.o
                [!provide]                        PROVIDE (__stop_sdh_soc_observers = .)

.crypto_data    0x0000000000035370        0x0
                [!provide]                        PROVIDE (__start_crypto_data = .)
 *(SORT_BY_NAME(.crypto_data*))
                [!provide]                        PROVIDE (__stop_crypto_data = .)

.log_const_data
                0x0000000000035370       0x98
                0x0000000000035370                PROVIDE (__start_log_const_data = .)
 *(SORT_BY_NAME(.log_const_data*))
 .log_const_data_CLOCK
                0x0000000000035370        0x8 _build/nrfx_clock.o
                0x0000000000035370                m_nrf_log_CLOCK_logs_data_const
 .log_const_data_GPIOTE
                0x0000000000035378        0x8 _build/nrfx_gpiote.o
                0x0000000000035378                m_nrf_log_GPIOTE_logs_data_const
 .log_const_data_PPI
                0x0000000000035380        0x8 _build/nrfx_ppi.o
                0x0000000000035380                m_nrf_log_PPI_logs_data_const
 .log_const_data_PRS
                0x0000000000035388        0x8 _build/nrfx_prs.o
                0x0000000000035388                m_nrf_log_PRS_logs_data_const
 .log_const_data_PWM
                0x0000000000035390        0x8 _build/nrfx_pwm.o
                0x0000000000035390                m_nrf_log_PWM_logs_data_const
 .log_const_data_SAADC
                0x0000000000035398        0x8 _build/nrfx_saadc.o
                0x0000000000035398                m_nrf_log_SAADC_logs_data_const
 .log_const_data_SPIM
                0x00000000000353a0        0x8 _build/nrfx_spim.o
                0x00000000000353a0                m_nrf_log_SPIM_logs_data_const
 .log_const_data_TIMER
                0x00000000000353a8        0x8 _build/nrfx_timer.o
                0x00000000000353a8                m_nrf_log_TIMER_logs_data_const
 .log_const_data_TWIM
                0x00000000000353b0        0x8 _build/nrfx_twim.o
                0x00000000000353b0                m_nrf_log_TWIM_logs_data_const
 .log_const_data_UART
                0x00000000000353b8        0x8 _build/nrfx_uart.o
                0x00000000000353b8                m_nrf_log_UART_logs_data_const
 .log_const_data_UARTE
                0x00000000000353c0        0x8 _build/nrfx_uarte.o
                0x00000000000353c0                m_nrf_log_UARTE_logs_data_const
 .log_const_data_app
                0x00000000000353c8        0x8 _build/nrf_log_frontend.o
                0x00000000000353c8                m_nrf_log_app_logs_data_const
 .log_const_data_clock
                0x00000000000353d0        0x8 _build/nrf_drv_clock.o
                0x00000000000353d0                m_nrf_log_clock_logs_data_const
 .log_const_data_hardfault
                0x00000000000353d8        0x8 _build/hardfault_implementation.o
                0x00000000000353d8                m_nrf_log_hardfault_logs_data_const
 .log_const_data_nrf_ble_gatt
                0x00000000000353e0        0x8 _build/nrf_ble_gatt.o
                0x00000000000353e0                m_nrf_log_nrf_ble_gatt_logs_data_const
 .log_const_data_nrf_fstorage
                0x00000000000353e8        0x8 _build/nrf_fstorage.o
                0x00000000000353e8                m_nrf_log_nrf_fstorage_logs_data_const
 .log_const_data_nrf_sdh
                0x00000000000353f0        0x8 _build/nrf_sdh.o
                0x00000000000353f0                m_nrf_log_nrf_sdh_logs_data_const
 .log_const_data_nrf_sdh_ble
                0x00000000000353f8        0x8 _build/nrf_sdh_ble.o
                0x00000000000353f8                m_nrf_log_nrf_sdh_ble_logs_data_const
 .log_const_data_pwr_mgmt
                0x0000000000035400        0x8 _build/nrf_pwr_mgmt.o
                0x0000000000035400                m_nrf_log_pwr_mgmt_logs_data_const
                0x0000000000035408                PROVIDE (__stop_log_const_data = .)

.nrf_balloc     0x0000000000035408       0x14
                [!provide]                        PROVIDE (__start_nrf_balloc = .)
 *(.nrf_balloc)
 .nrf_balloc    0x0000000000035408       0x14 _build/nrf_log_frontend.o
                0x0000000000035408                log_mempool
                [!provide]                        PROVIDE (__stop_nrf_balloc = .)

.nrf_queue      0x000000000003541c       0x3c
                [!provide]                        PROVIDE (__start_nrf_queue = .)
 *(.nrf_queue)
 .nrf_queue     0x000000000003541c       0x14 _build/main.o
                0x000000000003541c                twi_mngr_instance_queue
 .nrf_queue     0x0000000000035430       0x28 _build/kobukiUtilities.o
                0x0000000000035430                serial_queues_txq
                0x0000000000035444                serial_queues_rxq
                [!provide]                        PROVIDE (__stop_nrf_queue = .)

.sdh_state_observers
                0x0000000000035458        0x8
                0x0000000000035458                PROVIDE (__start_sdh_state_observers = .)
 *(SORT_BY_NAME(.sdh_state_observers*))
 .sdh_state_observers0
                0x0000000000035458        0x8 _build/nrf_drv_clock.o
                0x0000000000035460                PROVIDE (__stop_sdh_state_observers = .)

.sdh_stack_observers
                0x0000000000035460        0x8
                0x0000000000035460                PROVIDE (__start_sdh_stack_observers = .)
 *(SORT_BY_NAME(.sdh_stack_observers*))
 .sdh_stack_observers0
                0x0000000000035460        0x8 _build/nrf_sdh_ble.o
                0x0000000000035468                PROVIDE (__stop_sdh_stack_observers = .)

.sdh_req_observers
                0x0000000000035468        0x0
                0x0000000000035468                PROVIDE (__start_sdh_req_observers = .)
 *(SORT_BY_NAME(.sdh_req_observers*))
                0x0000000000035468                PROVIDE (__stop_sdh_req_observers = .)

.cli_command    0x0000000000035468        0x0
                [!provide]                        PROVIDE (__start_cli_command = .)
 *(.cli_command)
                [!provide]                        PROVIDE (__stop_cli_command = .)

.pwr_mgmt_data  0x0000000000035468        0x0
                0x0000000000035468                PROVIDE (__start_pwr_mgmt_data = .)
 *(SORT_BY_NAME(.pwr_mgmt_data*))
                0x0000000000035468                PROVIDE (__stop_pwr_mgmt_data = .)

.sdh_ble_observers
                0x0000000000035468       0x28
                0x0000000000035468                PROVIDE (__start_sdh_ble_observers = .)
 *(SORT_BY_NAME(.sdh_ble_observers*))
 .sdh_ble_observers1
                0x0000000000035468        0x8 _build/ble_conn_params.o
 .sdh_ble_observers1
                0x0000000000035470       0x10 _build/simple_ble.o
 .sdh_ble_observers2
                0x0000000000035480        0x8 _build/simple_ble.o
 .sdh_ble_observers3
                0x0000000000035488        0x8 _build/simple_ble.o
                0x0000000000035490                PROVIDE (__stop_sdh_ble_observers = .)

.log_backends   0x0000000000035490       0x10
 .log_backends  0x0000000000035490       0x10 _build/nrf_log_default_backends.o

.dfu_trans      0x00000000000354a0        0x0
                [!provide]                        PROVIDE (__start_dfu_trans = .)
 *(SORT_BY_NAME(.dfu_trans*))
                [!provide]                        PROVIDE (__stop_dfu_trans = .)

.ARM.extab
 *(.ARM.extab* .gnu.linkonce.armextab.*)
                0x00000000000354a0                __exidx_start = .

.ARM.exidx      0x00000000000354a0        0x8
 *(.ARM.exidx* .gnu.linkonce.armexidx.*)
 .ARM.exidx     0x00000000000354a0        0x8 /usr/bin/../lib/gcc/arm-none-eabi/7.3.1/../../../../arm-none-eabi/lib/thumb/v7e-m/fpv4-sp/hard/crt0.o
 .ARM.exidx     0x00000000000354a8        0x0 /usr/bin/../lib/gcc/arm-none-eabi/7.3.1/thumb/v7e-m/fpv4-sp/hard/libgcc.a(_udivmoddi4.o)
                                          0x8 (size before relaxing)
                0x00000000000354a8                __exidx_end = .
                0x00000000000354a8                __etext = .

.rel.dyn        0x00000000000354a8        0x0
 .rel.iplt      0x00000000000354a8        0x0 /usr/bin/../lib/gcc/arm-none-eabi/7.3.1/thumb/v7e-m/fpv4-sp/hard/crtbegin.o

.data           0x00000000200098a8      0xa44 load address 0x00000000000354a8
                0x00000000200098a8                __data_start__ = .
 *(vtable)
 *(.data*)
 .data.ble_config
                0x00000000200098a8       0x10 _build/ble_adv.o
 .data.light_data
                0x00000000200098b8        0x4 _build/ble_adv.o
 .data.sens_service
                0x00000000200098bc       0x28 _build/ble_adv.o
 .data.sens_state_char
                0x00000000200098e4        0xa _build/ble_adv.o
 *fill*         0x00000000200098ee        0x2 
 .data.ult_data_front