Archive member included to satisfy reference by file (symbol)

/usr/bin/../lib/gcc/arm-none-eabi/7.3.1/../../../../arm-none-eabi/lib/thumb/v7e-m/fpv4-sp/hard/libc.a(lib_a-exit.o)
                              /usr/bin/../lib/gcc/arm-none-eabi/7.3.1/../../../../arm-none-eabi/lib/thumb/v7e-m/fpv4-sp/hard/crt0.o (exit)
/usr/bin/../lib/gcc/arm-none-eabi/7.3.1/../../../../arm-none-eabi/lib/thumb/v7e-m/fpv4-sp/hard/libc.a(lib_a-impure.o)
                              /usr/bin/../lib/gcc/arm-none-eabi/7.3.1/../../../../arm-none-eabi/lib/thumb/v7e-m/fpv4-sp/hard/libc.a(lib_a-exit.o) (_global_impure_ptr)
/usr/bin/../lib/gcc/arm-none-eabi/7.3.1/../../../../arm-none-eabi/lib/thumb/v7e-m/fpv4-sp/hard/libc.a(lib_a-init.o)
                              /usr/bin/../lib/gcc/arm-none-eabi/7.3.1/../../../../arm-none-eabi/lib/thumb/v7e-m/fpv4-sp/hard/crt0.o (__libc_init_array)
/usr/bin/../lib/gcc/arm-none-eabi/7.3.1/../../../../arm-none-eabi/lib/thumb/v7e-m/fpv4-sp/hard/libc.a(lib_a-locale.o)
                              _build/nrf_log_str_formatter.o (__locale_ctype_ptr)
/usr/bin/../lib/gcc/arm-none-eabi/7.3.1/../../../../arm-none-eabi/lib/thumb/v7e-m/fpv4-sp/hard/libc.a(lib_a-mbtowc_r.o)
                              /usr/bin/../lib/gcc/arm-none-eabi/7.3.1/../../../../arm-none-eabi/lib/thumb/v7e-m/fpv4-sp/hard/libc.a(lib_a-locale.o) (__ascii_mbtowc)
/usr/bin/../lib/gcc/arm-none-eabi/7.3.1/../../../../arm-none-eabi/lib/thumb/v7e-m/fpv4-sp/hard/libc.a(lib_a-memcpy.o)
                              _build/app_scheduler.o (memcpy)
/usr/bin/../lib/gcc/arm-none-eabi/7.3.1/../../../../arm-none-eabi/lib/thumb/v7e-m/fpv4-sp/hard/libc.a(lib_a-memset.o)
                              /usr/bin/../lib/gcc/arm-none-eabi/7.3.1/../../../../arm-none-eabi/lib/thumb/v7e-m/fpv4-sp/hard/crt0.o (memset)
/usr/bin/../lib/gcc/arm-none-eabi/7.3.1/../../../../arm-none-eabi/lib/thumb/v7e-m/fpv4-sp/hard/libc.a(lib_a-printf.o)
                              _build/main.o (printf)
/usr/bin/../lib/gcc/arm-none-eabi/7.3.1/../../../../arm-none-eabi/lib/thumb/v7e-m/fpv4-sp/hard/libc.a(lib_a-setbuf.o)
                              _build/before_startup.o (setbuf)
/usr/bin/../lib/gcc/arm-none-eabi/7.3.1/../../../../arm-none-eabi/lib/thumb/v7e-m/fpv4-sp/hard/libc.a(lib_a-setvbuf.o)
                              /usr/bin/../lib/gcc/arm-none-eabi/7.3.1/../../../../arm-none-eabi/lib/thumb/v7e-m/fpv4-sp/hard/libc.a(lib_a-setbuf.o) (setvbuf)
/usr/bin/../lib/gcc/arm-none-eabi/7.3.1/../../../../arm-none-eabi/lib/thumb/v7e-m/fpv4-sp/hard/libc.a(lib_a-strcmp.o)
                              /usr/bin/../lib/gcc/arm-none-eabi/7.3.1/../../../../arm-none-eabi/lib/thumb/v7e-m/fpv4-sp/hard/libc.a(lib_a-locale.o) (strcmp)
/usr/bin/../lib/gcc/arm-none-eabi/7.3.1/../../../../arm-none-eabi/lib/thumb/v7e-m/fpv4-sp/hard/libc.a(lib_a-strcpy.o)
                              _build/SEGGER_RTT.o (strcpy)
/usr/bin/../lib/gcc/arm-none-eabi/7.3.1/../../../../arm-none-eabi/lib/thumb/v7e-m/fpv4-sp/hard/libc.a(lib_a-strlen.o)
                              _build/nrf_fprintf_format.o (strlen)
/usr/bin/../lib/gcc/arm-none-eabi/7.3.1/../../../../arm-none-eabi/lib/thumb/v7e-m/fpv4-sp/hard/libc.a(lib_a-vfprintf.o)
                              /usr/bin/../lib/gcc/arm-none-eabi/7.3.1/../../../../arm-none-eabi/lib/thumb/v7e-m/fpv4-sp/hard/libc.a(lib_a-printf.o) (_vfprintf_r)
/usr/bin/../lib/gcc/arm-none-eabi/7.3.1/../../../../arm-none-eabi/lib/thumb/v7e-m/fpv4-sp/hard/libc.a(lib_a-vsnprintf.o)
                              _build/simple_logger.o (vsnprintf)
/usr/bin/../lib/gcc/arm-none-eabi/7.3.1/../../../../arm-none-eabi/lib/thumb/v7e-m/fpv4-sp/hard/libc.a(lib_a-wctomb_r.o)
                              /usr/bin/../lib/gcc/arm-none-eabi/7.3.1/../../../../arm-none-eabi/lib/thumb/v7e-m/fpv4-sp/hard/libc.a(lib_a-locale.o) (__ascii_wctomb)
/usr/bin/../lib/gcc/arm-none-eabi/7.3.1/../../../../arm-none-eabi/lib/thumb/v7e-m/fpv4-sp/hard/libc.a(lib_a-wsetup.o)
                              /usr/bin/../lib/gcc/arm-none-eabi/7.3.1/../../../../arm-none-eabi/lib/thumb/v7e-m/fpv4-sp/hard/libc.a(lib_a-vfprintf.o) (__swsetup_r)
/usr/bin/../lib/gcc/arm-none-eabi/7.3.1/../../../../arm-none-eabi/lib/thumb/v7e-m/fpv4-sp/hard/libc.a(lib_a-__call_atexit.o)
                              /usr/bin/../lib/gcc/arm-none-eabi/7.3.1/../../../../arm-none-eabi/lib/thumb/v7e-m/fpv4-sp/hard/libc.a(lib_a-exit.o) (__call_exitprocs)
/usr/bin/../lib/gcc/arm-none-eabi/7.3.1/../../../../arm-none-eabi/lib/thumb/v7e-m/fpv4-sp/hard/libc.a(lib_a-atexit.o)
                              /usr/bin/../lib/gcc/arm-none-eabi/7.3.1/../../../../arm-none-eabi/lib/thumb/v7e-m/fpv4-sp/hard/libc.a(lib_a-__call_atexit.o) (atexit)
/usr/bin/../lib/gcc/arm-none-eabi/7.3.1/../../../../arm-none-eabi/lib/thumb/v7e-m/fpv4-sp/hard/libc.a(lib_a-ctype_.o)
                              /usr/bin/../lib/gcc/arm-none-eabi/7.3.1/../../../../arm-none-eabi/lib/thumb/v7e-m/fpv4-sp/hard/libc.a(lib_a-locale.o) (_ctype_)
[...]
Memory Configuration

Name             Origin             Length             Attributes
FLASH            0x0000000000000000 0x0000000000080000 xr
RAM              0x0000000020000000 0x0000000000010000 xrw
*default*        0x0000000000000000 0xffffffffffffffff

Linker script and memory map


.text           0x0000000000000000     0x99b8
 *(.isr_vector)
 .isr_vector    0x0000000000000000      0x200 _build/gcc_startup_nrf52.os
                0x0000000000000000                __isr_vector
 *(.text*)
 .text          0x0000000000000200       0x40 /usr/bin/../lib/gcc/arm-none-eabi/7.3.1/thumb/v7e-m/fpv4-sp/hard/crtbegin.o
 .text          0x0000000000000240       0x74 /usr/bin/../lib/gcc/arm-none-eabi/7.3.1/../../../../arm-none-eabi/lib/thumb/v7e-m/fpv4-sp/hard/crt0.o
                0x0000000000000240                _mainCRTStartup
                0x0000000000000240                _start
 .text.GPIOTE_IRQHandler
                0x00000000000002b4       0x58 _build/main.o
                0x00000000000002b4                GPIOTE_IRQHandler
 .text.startup.main
                0x000000000000030c       0xf0 _build/main.o
                0x000000000000030c                main
 .text.app_error_save_and_stop
                0x00000000000003fc       0x58 _build/app_error.o
                0x00000000000003fc                app_error_save_and_stop
 .text.app_error_handler
                0x0000000000000454       0x1a _build/app_error_handler_gcc.o
                0x0000000000000454                app_error_handler
 *fill*         0x000000000000046e        0x2 
 .text.nrfx_coredep_delay_us.constprop.3
                0x0000000000000470       0x10 _build/app_timer.o
 .text.RTC1_IRQHandler
                0x0000000000000480       0x9c _build/app_timer.o
                0x0000000000000480                RTC1_IRQHandler
 .text.SWI0_EGU0_IRQHandler
                0x000000000000051c      0x2a4 _build/app_timer.o
                0x000000000000051c                SWI0_EGU0_IRQHandler
 .text.app_timer_init
                0x00000000000007c0       0x88 _build/app_timer.o
                0x00000000000007c0                app_timer_init
 .text.app_timer_cnt_get
                0x0000000000000848        0xc _build/app_timer.o
                0x0000000000000848                app_timer_cnt_get
 .text.app_util_disable_irq
                0x0000000000000854       0x10 _build/app_util_platform.o
                0x0000000000000854                app_util_disable_irq
 .text.app_util_enable_irq
                0x0000000000000864       0x14 _build/app_util_platform.o
                0x0000000000000864                app_util_enable_irq
 .text.privilege_level_get
                0x0000000000000878       0x1a _build/app_util_platform.o
                0x0000000000000878                privilege_level_get
 *fill*         0x0000000000000892        0x2 
 .text.app_util_critical_region_enter
                0x0000000000000894       0x20 _build/app_util_platform.o
                0x0000000000000894                app_util_critical_region_enter
 .text.app_util_critical_region_exit
                0x00000000000008b4       0x20 _build/app_util_platform.o
                0x00000000000008b4                app_util_critical_region_exit
 .text.startup.called_first
                0x00000000000008d4       0x10 _build/before_startup.o
                0x00000000000008d4                called_first
 .text.HardFault_Handler
                0x00000000000008e4       0x34 _build/hardfault_handler_gcc.o
                0x00000000000008e4                HardFault_Handler
 .text.HardFault_process
                0x0000000000000918       0x24 _build/hardfault_implementation.o
                0x0000000000000918                HardFault_process
 .text.HardFault_c_handler
                0x000000000000093c      0x104 _build/hardfault_implementation.o
                0x000000000000093c                HardFault_c_handler
 .text.assert_nrf_callback
                0x0000000000000a40       0x1a _build/nrf_assert.o
                0x0000000000000a40                assert_nrf_callback
 .text.nrf_atomic_u32_fetch_store
                0x0000000000000a5a       0x14 _build/nrf_atomic.o
                0x0000000000000a5a                nrf_atomic_u32_fetch_store
 .text.nrf_atomic_u32_or
                0x0000000000000a6e       0x16 _build/nrf_atomic.o
                0x0000000000000a6e                nrf_atomic_u32_or
 .text.nrf_atomic_u32_fetch_and
                0x0000000000000a84       0x16 _build/nrf_atomic.o
                0x0000000000000a84                nrf_atomic_u32_fetch_and
 .text.nrf_atomic_u32_add
                0x0000000000000a9a       0x16 _build/nrf_atomic.o
                0x0000000000000a9a                nrf_atomic_u32_add
 .text.nrf_atomic_u32_sub
                0x0000000000000ab0       0x16 _build/nrf_atomic.o
                0x0000000000000ab0                nrf_atomic_u32_sub
 .text.nrf_atomic_flag_set
                0x0000000000000ac6        0x6 _build/nrf_atomic.o
                0x0000000000000ac6                nrf_atomic_flag_set
 .text.nrf_atomic_flag_clear_fetch
                0x0000000000000acc        0x6 _build/nrf_atomic.o
                0x0000000000000acc                nrf_atomic_flag_clear_fetch
 *fill*         0x0000000000000ad2        0x2 
 .text.nrf_balloc_init
                0x0000000000000ad4       0x7c _build/nrf_balloc.o
                0x0000000000000ad4                nrf_balloc_init
 .text.nrf_balloc_alloc
                0x0000000000000b50       0x54 _build/nrf_balloc.o
                0x0000000000000b50                nrf_balloc_alloc
 .text.nrf_balloc_free
                0x0000000000000ba4       0x48 _build/nrf_balloc.o
                0x0000000000000ba4                nrf_balloc_free
 .text.clock_clk_started_notify
                0x0000000000000bec       0x28 _build/nrf_drv_clock.o
 .text.clock_irq_handler
                0x0000000000000c14       0x1c _build/nrf_drv_clock.o
 .text.nrf_drv_clock_init
                0x0000000000000c30       0x30 _build/nrf_drv_clock.o
                0x0000000000000c30                nrf_drv_clock_init
 .text.nrf_drv_clock_lfclk_request
                0x0000000000000c60       0x74 _build/nrf_drv_clock.o
                0x0000000000000c60                nrf_drv_clock_lfclk_request
 .text.nrf_fprintf_buffer_flush
                0x0000000000000cd4       0x24 _build/nrf_fprintf.o
                0x0000000000000cd4                nrf_fprintf_buffer_flush
 .text.nrf_fprintf
                0x0000000000000cf8       0x58 _build/nrf_fprintf.o
                0x0000000000000cf8                nrf_fprintf
 .text.buffer_add
                0x0000000000000d50       0x1e _build/nrf_fprintf_format.o
 *fill*         0x0000000000000d6e        0x2 
 .text.unsigned_print
                0x0000000000000d70       0xac _build/nrf_fprintf_format.o
 .text.nrf_fprintf_fmt
                0x0000000000000e1c      0x2c4 _build/nrf_fprintf_format.o
                0x0000000000000e1c                nrf_fprintf_fmt
 .text.nrf_log_backend_rtt_flush
                0x00000000000010e0        0x2 _build/nrf_log_backend_rtt.o
 *fill*         0x00000000000010e2        0x2 
 .text.nrf_log_backend_rtt_put
                0x00000000000010e4       0x1c _build/nrf_log_backend_rtt.o
 .text.serial_tx
                0x0000000000001100       0x50 _build/nrf_log_backend_rtt.o
 .text.nrf_log_backend_rtt_panic_set
                0x0000000000001150        0x2 _build/nrf_log_backend_rtt.o
 .text.nrf_log_backend_rtt_init
                0x0000000000001152        0x4 _build/nrf_log_backend_rtt.o
                0x0000000000001152                nrf_log_backend_rtt_init
 .text.nrf_log_backend_serial_put
                0x0000000000001156       0xcc _build/nrf_log_backend_serial.o
                0x0000000000001156                nrf_log_backend_serial_put
 *fill*         0x0000000000001222        0x2 
 .text.nrf_log_default_backends_init
                0x0000000000001224       0x30 _build/nrf_log_default_backends.o
                0x0000000000001224                nrf_log_default_backends_init
 .text.invalid_packets_omit
                0x0000000000001254       0x3a _build/nrf_log_frontend.o
 *fill*         0x000000000000128e        0x2 
 .text.buf_prealloc
                0x0000000000001290      0x130 _build/nrf_log_frontend.o
 .text.nrf_log_init
                0x00000000000013c0       0x3c _build/nrf_log_frontend.o
                0x00000000000013c0                nrf_log_init
 .text.nrf_log_module_name_get
                0x00000000000013fc       0x38 _build/nrf_log_frontend.o
                0x00000000000013fc                nrf_log_module_name_get
 .text.nrf_log_color_id_get
                0x0000000000001434       0x2c _build/nrf_log_frontend.o
                0x0000000000001434                nrf_log_color_id_get
 .text.buffer_is_empty
                0x0000000000001460       0x14 _build/nrf_log_frontend.o
                0x0000000000001460                buffer_is_empty
 .text.nrf_log_frontend_dequeue
                0x0000000000001474      0x220 _build/nrf_log_frontend.o
                0x0000000000001474                nrf_log_frontend_dequeue
 .text.std_n    0x0000000000001694       0xd8 _build/nrf_log_frontend.o
 .text.nrf_log_frontend_std_0
                0x000000000000176c        0x8 _build/nrf_log_frontend.o
                0x000000000000176c                nrf_log_frontend_std_0
 .text.nrf_log_frontend_std_1
                0x0000000000001774       0x14 _build/nrf_log_frontend.o
                0x0000000000001774                nrf_log_frontend_std_1
 .text.nrf_log_frontend_std_2
                0x0000000000001788       0x14 _build/nrf_log_frontend.o
                0x0000000000001788                nrf_log_frontend_std_2
 .text.nrf_log_frontend_std_3
                0x000000000000179c       0x18 _build/nrf_log_frontend.o
                0x000000000000179c                nrf_log_frontend_std_3
 .text.nrf_log_frontend_std_4
                0x00000000000017b4       0x1c _build/nrf_log_frontend.o
                0x00000000000017b4                nrf_log_frontend_std_4
 .text.nrf_log_frontend_std_5
                0x00000000000017d0       0x20 _build/nrf_log_frontend.o
                0x00000000000017d0                nrf_log_frontend_std_5
 .text.nrf_log_backend_add
                0x00000000000017f0       0x54 _build/nrf_log_frontend.o
                0x00000000000017f0                nrf_log_backend_add
 .text.nrf_log_panic
                0x0000000000001844       0x2c _build/nrf_log_frontend.o
                0x0000000000001844                nrf_log_panic
 .text.postfix_process
                0x0000000000001870       0x3c _build/nrf_log_str_formatter.o
 .text.prefix_process
                0x00000000000018ac       0x78 _build/nrf_log_str_formatter.o
 .text.nrf_log_std_entry_process
                0x0000000000001924       0xc8 _build/nrf_log_str_formatter.o
                0x0000000000001924                nrf_log_std_entry_process
 .text.nrf_log_hexdump_entry_process
                0x00000000000019ec       0xbc _build/nrf_log_str_formatter.o
                0x00000000000019ec                nrf_log_hexdump_entry_process
 .text.nrf_ringbuf_init
                0x0000000000001aa8       0x1c _build/nrf_ringbuf.o
                0x0000000000001aa8                nrf_ringbuf_init
 .text.memobj_op
                0x0000000000001ac4       0xa4 _build/nrf_memobj.o
 .text.nrf_memobj_pool_init
                0x0000000000001b68        0x4 _build/nrf_memobj.o
                0x0000000000001b68                nrf_memobj_pool_init
 .text.nrf_memobj_free
                0x0000000000001b6c       0x2c _build/nrf_memobj.o
                0x0000000000001b6c                nrf_memobj_free
 .text.nrf_memobj_alloc
                0x0000000000001b98       0x5e _build/nrf_memobj.o
                0x0000000000001b98                nrf_memobj_alloc
 .text.nrf_memobj_get
                0x0000000000001bf6        0x8 _build/nrf_memobj.o
                0x0000000000001bf6                nrf_memobj_get
 .text.nrf_memobj_put
                0x0000000000001bfe       0x1e _build/nrf_memobj.o
                0x0000000000001bfe                nrf_memobj_put
 .text.nrf_memobj_write
                0x0000000000001c1c       0x2c _build/nrf_memobj.o
                0x0000000000001c1c                nrf_memobj_write
 .text.nrf_memobj_read
                0x0000000000001c48       0x2c _build/nrf_memobj.o
                0x0000000000001c48                nrf_memobj_read
 .text.nrf_strerror_find
                0x0000000000001c74       0x3c _build/nrf_strerror.o
                0x0000000000001c74                nrf_strerror_find
 .text.nrf_strerror_get
                0x0000000000001cb0       0x14 _build/nrf_strerror.o
                0x0000000000001cb0                nrf_strerror_get
 .text.UARTE0_UART0_IRQHandler
                0x0000000000001cc4       0x20 _build/nrfx_prs.o
                0x0000000000001cc4                UARTE0_UART0_IRQHandler
 .text.nrf_saadc_event_clear
                0x0000000000001ce4       0x18 _build/nrfx_saadc.o
 .text.SAADC_IRQHandler
                0x0000000000001cfc      0x164 _build/nrfx_saadc.o
                0x0000000000001cfc                SAADC_IRQHandler
 .text.nrf_gpio_pin_port_decode.isra.0.part.1
                0x0000000000001e60       0x10 _build/nrfx_spim.o
 .text.nrf_gpio_pin_clear
                0x0000000000001e70       0x1c _build/nrfx_spim.o
 .text.nrf_gpio_pin_set
                0x0000000000001e8c       0x1c _build/nrfx_spim.o
 .text.SPIM1_SPIS1_TWIM1_TWIS1_SPI1_TWI1_IRQHandler
                0x0000000000001ea8       0x64 _build/nrfx_spim.o
                0x0000000000001ea8                SPIM1_SPIS1_TWIM1_TWIS1_SPI1_TWI1_IRQHandler
 .text.irq_handler.constprop.0
                0x0000000000001f0c       0x4c _build/nrfx_timer.o
 .text.TIMER0_IRQHandler
                0x0000000000001f58       0x10 _build/nrfx_timer.o
                0x0000000000001f58                TIMER0_IRQHandler
 .text.TIMER1_IRQHandler
                0x0000000000001f68       0x10 _build/nrfx_timer.o
                0x0000000000001f68                TIMER1_IRQHandler
 .text.nrf_twim_event_clear
                0x0000000000001f78       0x10 _build/nrfx_twim.o
 .text.SPIM0_SPIS0_TWIM0_TWIS0_SPI0_TWI0_IRQHandler
                0x0000000000001f88      0x158 _build/nrfx_twim.o
                0x0000000000001f88                SPIM0_SPIS0_TWIM0_TWIS0_SPI0_TWI0_IRQHandler
 .text._GetAvailWriteSpace
                0x00000000000020e0       0x1c _build/SEGGER_RTT.o
 .text._WriteNoCheck
                0x00000000000020fc       0x3a _build/SEGGER_RTT.o
 .text._WriteBlocking
                0x0000000000002136       0x52 _build/SEGGER_RTT.o
 .text._DoInit  0x0000000000002188       0x60 _build/SEGGER_RTT.o
 .text.SEGGER_RTT_WriteNoLock
                0x00000000000021e8       0x68 _build/SEGGER_RTT.o
                0x00000000000021e8                SEGGER_RTT_WriteNoLock
 .text.SEGGER_RTT_Write
                0x0000000000002250       0x34 _build/SEGGER_RTT.o
                0x0000000000002250                SEGGER_RTT_Write
 .text.SEGGER_RTT_Init
                0x0000000000002284        0x4 _build/SEGGER_RTT.o
                0x0000000000002284                SEGGER_RTT_Init
 .text._write_r
                0x0000000000002288       0x12 _build/SEGGER_RTT_Syscalls_GCC.o
                0x0000000000002288                _write_r
 *fill*         0x000000000000229a        0x2 
 .text.errata_12
                0x000000000000229c       0x40 _build/system_nrf52.o
 .text.errata_16
                0x00000000000022dc       0x34 _build/system_nrf52.o
 .text.SystemInit
                0x0000000000002310      0x25c _build/system_nrf52.o
                0x0000000000002310                SystemInit
 .text.app_error_fault_handler
                0x000000000000256c       0xb0 _build/app_error_weak.o
                0x000000000000256c                app_error_fault_handler
 .text          0x000000000000261c       0x3c _build/gcc_startup_nrf52.os
                0x000000000000261c                Reset_Handler
                0x0000000000002644                NMI_Handler
                0x0000000000002648                MemoryManagement_Handler
                0x000000000000264a                BusFault_Handler
                0x000000000000264c                UsageFault_Handler
                0x000000000000264e                SVC_Handler
                0x0000000000002650                DebugMon_Handler
                0x0000000000002652                PendSV_Handler
                0x0000000000002654                SysTick_Handler
                0x0000000000002656                TIMER2_IRQHandler
                0x0000000000002656                RTC0_IRQHandler
                0x0000000000002656                SWI2_EGU2_IRQHandler
                0x0000000000002656                PWM1_IRQHandler
                0x0000000000002656                POWER_CLOCK_IRQHandler
                0x0000000000002656                RADIO_IRQHandler
                0x0000000000002656                PDM_IRQHandler
                0x0000000000002656                TEMP_IRQHandler
                0x0000000000002656                QDEC_IRQHandler
                0x0000000000002656                TIMER3_IRQHandler
                0x0000000000002656                FPU_IRQHandler
                0x0000000000002656                TIMER4_IRQHandler
                0x0000000000002656                I2S_IRQHandler
                0x0000000000002656                SWI4_EGU4_IRQHandler
                0x0000000000002656                PWM2_IRQHandler
                0x0000000000002656                ECB_IRQHandler
                0x0000000000002656                Default_Handler
                0x0000000000002656                CCM_AAR_IRQHandler
                0x0000000000002656                WDT_IRQHandler
                0x0000000000002656                SWI5_EGU5_IRQHandler
                0x0000000000002656                RNG_IRQHandler
                0x0000000000002656                RTC2_IRQHandler
                0x0000000000002656                PWM0_IRQHandler
                0x0000000000002656                SWI3_EGU3_IRQHandler
                0x0000000000002656                SWI1_EGU1_IRQHandler
                0x0000000000002656                SPIM2_SPIS2_SPI2_IRQHandler
                0x0000000000002656                NFCT_IRQHandler
                0x0000000000002656                MWU_IRQHandler
                0x0000000000002656                COMP_LPCOMP_IRQHandler
 .text.exit     0x0000000000002658       0x20 /usr/bin/../lib/gcc/arm-none-eabi/7.3.1/../../../../arm-none-eabi/lib/thumb/v7e-m/fpv4-sp/hard/libc.a(lib_a-exit.o)
                0x0000000000002658                exit
 .text.__libc_init_array
                0x0000000000002678       0x48 /usr/bin/../lib/gcc/arm-none-eabi/7.3.1/../../../../arm-none-eabi/lib/thumb/v7e-m/fpv4-sp/hard/libc.a(lib_a-init.o)
                0x0000000000002678                __libc_init_array
 .text.__locale_mb_cur_max
                0x00000000000026c0       0x1c /usr/bin/../lib/gcc/arm-none-eabi/7.3.1/../../../../arm-none-eabi/lib/thumb/v7e-m/fpv4-sp/hard/libc.a(lib_a-locale.o)
                0x00000000000026c0                __locale_mb_cur_max
 .text.__locale_ctype_ptr
                0x00000000000026dc       0x1c /usr/bin/../lib/gcc/arm-none-eabi/7.3.1/../../../../arm-none-eabi/lib/thumb/v7e-m/fpv4-sp/hard/libc.a(lib_a-locale.o)
                0x00000000000026dc                __locale_ctype_ptr
 .text.__ascii_mbtowc
                0x00000000000026f8       0x2c /usr/bin/../lib/gcc/arm-none-eabi/7.3.1/../../../../arm-none-eabi/lib/thumb/v7e-m/fpv4-sp/hard/libc.a(lib_a-mbtowc_r.o)
                0x00000000000026f8                __ascii_mbtowc
 .text          0x0000000000002724      0x134 /usr/bin/../lib/gcc/arm-none-eabi/7.3.1/../../../../arm-none-eabi/lib/thumb/v7e-m/fpv4-sp/hard/libc.a(lib_a-memcpy.o)
                0x0000000000002724                memcpy
 .text.memset   0x0000000000002858       0x94 /usr/bin/../lib/gcc/arm-none-eabi/7.3.1/../../../../arm-none-eabi/lib/thumb/v7e-m/fpv4-sp/hard/libc.a(lib_a-memset.o)
                0x0000000000002858                memset
 .text.printf   0x00000000000028ec       0x28 /usr/bin/../lib/gcc/arm-none-eabi/7.3.1/../../../../arm-none-eabi/lib/thumb/v7e-m/fpv4-sp/hard/libc.a(lib_a-printf.o)
                0x00000000000028ec                printf
 .text.setbuf   0x0000000000002914       0x10 /usr/bin/../lib/gcc/arm-none-eabi/7.3.1/../../../../arm-none-eabi/lib/thumb/v7e-m/fpv4-sp/hard/libc.a(lib_a-setbuf.o)
                0x0000000000002914                setbuf
 .text.setvbuf  0x0000000000002924      0x180 /usr/bin/../lib/gcc/arm-none-eabi/7.3.1/../../../../arm-none-eabi/lib/thumb/v7e-m/fpv4-sp/hard/libc.a(lib_a-setvbuf.o)
                0x0000000000002924                setvbuf
 .text.strcpy   0x0000000000002aa4       0xbc /usr/bin/../lib/gcc/arm-none-eabi/7.3.1/../../../../arm-none-eabi/lib/thumb/v7e-m/fpv4-sp/hard/libc.a(lib_a-strcpy.o)
                0x0000000000002aa4                strcpy
 *fill*         0x0000000000002b60       0x20 
 .text          0x0000000000002b80       0xdc /usr/bin/../lib/gcc/arm-none-eabi/7.3.1/../../../../arm-none-eabi/lib/thumb/v7e-m/fpv4-sp/hard/libc.a(lib_a-strlen.o)
                0x0000000000002b80                strlen
 *fill*         0x0000000000002c5c        0x4 
 .text._vfprintf_r
                0x0000000000002c60     0x1a7c /usr/bin/../lib/gcc/arm-none-eabi/7.3.1/../../../../arm-none-eabi/lib/thumb/v7e-m/fpv4-sp/hard/libc.a(lib_a-vfprintf.o)
                0x0000000000002c60                _vfprintf_r
 .text.__sbprintf
                0x00000000000046dc       0x84 /usr/bin/../lib/gcc/arm-none-eabi/7.3.1/../../../../arm-none-eabi/lib/thumb/v7e-m/fpv4-sp/hard/libc.a(lib_a-vfprintf.o)
 .text.__ascii_wctomb
                0x0000000000004760       0x1c /usr/bin/../lib/gcc/arm-none-eabi/7.3.1/../../../../arm-none-eabi/lib/thumb/v7e-m/fpv4-sp/hard/libc.a(lib_a-wctomb_r.o)
                0x0000000000004760                __ascii_wctomb
 .text.__swsetup_r
                0x000000000000477c       0xcc /usr/bin/../lib/gcc/arm-none-eabi/7.3.1/../../../../arm-none-eabi/lib/thumb/v7e-m/fpv4-sp/hard/libc.a(lib_a-wsetup.o)
                0x000000000000477c                __swsetup_r
 .text.startup.register_fini
                0x0000000000004848       0x14 /usr/bin/../lib/gcc/arm-none-eabi/7.3.1/../../../../arm-none-eabi/lib/thumb/v7e-m/fpv4-sp/hard/libc.a(lib_a-__call_atexit.o)
 .text.__call_exitprocs
                0x000000000000485c       0xe8 /usr/bin/../lib/gcc/arm-none-eabi/7.3.1/../../../../arm-none-eabi/lib/thumb/v7e-m/fpv4-sp/hard/libc.a(lib_a-__call_atexit.o)
                0x000000000000485c                __call_exitprocs
 .text.atexit   0x0000000000004944        0xc /usr/bin/../lib/gcc/arm-none-eabi/7.3.1/../../../../arm-none-eabi/lib/thumb/v7e-m/fpv4-sp/hard/libc.a(lib_a-atexit.o)
                0x0000000000004944                atexit
 .text.quorem   0x0000000000004950      0x124 /usr/bin/../lib/gcc/arm-none-eabi/7.3.1/../../../../arm-none-eabi/lib/thumb/v7e-m/fpv4-sp/hard/libc.a(lib_a-dtoa.o)
 *fill*         0x0000000000004a74        0x4 
 .text._dtoa_r  0x0000000000004a78      0xe20 /usr/bin/../lib/gcc/arm-none-eabi/7.3.1/../../../../arm-none-eabi/lib/thumb/v7e-m/fpv4-sp/hard/libc.a(lib_a-dtoa.o)
                0x0000000000004a78                _dtoa_r
 .text.__sflush_r
                0x0000000000005898      0x154 /usr/bin/../lib/gcc/arm-none-eabi/7.3.1/../../../../arm-none-eabi/lib/thumb/v7e-m/fpv4-sp/hard/libc.a(lib_a-fflush.o)
                0x0000000000005898                __sflush_r
 .text._fflush_r
                0x00000000000059ec       0x5c /usr/bin/../lib/gcc/arm-none-eabi/7.3.1/../../../../arm-none-eabi/lib/thumb/v7e-m/fpv4-sp/hard/libc.a(lib_a-fflush.o)
                0x00000000000059ec                _fflush_r
 .text.std      0x0000000000005a48       0x50 /usr/bin/../lib/gcc/arm-none-eabi/7.3.1/../../../../arm-none-eabi/lib/thumb/v7e-m/fpv4-sp/hard/libc.a(lib_a-findfp.o)
 .text._cleanup_r
                0x0000000000005a98        0xc /usr/bin/../lib/gcc/arm-none-eabi/7.3.1/../../../../arm-none-eabi/lib/thumb/v7e-m/fpv4-sp/hard/libc.a(lib_a-findfp.o)
                0x0000000000005a98                _cleanup_r
 .text.__sinit  0x0000000000005aa4       0x58 /usr/bin/../lib/gcc/arm-none-eabi/7.3.1/../../../../arm-none-eabi/lib/thumb/v7e-m/fpv4-sp/hard/libc.a(lib_a-findfp.o)
                0x0000000000005aa4                __sinit
 .text.__sfp_lock_acquire
                0x0000000000005afc        0xc /usr/bin/../lib/gcc/arm-none-eabi/7.3.1/../../../../arm-none-eabi/lib/thumb/v7e-m/fpv4-sp/hard/libc.a(lib_a-findfp.o)
                0x0000000000005afc                __sfp_lock_acquire
 .text.__sfp_lock_release
                0x0000000000005b08        0xc /usr/bin/../lib/gcc/arm-none-eabi/7.3.1/../../../../arm-none-eabi/lib/thumb/v7e-m/fpv4-sp/hard/libc.a(lib_a-findfp.o)
                0x0000000000005b08                __sfp_lock_release
 .text.__libc_fini_array
                0x0000000000005b14       0x34 /usr/bin/../lib/gcc/arm-none-eabi/7.3.1/../../../../arm-none-eabi/lib/thumb/v7e-m/fpv4-sp/hard/libc.a(lib_a-fini.o)
                0x0000000000005b14                __libc_fini_array
 .text._malloc_trim_r
                0x0000000000005b48       0xa0 /usr/bin/../lib/gcc/arm-none-eabi/7.3.1/../../../../arm-none-eabi/lib/thumb/v7e-m/fpv4-sp/hard/libc.a(lib_a-freer.o)
                0x0000000000005b48                _malloc_trim_r
 .text._free_r  0x0000000000005be8      0x1e8 /usr/bin/../lib/gcc/arm-none-eabi/7.3.1/../../../../arm-none-eabi/lib/thumb/v7e-m/fpv4-sp/hard/libc.a(lib_a-freer.o)
                0x0000000000005be8                _free_r
 .text._fwalk_reent
                0x0000000000005dd0       0x54 /usr/bin/../lib/gcc/arm-none-eabi/7.3.1/../../../../arm-none-eabi/lib/thumb/v7e-m/fpv4-sp/hard/libc.a(lib_a-fwalk.o)
                0x0000000000005dd0                _fwalk_reent
 .text._localeconv_r
                0x0000000000005e24       0x1c /usr/bin/../lib/gcc/arm-none-eabi/7.3.1/../../../../arm-none-eabi/lib/thumb/v7e-m/fpv4-sp/hard/libc.a(lib_a-localeconv.o)
                0x0000000000005e24                _localeconv_r
 .text.__retarget_lock_init_recursive
                0x0000000000005e40        0x4 /usr/bin/../lib/gcc/arm-none-eabi/7.3.1/../../../../arm-none-eabi/lib/thumb/v7e-m/fpv4-sp/hard/libc.a(lib_a-lock.o)
                0x0000000000005e40                __retarget_lock_init_recursive
 .text.__retarget_lock_close_recursive
                0x0000000000005e44        0x4 /usr/bin/../lib/gcc/arm-none-eabi/7.3.1/../../../../arm-none-eabi/lib/thumb/v7e-m/fpv4-sp/hard/libc.a(lib_a-lock.o)
                0x0000000000005e44                __retarget_lock_close_recursive
 .text.__retarget_lock_acquire_recursive
                0x0000000000005e48        0x4 /usr/bin/../lib/gcc/arm-none-eabi/7.3.1/../../../../arm-none-eabi/lib/thumb/v7e-m/fpv4-sp/hard/libc.a(lib_a-lock.o)
                0x0000000000005e48                __retarget_lock_acquire_recursive
 .text.__retarget_lock_release_recursive
                0x0000000000005e4c        0x4 /usr/bin/../lib/gcc/arm-none-eabi/7.3.1/../../../../arm-none-eabi/lib/thumb/v7e-m/fpv4-sp/hard/libc.a(lib_a-lock.o)
                0x0000000000005e4c                __retarget_lock_release_recursive
 .text.__swhatbuf_r
                0x0000000000005e50       0x5c /usr/bin/../lib/gcc/arm-none-eabi/7.3.1/../../../../arm-none-eabi/lib/thumb/v7e-m/fpv4-sp/hard/libc.a(lib_a-makebuf.o)
                0x0000000000005e50                __swhatbuf_r
 .text.__smakebuf_r
                0x0000000000005eac       0x94 /usr/bin/../lib/gcc/arm-none-eabi/7.3.1/../../../../arm-none-eabi/lib/thumb/v7e-m/fpv4-sp/hard/libc.a(lib_a-makebuf.o)
                0x0000000000005eac                __smakebuf_r
 .text.malloc   0x0000000000005f40       0x10 /usr/bin/../lib/gcc/arm-none-eabi/7.3.1/../../../../arm-none-eabi/lib/thumb/v7e-m/fpv4-sp/hard/libc.a(lib_a-malloc.o)
                0x0000000000005f40                malloc
 .text.free     0x0000000000005f50       0x10 /usr/bin/../lib/gcc/arm-none-eabi/7.3.1/../../../../arm-none-eabi/lib/thumb/v7e-m/fpv4-sp/hard/libc.a(lib_a-malloc.o)
                0x0000000000005f50                free
 .text._malloc_r
                0x0000000000005f60      0x548 /usr/bin/../lib/gcc/arm-none-eabi/7.3.1/../../../../arm-none-eabi/lib/thumb/v7e-m/fpv4-sp/hard/libc.a(lib_a-mallocr.o)
                0x0000000000005f60                _malloc_r
 *fill*         0x00000000000064a8        0x8 
 .text          0x00000000000064b0       0xa0 /usr/bin/../lib/gcc/arm-none-eabi/7.3.1/../../../../arm-none-eabi/lib/thumb/v7e-m/fpv4-sp/hard/libc.a(lib_a-memchr.o)
                0x00000000000064b0                memchr
 .text.__malloc_lock
                0x0000000000006550        0xc /usr/bin/../lib/gcc/arm-none-eabi/7.3.1/../../../../arm-none-eabi/lib/thumb/v7e-m/fpv4-sp/hard/libc.a(lib_a-mlock.o)
                0x0000000000006550                __malloc_lock
 .text.__malloc_unlock
                0x000000000000655c        0xc /usr/bin/../lib/gcc/arm-none-eabi/7.3.1/../../../../arm-none-eabi/lib/thumb/v7e-m/fpv4-sp/hard/libc.a(lib_a-mlock.o)
                0x000000000000655c                __malloc_unlock
 .text._Balloc  0x0000000000006568       0x4c /usr/bin/../lib/gcc/arm-none-eabi/7.3.1/../../../../arm-none-eabi/lib/thumb/v7e-m/fpv4-sp/hard/libc.a(lib_a-mprec.o)
                0x0000000000006568                _Balloc
 .text._Bfree   0x00000000000065b4       0x14 /usr/bin/../lib/gcc/arm-none-eabi/7.3.1/../../../../arm-none-eabi/lib/thumb/v7e-m/fpv4-sp/hard/libc.a(lib_a-mprec.o)
                0x00000000000065b4                _Bfree
 .text.__multadd
                0x00000000000065c8       0x80 /usr/bin/../lib/gcc/arm-none-eabi/7.3.1/../../../../arm-none-eabi/lib/thumb/v7e-m/fpv4-sp/hard/libc.a(lib_a-mprec.o)
                0x00000000000065c8                __multadd
 .text.__hi0bits
                0x0000000000006648       0x40 /usr/bin/../lib/gcc/arm-none-eabi/7.3.1/../../../../arm-none-eabi/lib/thumb/v7e-m/fpv4-sp/hard/libc.a(lib_a-mprec.o)
                0x0000000000006648                __hi0bits
 .text.__lo0bits
                0x0000000000006688       0x60 /usr/bin/../lib/gcc/arm-none-eabi/7.3.1/../../../../arm-none-eabi/lib/thumb/v7e-m/fpv4-sp/hard/libc.a(lib_a-mprec.o)
                0x0000000000006688                __lo0bits
 .text.__i2b    0x00000000000066e8       0x14 /usr/bin/../lib/gcc/arm-none-eabi/7.3.1/../../../../arm-none-eabi/lib/thumb/v7e-m/fpv4-sp/hard/libc.a(lib_a-mprec.o)
                0x00000000000066e8                __i2b
 .text.__multiply
                0x00000000000066fc      0x14c /usr/bin/../lib/gcc/arm-none-eabi/7.3.1/../../../../arm-none-eabi/lib/thumb/v7e-m/fpv4-sp/hard/libc.a(lib_a-mprec.o)
                0x00000000000066fc                __multiply
 .text.__pow5mult
                0x0000000000006848       0xa0 /usr/bin/../lib/gcc/arm-none-eabi/7.3.1/../../../../arm-none-eabi/lib/thumb/v7e-m/fpv4-sp/hard/libc.a(lib_a-mprec.o)
                0x0000000000006848                __pow5mult
 .text.__lshift
                0x00000000000068e8       0xac /usr/bin/../lib/gcc/arm-none-eabi/7.3.1/../../../../arm-none-eabi/lib/thumb/v7e-m/fpv4-sp/hard/libc.a(lib_a-mprec.o)
                0x00000000000068e8                __lshift
 .text.__mcmp   0x0000000000006994       0x38 /usr/bin/../lib/gcc/arm-none-eabi/7.3.1/../../../../arm-none-eabi/lib/thumb/v7e-m/fpv4-sp/hard/libc.a(lib_a-mprec.o)
                0x0000000000006994                __mcmp
 .text.__mdiff  0x00000000000069cc       0xec /usr/bin/../lib/gcc/arm-none-eabi/7.3.1/../../../../arm-none-eabi/lib/thumb/v7e-m/fpv4-sp/hard/libc.a(lib_a-mprec.o)
                0x00000000000069cc                __mdiff
 .text.__d2b    0x0000000000006ab8       0xc4 /usr/bin/../lib/gcc/arm-none-eabi/7.3.1/../../../../arm-none-eabi/lib/thumb/v7e-m/fpv4-sp/hard/libc.a(lib_a-mprec.o)
                0x0000000000006ab8                __d2b
 .text.frexp    0x0000000000006b7c       0x68 /usr/bin/../lib/gcc/arm-none-eabi/7.3.1/../../../../arm-none-eabi/lib/thumb/v7e-m/fpv4-sp/hard/libc.a(lib_a-s_frexp.o)
                0x0000000000006b7c                frexp
 .text._sbrk_r  0x0000000000006be4       0x24 /usr/bin/../lib/gcc/arm-none-eabi/7.3.1/../../../../arm-none-eabi/lib/thumb/v7e-m/fpv4-sp/hard/libc.a(lib_a-sbrkr.o)
                0x0000000000006be4                _sbrk_r
 .text.__sread  0x0000000000006c08       0x24 /usr/bin/../lib/gcc/arm-none-eabi/7.3.1/../../../../arm-none-eabi/lib/thumb/v7e-m/fpv4-sp/hard/libc.a(lib_a-stdio.o)
                0x0000000000006c08                __sread
 .text.__swrite
                0x0000000000006c2c       0x3c /usr/bin/../lib/gcc/arm-none-eabi/7.3.1/../../../../arm-none-eabi/lib/thumb/v7e-m/fpv4-sp/hard/libc.a(lib_a-stdio.o)
                0x0000000000006c2c                __swrite
 .text.__sseek  0x0000000000006c68       0x20 /usr/bin/../lib/gcc/arm-none-eabi/7.3.1/../../../../arm-none-eabi/lib/thumb/v7e-m/fpv4-sp/hard/libc.a(lib_a-stdio.o)
                0x0000000000006c68                __sseek
 .text.__sclose
                0x0000000000006c88        0x8 /usr/bin/../lib/gcc/arm-none-eabi/7.3.1/../../../../arm-none-eabi/lib/thumb/v7e-m/fpv4-sp/hard/libc.a(lib_a-stdio.o)
                0x0000000000006c88                __sclose
 .text.strncpy  0x0000000000006c90       0x64 /usr/bin/../lib/gcc/arm-none-eabi/7.3.1/../../../../arm-none-eabi/lib/thumb/v7e-m/fpv4-sp/hard/libc.a(lib_a-strncpy.o)
                0x0000000000006c90                strncpy
 .text.__sprint_r.part.0
                0x0000000000006cf4       0x78 /usr/bin/../lib/gcc/arm-none-eabi/7.3.1/../../../../arm-none-eabi/lib/thumb/v7e-m/fpv4-sp/hard/libc.a(lib_a-vfiprintf.o)
 .text.__sprint_r
                0x0000000000006d6c       0x14 /usr/bin/../lib/gcc/arm-none-eabi/7.3.1/../../../../arm-none-eabi/lib/thumb/v7e-m/fpv4-sp/hard/libc.a(lib_a-vfiprintf.o)
                0x0000000000006d6c                __sprint_r
 .text.__register_exitproc
                0x0000000000006d80       0xc0 /usr/bin/../lib/gcc/arm-none-eabi/7.3.1/../../../../arm-none-eabi/lib/thumb/v7e-m/fpv4-sp/hard/libc.a(lib_a-__atexit.o)
                0x0000000000006d80                __register_exitproc
 .text._calloc_r
                0x0000000000006e40       0x68 /usr/bin/../lib/gcc/arm-none-eabi/7.3.1/../../../../arm-none-eabi/lib/thumb/v7e-m/fpv4-sp/hard/libc.a(lib_a-callocr.o)
                0x0000000000006e40                _calloc_r
 .text._close_r
                0x0000000000006ea8       0x24 /usr/bin/../lib/gcc/arm-none-eabi/7.3.1/../../../../arm-none-eabi/lib/thumb/v7e-m/fpv4-sp/hard/libc.a(lib_a-closer.o)
                0x0000000000006ea8                _close_r
 .text._fclose_r
                0x0000000000006ecc       0xd0 /usr/bin/../lib/gcc/arm-none-eabi/7.3.1/../../../../arm-none-eabi/lib/thumb/v7e-m/fpv4-sp/hard/libc.a(lib_a-fclose.o)
                0x0000000000006ecc                _fclose_r
 .text.__fputwc
                0x0000000000006f9c       0xa0 /usr/bin/../lib/gcc/arm-none-eabi/7.3.1/../../../../arm-none-eabi/lib/thumb/v7e-m/fpv4-sp/hard/libc.a(lib_a-fputwc.o)
                0x0000000000006f9c                __fputwc
 .text._fputwc_r
                0x000000000000703c       0x64 /usr/bin/../lib/gcc/arm-none-eabi/7.3.1/../../../../arm-none-eabi/lib/thumb/v7e-m/fpv4-sp/hard/libc.a(lib_a-fputwc.o)
                0x000000000000703c                _fputwc_r
 .text._fstat_r
                0x00000000000070a0       0x28 /usr/bin/../lib/gcc/arm-none-eabi/7.3.1/../../../../arm-none-eabi/lib/thumb/v7e-m/fpv4-sp/hard/libc.a(lib_a-fstatr.o)
                0x00000000000070a0                _fstat_r
 .text.__sfvwrite_r
                0x00000000000070c8      0x2fc /usr/bin/../lib/gcc/arm-none-eabi/7.3.1/../../../../arm-none-eabi/lib/thumb/v7e-m/fpv4-sp/hard/libc.a(lib_a-fvwrite.o)
                0x00000000000070c8                __sfvwrite_r
 .text._isatty_r
                0x00000000000073c4       0x24 /usr/bin/../lib/gcc/arm-none-eabi/7.3.1/../../../../arm-none-eabi/lib/thumb/v7e-m/fpv4-sp/hard/libc.a(lib_a-isattyr.o)
                0x00000000000073c4                _isatty_r
 .text._lseek_r
                0x00000000000073e8       0x2c /usr/bin/../lib/gcc/arm-none-eabi/7.3.1/../../../../arm-none-eabi/lib/thumb/v7e-m/fpv4-sp/hard/libc.a(lib_a-lseekr.o)
                0x00000000000073e8                _lseek_r
 .text.memmove  0x0000000000007414       0xc8 /usr/bin/../lib/gcc/arm-none-eabi/7.3.1/../../../../arm-none-eabi/lib/thumb/v7e-m/fpv4-sp/hard/libc.a(lib_a-memmove.o)
                0x0000000000007414                memmove
 .text._read_r  0x00000000000074dc       0x2c /usr/bin/../lib/gcc/arm-none-eabi/7.3.1/../../../../arm-none-eabi/lib/thumb/v7e-m/fpv4-sp/hard/libc.a(lib_a-readr.o)
                0x00000000000074dc                _read_r
 .text._realloc_r
                0x0000000000007508      0x35c /usr/bin/../lib/gcc/arm-none-eabi/7.3.1/../../../../arm-none-eabi/lib/thumb/v7e-m/fpv4-sp/hard/libc.a(lib_a-reallocr.o)
                0x0000000000007508                _realloc_r
 .text.__swbuf_r
                0x0000000000007864       0xb0 /usr/bin/../lib/gcc/arm-none-eabi/7.3.1/../../../../arm-none-eabi/lib/thumb/v7e-m/fpv4-sp/hard/libc.a(lib_a-wbuf.o)
                0x0000000000007864                __swbuf_r
 .text._wcrtomb_r
                0x0000000000007914       0x50 /usr/bin/../lib/gcc/arm-none-eabi/7.3.1/../../../../arm-none-eabi/lib/thumb/v7e-m/fpv4-sp/hard/libc.a(lib_a-wcrtomb.o)
                0x0000000000007914                _wcrtomb_r
 .text._close   0x0000000000007964       0x10 /usr/bin/../lib/gcc/arm-none-eabi/7.3.1/../../../../arm-none-eabi/lib/thumb/v7e-m/fpv4-sp/hard/libnosys.a(close.o)
                0x0000000000007964                _close
 .text._fstat   0x0000000000007974       0x10 /usr/bin/../lib/gcc/arm-none-eabi/7.3.1/../../../../arm-none-eabi/lib/thumb/v7e-m/fpv4-sp/hard/libnosys.a(fstat.o)
                0x0000000000007974                _fstat
 .text._isatty  0x0000000000007984       0x10 /usr/bin/../lib/gcc/arm-none-eabi/7.3.1/../../../../arm-none-eabi/lib/thumb/v7e-m/fpv4-sp/hard/libnosys.a(isatty.o)
                0x0000000000007984                _isatty
 .text._lseek   0x0000000000007994       0x10 /usr/bin/../lib/gcc/arm-none-eabi/7.3.1/../../../../arm-none-eabi/lib/thumb/v7e-m/fpv4-sp/hard/libnosys.a(lseek.o)
                0x0000000000007994                _lseek
 .text._read    0x00000000000079a4       0x10 /usr/bin/../lib/gcc/arm-none-eabi/7.3.1/../../../../arm-none-eabi/lib/thumb/v7e-m/fpv4-sp/hard/libnosys.a(read.o)
                0x00000000000079a4                _read
 .text._sbrk    0x00000000000079b4       0x1c /usr/bin/../lib/gcc/arm-none-eabi/7.3.1/../../../../arm-none-eabi/lib/thumb/v7e-m/fpv4-sp/hard/libnosys.a(sbrk.o)
                0x00000000000079b4                _sbrk
 .text._exit    0x00000000000079d0        0x4 /usr/bin/../lib/gcc/arm-none-eabi/7.3.1/../../../../arm-none-eabi/lib/thumb/v7e-m/fpv4-sp/hard/libnosys.a(_exit.o)
                0x00000000000079d0                _exit
 .text          0x00000000000079d4      0x378 /usr/bin/../lib/gcc/arm-none-eabi/7.3.1/thumb/v7e-m/fpv4-sp/hard/libgcc.a(_arm_addsubdf3.o)
                0x00000000000079d4                __aeabi_drsub
                0x00000000000079dc                __aeabi_dsub
                0x00000000000079dc                __subdf3
                0x00000000000079e0                __adddf3
                0x00000000000079e0                __aeabi_dadd
                0x0000000000007c58                __aeabi_ui2d
                0x0000000000007c58                __floatunsidf
                0x0000000000007c78                __floatsidf
                0x0000000000007c78                __aeabi_i2d
                0x0000000000007c9c                __extendsfdf2
                0x0000000000007c9c                __aeabi_f2d
                0x0000000000007ce0                __aeabi_ul2d
                0x0000000000007ce0                __floatundidf
                0x0000000000007cf0                __floatdidf
                0x0000000000007cf0                __aeabi_l2d
 .text          0x0000000000007d4c      0x424 /usr/bin/../lib/gcc/arm-none-eabi/7.3.1/thumb/v7e-m/fpv4-sp/hard/libgcc.a(_arm_muldivdf3.o)
                0x0000000000007d4c                __aeabi_dmul
                0x0000000000007d4c                __muldf3
                0x0000000000007fa0                __aeabi_ddiv
                0x0000000000007fa0                __divdf3
 .text          0x0000000000008170      0x110 /usr/bin/../lib/gcc/arm-none-eabi/7.3.1/thumb/v7e-m/fpv4-sp/hard/libgcc.a(_arm_cmpdf2.o)
                0x0000000000008170                __gtdf2
                0x0000000000008170                __gedf2
                0x0000000000008178                __ltdf2
                0x0000000000008178                __ledf2
                0x0000000000008180                __cmpdf2
                0x0000000000008180                __eqdf2
                0x0000000000008180                __nedf2
                0x00000000000081fc                __aeabi_cdrcmple
                0x000000000000820c                __aeabi_cdcmple
                0x000000000000820c                __aeabi_cdcmpeq
                0x000000000000821c                __aeabi_dcmpeq
                0x0000000000008230                __aeabi_dcmplt
                0x0000000000008244                __aeabi_dcmple
                0x0000000000008258                __aeabi_dcmpge
                0x000000000000826c                __aeabi_dcmpgt
 .text          0x0000000000008280       0x2c /usr/bin/../lib/gcc/arm-none-eabi/7.3.1/thumb/v7e-m/fpv4-sp/hard/libgcc.a(_arm_unorddf2.o)
                0x0000000000008280                __aeabi_dcmpun
                0x0000000000008280                __unorddf2
 .text          0x00000000000082ac       0x50 /usr/bin/../lib/gcc/arm-none-eabi/7.3.1/thumb/v7e-m/fpv4-sp/hard/libgcc.a(_arm_fixdfsi.o)
                0x00000000000082ac                __fixdfsi
                0x00000000000082ac                __aeabi_d2iz
 .text          0x00000000000082fc       0x30 /usr/bin/../lib/gcc/arm-none-eabi/7.3.1/thumb/v7e-m/fpv4-sp/hard/libgcc.a(_aeabi_uldivmod.o)
                0x00000000000082fc                __aeabi_uldivmod
 .text          0x000000000000832c      0x2cc /usr/bin/../lib/gcc/arm-none-eabi/7.3.1/thumb/v7e-m/fpv4-sp/hard/libgcc.a(_udivmoddi4.o)
                0x000000000000832c                __udivmoddi4
 .text          0x00000000000085f8        0x4 /usr/bin/../lib/gcc/arm-none-eabi/7.3.1/thumb/v7e-m/fpv4-sp/hard/libgcc.a(_dvmd_tls.o)
                0x00000000000085f8                __aeabi_ldiv0
                0x00000000000085f8                __aeabi_idiv0
 *(.init)
 .init          0x00000000000085fc        0x4 /usr/bin/../lib/gcc/arm-none-eabi/7.3.1/thumb/v7e-m/fpv4-sp/hard/crti.o
                0x00000000000085fc                _init
 .init          0x0000000000008600        0x8 /usr/bin/../lib/gcc/arm-none-eabi/7.3.1/thumb/v7e-m/fpv4-sp/hard/crtn.o
 *(.fini)
 .fini          0x0000000000008608        0x4 /usr/bin/../lib/gcc/arm-none-eabi/7.3.1/thumb/v7e-m/fpv4-sp/hard/crti.o
                0x0000000000008608                _fini
 .fini          0x000000000000860c        0x8 /usr/bin/../lib/gcc/arm-none-eabi/7.3.1/thumb/v7e-m/fpv4-sp/hard/crtn.o
 *crtbegin.o(.ctors)
 *crtbegin?.o(.ctors)
 *(EXCLUDE_FILE(*crtend.o *crtend?.o) .ctors)
 *(SORT_BY_NAME(.ctors.*))
 *(.ctors)
 *crtbegin.o(.dtors)
 *crtbegin?.o(.dtors)
 *(EXCLUDE_FILE(*crtend.o *crtend?.o) .dtors)
 *(SORT_BY_NAME(.dtors.*))
 *(.dtors)
 *(.rodata*)
 .rodata.GPIOTE_IRQHandler.str1.1
                0x0000000000008614       0x33 _build/main.o
 *fill*         0x0000000000008647        0x9 
 .rodata.delay_machine_code.8224
                0x0000000000008650        0x6 _build/main.o
 .rodata.main.str1.1
                0x0000000000008656       0x22 _build/main.o
 *fill*         0x0000000000008678        0x8 
 .rodata.delay_machine_code.8843
                0x0000000000008680        0x6 _build/app_timer.o
 .rodata.app_util_critical_region_enter.str1.1
                0x0000000000008686       0x55 _build/app_util_platform.o
 .rodata.HardFault_c_handler.str1.1
                0x00000000000086db      0x12e _build/hardfault_implementation.o
 *fill*         0x0000000000008809        0x3 
 .rodata.cfsr_msgs.9036
                0x000000000000880c       0x68 _build/hardfault_implementation.o
 .rodata.str1.1
                0x0000000000008874      0x4c0 _build/hardfault_implementation.o
 .rodata.nrf_balloc_init.str1.1
                0x0000000000008d34       0x50 _build/nrf_balloc.o
 .rodata.nrf_drv_clock_uninit.str1.1
                0x0000000000008d84       0x4f _build/nrf_drv_clock.o
 .rodata.str1.1
                0x0000000000008dd3       0x4f _build/nrf_drv_clock.o
                                          0x6 (size before relaxing)
 .rodata.nrf_fprintf_buffer_flush.str1.1
                0x0000000000008dd3       0x46 _build/nrf_fprintf.o
 .rodata._aV2C.7519
                0x0000000000008e19       0x10 _build/nrf_fprintf_format.o
 .rodata.nrf_fprintf_fmt.str1.1
                0x0000000000008e29       0x4d _build/nrf_fprintf_format.o
 *fill*         0x0000000000008e76        0xa 
 .rodata.delay_machine_code.9117
                0x0000000000008e80        0x6 _build/nrf_log_backend_rtt.o
 *fill*         0x0000000000008e86        0x2 
 .rodata.nrf_log_backend_rtt_api
                0x0000000000008e88        0xc _build/nrf_log_backend_rtt.o
                0x0000000000008e88                nrf_log_backend_rtt_api
 .rodata.nrf_log_default_backends_init.str1.1
                0x0000000000008e94       0x5f _build/nrf_log_default_backends.o
 .rodata.str1.1
                0x0000000000008ef3       0x10 _build/nrf_log_default_backends.o
 .rodata.buf_prealloc.str1.1
                0x0000000000008f03       0x57 _build/nrf_log_frontend.o
 *fill*         0x0000000000008f5a        0x2 
 .rodata.m_log_push_ringbuf
                0x0000000000008f5c        0xc _build/nrf_log_frontend.o
 .rodata.nrf_log_frontend_dequeue.str1.1
                0x0000000000008f68       0x11 _build/nrf_log_frontend.o
 .rodata.str1.1
                0x0000000000008f79        0x4 _build/nrf_log_frontend.o
 *fill*         0x0000000000008f7d        0x3 
 .rodata.m_colors
                0x0000000000008f80       0x24 _build/nrf_log_str_formatter.o
 .rodata.nrf_log_hexdump_entry_process.str1.1
                0x0000000000008fa4        0xf _build/nrf_log_str_formatter.o
                                         0x11 (size before relaxing)
 .rodata.postfix_process.str1.1
                0x0000000000008fb3        0x8 _build/nrf_log_str_formatter.o
                                          0xb (size before relaxing)
 .rodata.prefix_process.str1.1
                0x0000000000008fbb       0x2a _build/nrf_log_str_formatter.o
 *fill*         0x0000000000008fe5        0x3 
 .rodata.severity_names
                0x0000000000008fe8       0x14 _build/nrf_log_str_formatter.o
 .rodata.str1.1
                0x0000000000008ffc       0x4b _build/nrf_log_str_formatter.o
                                         0x51 (size before relaxing)
 .rodata.str1.1
                0x0000000000009047        0x9 _build/nrf_pwr_mgmt.o
 .rodata.memobj_op.str1.1
                0x0000000000009050       0x50 _build/nrf_memobj.o
 .rodata.m_unknown_str
                0x00000000000090a0       0x13 _build/nrf_strerror.o
 *fill*         0x00000000000090b3        0x1 
 .rodata.nrf_strerror_array
                0x00000000000090b4      0x118 _build/nrf_strerror.o
 .rodata.str1.1
                0x00000000000091cc      0x391 _build/nrf_strerror.o
 .rodata.UARTE0_UART0_IRQHandler.str1.1
                0x000000000000955d       0x4f _build/nrfx_prs.o
 .rodata.str1.1
                0x00000000000095ac        0x4 _build/nrfx_prs.o
 .rodata.str1.1
                0x00000000000095b0        0x6 _build/nrfx_saadc.o
 .rodata.SPIM1_SPIS1_TWIM1_TWIS1_SPI1_TWI1_IRQHandler.str1.1
                0x00000000000095b6       0x4c _build/nrfx_spim.o
 .rodata.nrf_gpio_pin_port_decode.isra.0.part.1.str1.1
                0x0000000000009602       0x43 _build/nrfx_spim.o
 .rodata.str1.1
                0x0000000000009645        0x5 _build/nrfx_spim.o
 .rodata.str1.1
                0x000000000000964a        0x6 _build/nrfx_timer.o
 .rodata.SPIM0_SPIS0_TWIM0_TWIS0_SPI0_TWI0_IRQHandler.str1.1
                0x0000000000009650       0x4c _build/nrfx_twim.o
 .rodata.str1.1
                0x000000000000969c        0x5 _build/nrfx_twim.o
 .rodata.str1.1
                0x00000000000096a1        0x5 _build/nrfx_uart.o
 .rodata.str1.1
                0x00000000000096a6        0x6 _build/nrfx_uarte.o
 .rodata._DoInit.str1.1
                0x00000000000096ac       0x14 _build/SEGGER_RTT.o
 .rodata.app_error_fault_handler.str1.1
                0x00000000000096c0       0x6c _build/app_error_weak.o
 .rodata._global_impure_ptr
                0x000000000000972c        0x4 /usr/bin/../lib/gcc/arm-none-eabi/7.3.1/../../../../arm-none-eabi/lib/thumb/v7e-m/fpv4-sp/hard/libc.a(lib_a-impure.o)
                0x000000000000972c                _global_impure_ptr
 .rodata._setlocale_r.str1.4
                0x0000000000009730        0xa /usr/bin/../lib/gcc/arm-none-eabi/7.3.1/../../../../arm-none-eabi/lib/thumb/v7e-m/fpv4-sp/hard/libc.a(lib_a-locale.o)
                                          0xd (size before relaxing)
 *fill*         0x000000000000973a        0x2 
 .rodata.str1.4
                0x000000000000973c        0x2 /usr/bin/../lib/gcc/arm-none-eabi/7.3.1/../../../../arm-none-eabi/lib/thumb/v7e-m/fpv4-sp/hard/libc.a(lib_a-locale.o)
 *fill*         0x000000000000973e        0x2 
 .rodata._vfprintf_r.str1.4
                0x0000000000009740       0x42 /usr/bin/../lib/gcc/arm-none-eabi/7.3.1/../../../../arm-none-eabi/lib/thumb/v7e-m/fpv4-sp/hard/libc.a(lib_a-vfprintf.o)
 *fill*         0x0000000000009782        0x2 
 .rodata.blanks.8605
                0x0000000000009784       0x10 /usr/bin/../lib/gcc/arm-none-eabi/7.3.1/../../../../arm-none-eabi/lib/thumb/v7e-m/fpv4-sp/hard/libc.a(lib_a-vfprintf.o)
 .rodata.zeroes.8606
                0x0000000000009794       0x10 /usr/bin/../lib/gcc/arm-none-eabi/7.3.1/../../../../arm-none-eabi/lib/thumb/v7e-m/fpv4-sp/hard/libc.a(lib_a-vfprintf.o)
 .rodata._ctype_
                0x00000000000097a4      0x101 /usr/bin/../lib/gcc/arm-none-eabi/7.3.1/../../../../arm-none-eabi/lib/thumb/v7e-m/fpv4-sp/hard/libc.a(lib_a-ctype_.o)
                0x00000000000097a4                _ctype_
 *fill*         0x00000000000098a5        0x3 
 .rodata._dtoa_r.str1.4
                0x00000000000098a8       0x10 /usr/bin/../lib/gcc/arm-none-eabi/7.3.1/../../../../arm-none-eabi/lib/thumb/v7e-m/fpv4-sp/hard/libc.a(lib_a-dtoa.o)
                                         0x12 (size before relaxing)
 .rodata.__mprec_bigtens
                0x00000000000098b8       0x28 /usr/bin/../lib/gcc/arm-none-eabi/7.3.1/../../../../arm-none-eabi/lib/thumb/v7e-m/fpv4-sp/hard/libc.a(lib_a-mprec.o)
                0x00000000000098b8                __mprec_bigtens
 .rodata.__mprec_tens
                0x00000000000098e0       0xc8 /usr/bin/../lib/gcc/arm-none-eabi/7.3.1/../../../../arm-none-eabi/lib/thumb/v7e-m/fpv4-sp/hard/libc.a(lib_a-mprec.o)
                0x00000000000098e0                __mprec_tens
 .rodata.p05.7367
                0x00000000000099a8        0xc /usr/bin/../lib/gcc/arm-none-eabi/7.3.1/../../../../arm-none-eabi/lib/thumb/v7e-m/fpv4-sp/hard/libc.a(lib_a-mprec.o)
 *(.eh_frame*)
 .eh_frame      0x00000000000099b4        0x0 /usr/bin/../lib/gcc/arm-none-eabi/7.3.1/thumb/v7e-m/fpv4-sp/hard/crtbegin.o
 .eh_frame      0x00000000000099b4        0x4 /usr/bin/../lib/gcc/arm-none-eabi/7.3.1/thumb/v7e-m/fpv4-sp/hard/crtend.o

.glue_7         0x00000000000099b8        0x0
 .glue_7        0x00000000000099b8        0x0 linker stubs

.glue_7t        0x00000000000099b8        0x0
 .glue_7t       0x00000000000099b8        0x0 linker stubs

.vfp11_veneer   0x00000000000099b8        0x0
 .vfp11_veneer  0x00000000000099b8        0x0 linker stubs

.v4_bx          0x00000000000099b8        0x0
 .v4_bx         0x00000000000099b8        0x0 linker stubs

.iplt           0x00000000000099b8        0x0
 .iplt          0x00000000000099b8        0x0 /usr/bin/../lib/gcc/arm-none-eabi/7.3.1/thumb/v7e-m/fpv4-sp/hard/crtbegin.o

.mem_section_dummy_rom

.log_const_data
                0x00000000000099b8       0x58
                0x00000000000099b8                PROVIDE (__start_log_const_data = .)
 *(SORT_BY_NAME(.log_const_data*))
 .log_const_data_PRS
                0x00000000000099b8        0x8 _build/nrfx_prs.o
                0x00000000000099b8                m_nrf_log_PRS_logs_data_const
 .log_const_data_SAADC
                0x00000000000099c0        0x8 _build/nrfx_saadc.o
                0x00000000000099c0                m_nrf_log_SAADC_logs_data_const
 .log_const_data_SPIM
                0x00000000000099c8        0x8 _build/nrfx_spim.o
                0x00000000000099c8                m_nrf_log_SPIM_logs_data_const
 .log_const_data_TIMER
                0x00000000000099d0        0x8 _build/nrfx_timer.o
                0x00000000000099d0                m_nrf_log_TIMER_logs_data_const
 .log_const_data_TWIM
                0x00000000000099d8        0x8 _build/nrfx_twim.o
                0x00000000000099d8                m_nrf_log_TWIM_logs_data_const
 .log_const_data_UART
                0x00000000000099e0        0x8 _build/nrfx_uart.o
                0x00000000000099e0                m_nrf_log_UART_logs_data_const
 .log_const_data_UARTE
                0x00000000000099e8        0x8 _build/nrfx_uarte.o
                0x00000000000099e8                m_nrf_log_UARTE_logs_data_const
 .log_const_data_app
                0x00000000000099f0        0x8 _build/nrf_log_frontend.o
                0x00000000000099f0                m_nrf_log_app_logs_data_const
 .log_const_data_clock
                0x00000000000099f8        0x8 _build/nrf_drv_clock.o
                0x00000000000099f8                m_nrf_log_clock_logs_data_const
 .log_const_data_hardfault
                0x0000000000009a00        0x8 _build/hardfault_implementation.o
                0x0000000000009a00                m_nrf_log_hardfault_logs_data_const
 .log_const_data_pwr_mgmt
                0x0000000000009a08        0x8 _build/nrf_pwr_mgmt.o
                0x0000000000009a08                m_nrf_log_pwr_mgmt_logs_data_const
                0x0000000000009a10                PROVIDE (__stop_log_const_data = .)

.nrf_balloc     0x0000000000009a10       0x14
                [!provide]                        PROVIDE (__start_nrf_balloc = .)
 *(.nrf_balloc)
 .nrf_balloc    0x0000000000009a10       0x14 _build/nrf_log_frontend.o
                0x0000000000009a10                log_mempool
                [!provide]                        PROVIDE (__stop_nrf_balloc = .)

.log_backends   0x0000000000009a24       0x10
 .log_backends  0x0000000000009a24       0x10 _build/nrf_log_default_backends.o

.nrf_queue      0x0000000000009a34        0x0
                [!provide]                        PROVIDE (__start_nrf_queue = .)
 *(.nrf_queue)
                [!provide]                        PROVIDE (__stop_nrf_queue = .)

.pwr_mgmt_data  0x0000000000009a34        0x0
                0x0000000000009a34                PROVIDE (__start_pwr_mgmt_data = .)
 *(SORT_BY_NAME(.pwr_mgmt_data*))
                0x0000000000009a34                PROVIDE (__stop_pwr_mgmt_data = .)

.crypto_data    0x0000000000009a34        0x0
                [!provide]                        PROVIDE (__start_crypto_data = .)
 *(SORT_BY_NAME(.crypto_data*))
                [!provide]                        PROVIDE (__stop_crypto_data = .)

.cli_command    0x0000000000009a34        0x0
                [!provide]                        PROVIDE (__start_cli_command = .)
 *(.cli_command)
                [!provide]                        PROVIDE (__stop_cli_command = .)

.ARM.extab
 *(.ARM.extab* .gnu.linkonce.armextab.*)
                0x0000000000009a34                __exidx_start = .

.ARM.exidx      0x0000000000009a34        0x8
 *(.ARM.exidx* .gnu.linkonce.armexidx.*)
 .ARM.exidx     0x0000000000009a34        0x8 /usr/bin/../lib/gcc/arm-none-eabi/7.3.1/../../../../arm-none-eabi/lib/thumb/v7e-m/fpv4-sp/hard/crt0.o
 .ARM.exidx     0x0000000000009a3c        0x0 /usr/bin/../lib/gcc/arm-none-eabi/7.3.1/thumb/v7e-m/fpv4-sp/hard/libgcc.a(_udivmoddi4.o)
                                          0x8 (size before relaxing)
                0x0000000000009a3c                __exidx_end = .
                0x0000000000009a3c                __etext = .

.rel.dyn        0x0000000000009a3c        0x0
 .rel.iplt      0x0000000000009a3c        0x0 /usr/bin/../lib/gcc/arm-none-eabi/7.3.1/thumb/v7e-m/fpv4-sp/hard/crtbegin.o

.data           0x0000000020000000      0x9c8 load address 0x0000000000009a3c
                0x0000000020000000                __data_start__ = .
 *(vtable)
 *(.data*)
 .data.log_backend_cb_rtt_log_backend
                0x0000000020000000        0x8 _build/nrf_log_default_backends.o
 .data.SystemCoreClock
                0x0000000020000008        0x4 _build/system_nrf52.o
                0x0000000020000008                SystemCoreClock
 .data._impure_ptr
                0x000000002000000c        0x4 /usr/bin/../lib/gcc/arm-none-eabi/7.3.1/../../../../arm-none-eabi/lib/thumb/v7e-m/fpv4-sp/hard/libc.a(lib_a-impure.o)
                0x000000002000000c                _impure_ptr
 .data.impure_data
                0x0000000020000010      0x428 /usr/bin/../lib/gcc/arm-none-eabi/7.3.1/../../../../arm-none-eabi/lib/thumb/v7e-m/fpv4-sp/hard/libc.a(lib_a-impure.o)
 .data.__global_locale
                0x0000000020000438      0x16c /usr/bin/../lib/gcc/arm-none-eabi/7.3.1/../../../../arm-none-eabi/lib/thumb/v7e-m/fpv4-sp/hard/libc.a(lib_a-locale.o)
                0x0000000020000438                __global_locale
 .data.__atexit_recursive_mutex
                0x00000000200005a4        0x4 /usr/bin/../lib/gcc/arm-none-eabi/7.3.1/../../../../arm-none-eabi/lib/thumb/v7e-m/fpv4-sp/hard/libc.a(lib_a-__call_atexit.o)
                0x00000000200005a4                __atexit_recursive_mutex
 .data.__malloc_av_
                0x00000000200005a8      0x408 /usr/bin/../lib/gcc/arm-none-eabi/7.3.1/../../../../arm-none-eabi/lib/thumb/v7e-m/fpv4-sp/hard/libc.a(lib_a-mallocr.o)
                0x00000000200005a8                __malloc_av_
 .data.__malloc_sbrk_base
                0x00000000200009b0        0x4 /usr/bin/../lib/gcc/arm-none-eabi/7.3.1/../../../../arm-none-eabi/lib/thumb/v7e-m/fpv4-sp/hard/libc.a(lib_a-mallocr.o)
                0x00000000200009b0                __malloc_sbrk_base
 .data.__malloc_trim_threshold
                0x00000000200009b4        0x4 /usr/bin/../lib/gcc/arm-none-eabi/7.3.1/../../../../arm-none-eabi/lib/thumb/v7e-m/fpv4-sp/hard/libc.a(lib_a-mallocr.o)
                0x00000000200009b4                __malloc_trim_threshold
                0x00000000200009b8                . = ALIGN (0x4)
                0x00000000200009b8                PROVIDE (__preinit_array_start = .)
 *(.preinit_array)
                0x00000000200009b8                PROVIDE (__preinit_array_end = .)
                0x00000000200009b8                . = ALIGN (0x4)
                0x00000000200009b8                PROVIDE (__init_array_start = .)
 *(SORT_BY_NAME(.init_array.*))
 .init_array.00000
                0x00000000200009b8        0x4 /usr/bin/../lib/gcc/arm-none-eabi/7.3.1/../../../../arm-none-eabi/lib/thumb/v7e-m/fpv4-sp/hard/libc.a(lib_a-__call_atexit.o)
 *(.init_array)
 .init_array    0x00000000200009bc        0x4 /usr/bin/../lib/gcc/arm-none-eabi/7.3.1/thumb/v7e-m/fpv4-sp/hard/crtbegin.o
 .init_array    0x00000000200009c0        0x4 _build/before_startup.o
                0x00000000200009c4                PROVIDE (__init_array_end = .)
                0x00000000200009c4                . = ALIGN (0x4)
                0x00000000200009c4                PROVIDE (__fini_array_start = .)
 *(SORT_BY_NAME(.fini_array.*))
 *(.fini_array)
 .fini_array    0x00000000200009c4        0x4 /usr/bin/../lib/gcc/arm-none-eabi/7.3.1/thumb/v7e-m/fpv4-sp/hard/crtbegin.o
                0x00000000200009c8                PROVIDE (__fini_array_end = .)
 *(.jcr*)
                0x00000000200009c8                . = ALIGN (0x4)
                0x00000000200009c8                __data_end__ = .
LOAD /usr/bin/../lib/gcc/arm-none-eabi/7.3.1/thumb/v7e-m/fpv4-sp/hard/crti.o
LOAD /usr/bin/../lib/gcc/arm-none-eabi/7.3.1/thumb/v7e-m/fpv4-sp/hard/crtbegin.o
LOAD /usr/bin/../lib/gcc/arm-none-eabi/7.3.1/../../../../arm-none-eabi/lib/thumb/v7e-m/fpv4-sp/hard/crt0.o
START GROUP
LOAD _build/gpio.o
LOAD _build/main.o
LOAD _build/app_error.o
LOAD _build/app_error_handler_gcc.o
LOAD _build/app_scheduler.o
LOAD _build/app_timer.o
LOAD _build/app_uart.o
LOAD _build/app_util_platform.o
LOAD _build/before_startup.o
LOAD _build/hardfault_handler_gcc.o
LOAD _build/hardfault_implementation.o
LOAD _build/nrf_assert.o
LOAD _build/nrf_atomic.o
LOAD _build/nrf_balloc.o
LOAD _build/nrf_drv_clock.o
LOAD _build/nrf_drv_spi.o
LOAD _build/nrf_drv_twi.o
LOAD _build/nrf_drv_uart.o
LOAD _build/nrf_fprintf.o
LOAD _build/nrf_fprintf_format.o
LOAD _build/nrf_log_backend_rtt.o
LOAD _build/nrf_log_backend_serial.o
LOAD _build/nrf_log_backend_uart.o
LOAD _build/nrf_log_default_backends.o
LOAD _build/nrf_log_frontend.o
LOAD _build/nrf_log_str_formatter.o
LOAD _build/nrf_pwr_mgmt.o
LOAD _build/nrf_ringbuf.o
LOAD _build/nrf_memobj.o
LOAD _build/nrf_section_iter.o
LOAD _build/nrf_serial.o
LOAD _build/nrf_strerror.o
LOAD _build/nrf_queue.o
LOAD _build/nrfx_prs.o
LOAD _build/nrfx_saadc.o
LOAD _build/nrfx_spi.o
LOAD _build/nrfx_spim.o
LOAD _build/nrfx_timer.o
LOAD _build/nrfx_twi.o
LOAD _build/nrfx_twim.o
LOAD _build/nrfx_uart.o
LOAD _build/nrfx_uarte.o
LOAD _build/SEGGER_RTT.o
LOAD _build/SEGGER_RTT_Syscalls_GCC.o
LOAD _build/SEGGER_RTT_printf.o
LOAD _build/simple_logger.o
LOAD _build/ff.o
LOAD _build/mmc_nrf.o
LOAD _build/system_nrf52.o
LOAD _build/app_error_weak.o
LOAD _build/gcc_startup_nrf52.os
LOAD /usr/bin/../lib/gcc/arm-none-eabi/7.3.1/../../../../arm-none-eabi/lib/thumb/v7e-m/fpv4-sp/hard/libc.a
LOAD /usr/bin/../lib/gcc/arm-none-eabi/7.3.1/../../../../arm-none-eabi/lib/thumb/v7e-m/fpv4-sp/hard/libnosys.a
LOAD /usr/bin/../lib/gcc/arm-none-eabi/7.3.1/../../../../arm-none-eabi/lib/thumb/v7e-m/fpv4-sp/hard/libm.a
LOAD /usr/bin/../lib/gcc/arm-none-eabi/7.3.1/../../../../arm-none-eabi/lib/thumb/v7e-m/fpv4-sp/hard/libstdc++.a
END GROUP
START GROUP
LOAD /usr/bin/../lib/gcc/arm-none-eabi/7.3.1/thumb/v7e-m/fpv4-sp/hard/libgcc.a
LOAD /usr/bin/../lib/gcc/arm-none-eabi/7.3.1/../../../../arm-none-eabi/lib/thumb/v7e-m/fpv4-sp/hard/libc.a
END GROUP
LOAD /usr/bin/../lib/gcc/arm-none-eabi/7.3.1/thumb/v7e-m/fpv4-sp/hard/crtend.o
LOAD /usr/bin/../lib/gcc/arm-none-eabi/7.3.1/thumb/v7e-m/fpv4-sp/hard/crtn.o
START GROUP
LOAD /usr/bin/../lib/gcc/arm-none-eabi/7.3.1/thumb/v7e-m/fpv4-sp/hard/libgcc.a
LOAD /usr/bin/../lib/gcc/arm-none-eabi/7.3.1/../../../../arm-none-eabi/lib/thumb/v7e-m/fpv4-sp/hard/libc.a
LOAD /usr/bin/../lib/gcc/arm-none-eabi/7.3.1/../../../../arm-none-eabi/lib/thumb/v7e-m/fpv4-sp/hard/libnosys.a
END GROUP

.igot.plt       0x00000000200009c8        0x0 load address 0x000000000000a404
 .igot.plt      0x00000000200009c8        0x0 /usr/bin/../lib/gcc/arm-none-eabi/7.3.1/thumb/v7e-m/fpv4-sp/hard/crtbegin.o
                0x00000000200009c8                . = ALIGN (0x4)

.mem_section_dummy_ram

.log_dynamic_data
                0x00000000200009c8        0x0
                0x00000000200009c8                PROVIDE (__start_log_dynamic_data = .)
 *(SORT_BY_NAME(.log_dynamic_data*))
                [!provide]                        PROVIDE (__stop_log_dynamic_data = .)

.fs_data        0x00000000200009c8        0x0
                [!provide]                        PROVIDE (__start_fs_data = .)
 *(.fs_data)
                [!provide]                        PROVIDE (__stop_fs_data = .)

.cli_sorted_cmd_ptrs
                0x00000000200009c8        0x0
                [!provide]                        PROVIDE (__start_cli_sorted_cmd_ptrs = .)
 *(.cli_sorted_cmd_ptrs)
                [!provide]                        PROVIDE (__stop_cli_sorted_cmd_ptrs = .)

.bss            0x00000000200009c8      0xb08 load address 0x000000000000a408
                0x00000000200009c8                . = ALIGN (0x4)
                0x00000000200009c8                __bss_start__ = .
 *(.bss*)
 .bss           0x00000000200009c8       0x1c /usr/bin/../lib/gcc/arm-none-eabi/7.3.1/thumb/v7e-m/fpv4-sp/hard/crtbegin.o
 .bss.m_error_data.8041
                0x00000000200009e4       0x20 _build/app_error.o
 .bss.m_op_queue
                0x0000000020000a04      0x10c _build/app_timer.o
 .bss.m_rtc1_reset
                0x0000000020000b10        0x1 _build/app_timer.o
 .bss.m_rtc1_running
                0x0000000020000b11        0x1 _build/app_timer.o
 *fill*         0x0000000020000b12        0x2 
 .bss.m_ticks_elapsed
                0x0000000020000b14        0x8 _build/app_timer.o
 .bss.m_ticks_elapsed_q_read_ind
                0x0000000020000b1c        0x1 _build/app_timer.o
 .bss.m_ticks_elapsed_q_write_ind
                0x0000000020000b1d        0x1 _build/app_timer.o
 *fill*         0x0000000020000b1e        0x2 
 .bss.m_ticks_latest
                0x0000000020000b20        0x4 _build/app_timer.o
 .bss.mp_timer_id_head
                0x0000000020000b24        0x4 _build/app_timer.o
 .bss.m_in_critical_region
                0x0000000020000b28        0x4 _build/app_util_platform.o
 .bss.m_clock_cb
                0x0000000020000b2c       0x14 _build/nrf_drv_clock.o
 .bss.m_host_present
                0x0000000020000b40        0x1 _build/nrf_log_backend_rtt.o
 .bss.m_string_buff
                0x0000000020000b41       0x40 _build/nrf_log_backend_rtt.o
 *fill*         0x0000000020000b81        0x3 
 .bss.log_mempool_nrf_balloc_cb
                0x0000000020000b84        0x8 _build/nrf_log_frontend.o
 .bss.log_mempool_nrf_balloc_pool_mem
                0x0000000020000b8c       0xc0 _build/nrf_log_frontend.o
 .bss.log_mempool_nrf_balloc_pool_stack
                0x0000000020000c4c        0x8 _build/nrf_log_frontend.o
 .bss.m_log_data
                0x0000000020000c54      0x424 _build/nrf_log_frontend.o
 .bss.m_log_push_ringbuf_buf
                0x0000000020001078       0x80 _build/nrf_log_frontend.o
 .bss.m_log_push_ringbuf_cb
                0x00000000200010f8       0x18 _build/nrf_log_frontend.o
 .bss.m_prs_box_4
                0x0000000020001110        0x8 _build/nrfx_prs.o
 .bss.m_cb      0x0000000020001118       0x30 _build/nrfx_saadc.o
 .bss.m_cb      0x0000000020001148       0x24 _build/nrfx_spim.o
 .bss.m_cb      0x000000002000116c       0x18 _build/nrfx_timer.o
 .bss.m_cb      0x0000000020001184       0x34 _build/nrfx_twim.o
 .bss._acDownBuffer
                0x00000000200011b8       0x10 _build/SEGGER_RTT.o
 .bss._acUpBuffer
                0x00000000200011c8      0x200 _build/SEGGER_RTT.o
 .bss.__malloc_current_mallinfo
                0x00000000200013c8       0x28 /usr/bin/../lib/gcc/arm-none-eabi/7.3.1/../../../../arm-none-eabi/lib/thumb/v7e-m/fpv4-sp/hard/libc.a(lib_a-mallocr.o)
                0x00000000200013c8                __malloc_current_mallinfo
 .bss.__malloc_max_sbrked_mem
                0x00000000200013f0        0x4 /usr/bin/../lib/gcc/arm-none-eabi/7.3.1/../../../../arm-none-eabi/lib/thumb/v7e-m/fpv4-sp/hard/libc.a(lib_a-mallocr.o)
                0x00000000200013f0                __malloc_max_sbrked_mem
 .bss.__malloc_max_total_mem
                0x00000000200013f4        0x4 /usr/bin/../lib/gcc/arm-none-eabi/7.3.1/../../../../arm-none-eabi/lib/thumb/v7e-m/fpv4-sp/hard/libc.a(lib_a-mallocr.o)
                0x00000000200013f4                __malloc_max_total_mem
 .bss.__malloc_top_pad
                0x00000000200013f8        0x4 /usr/bin/../lib/gcc/arm-none-eabi/7.3.1/../../../../arm-none-eabi/lib/thumb/v7e-m/fpv4-sp/hard/libc.a(lib_a-mallocr.o)
                0x00000000200013f8                __malloc_top_pad
 .bss.heap_end.5377
                0x00000000200013fc        0x4 /usr/bin/../lib/gcc/arm-none-eabi/7.3.1/../../../../arm-none-eabi/lib/thumb/v7e-m/fpv4-sp/hard/libnosys.a(sbrk.o)
 *(COMMON)
 COMMON         0x0000000020001400       0x30 _build/main.o
                0x0000000020001400                ticks3
                0x0000000020001404                ticks1
                0x0000000020001408                ticks_duration3
                0x0000000020001410                distance
                0x0000000020001418                ticks_duration2
                0x0000000020001420                duration
                0x0000000020001428                ticks_duration1
                0x000000002000142c                ticks2
 COMMON         0x0000000020001430       0x78 _build/SEGGER_RTT.o
                0x0000000020001430                _SEGGER_RTT
 COMMON         0x00000000200014a8       0x21 /usr/bin/../lib/gcc/arm-none-eabi/7.3.1/../../../../arm-none-eabi/lib/thumb/v7e-m/fpv4-sp/hard/libc.a(lib_a-lock.o)
                0x00000000200014a8                __lock___atexit_recursive_mutex
                0x00000000200014ac                __lock___arc4random_mutex
                0x00000000200014b0                __lock___env_recursive_mutex
                0x00000000200014b4                __lock___sinit_recursive_mutex
                0x00000000200014b8                __lock___malloc_recursive_mutex
                0x00000000200014bc                __lock___at_quick_exit_mutex
                0x00000000200014c0                __lock___dd_hash_mutex
                0x00000000200014c4                __lock___tz_mutex
                0x00000000200014c8                __lock___sfp_recursive_mutex
 *fill*         0x00000000200014c9        0x3 
 COMMON         0x00000000200014cc        0x4 /usr/bin/../lib/gcc/arm-none-eabi/7.3.1/../../../../arm-none-eabi/lib/thumb/v7e-m/fpv4-sp/hard/libc.a(lib_a-reent.o)
                0x00000000200014cc                errno
                0x00000000200014d0                . = ALIGN (0x4)
                0x00000000200014d0                __bss_end__ = .

.heap           0x00000000200014d0     0x2000
                0x00000000200014d0                __HeapBase = .
                0x00000000200014d0                __end__ = .
                0x00000000200014d0                PROVIDE (end = .)
 *(.heap*)
 .heap          0x00000000200014d0     0x2000 _build/gcc_startup_nrf52.os
                0x00000000200034d0                __HeapLimit = .

.stack_dummy    0x00000000200014d0     0x2000
 *(.stack*)
 .stack         0x00000000200014d0     0x2000 _build/gcc_startup_nrf52.os
                0x0000000020010000                __StackTop = (ORIGIN (RAM) + LENGTH (RAM))
                0x000000002000e000                __StackLimit = (__StackTop - SIZEOF (.stack_dummy))
                0x0000000020010000                PROVIDE (__stack = __StackTop)
                0x0000000000000001                ASSERT ((__StackLimit >= __HeapLimit), region RAM overflowed with stack)
                0x00000000000009c8                DataInitFlashUsed = (__bss_start__ - __data_start__)
                0x0000000000009a3c                CodeFlashUsed = (__etext - ORIGIN (FLASH))
                0x000000000000a404                TotalFlashUsed = (CodeFlashUsed + DataInitFlashUsed)
                0x0000000000000001                ASSERT ((TotalFlashUsed <= LENGTH (FLASH)), region FLASH overflowed with .data and user data)
OUTPUT(_build/flowerBot_sdk15_blank.elf elf32-littlearm)

.ARM.attributes
                0x0000000000000000       0x30
 .ARM.attributes
                0x0000000000000000       0x22 /usr/bin/../lib/gcc/arm-none-eabi/7.3.1/thumb/v7e-m/fpv4-sp/hard/crti.o
 .ARM.attributes
                0x0000000000000022       0x34 /usr/bin/../lib/gcc/arm-none-eabi/7.3.1/thumb/v7e-m/fpv4-sp/hard/crtbegin.o
 .ARM.attributes
                0x0000000000000056       0x20 /usr/bin/../lib/gcc/arm-none-eabi/7.3.1/../../../../arm-none-eabi/lib/thumb/v7e-m/fpv4-sp/hard/crt0.o
 .ARM.attributes
                0x0000000000000076       0x39 _build/main.o
 .ARM.attributes
                0x00000000000000af       0x39 _build/app_error.o
 .ARM.attributes
                0x00000000000000e8       0x39 _build/app_error_handler_gcc.o
 .ARM.attributes
                0x0000000000000121       0x39 _build/app_timer.o
 .ARM.attributes
                0x000000000000015a       0x39 _build/app_util_platform.o
 .ARM.attributes
                0x0000000000000193       0x39 _build/before_startup.o
 .ARM.attributes
                0x00000000000001cc       0x39 _build/hardfault_handler_gcc.o
 .ARM.attributes
                0x0000000000000205       0x39 _build/hardfault_implementation.o
 .ARM.attributes
                0x000000000000023e       0x39 _build/nrf_assert.o
 .ARM.attributes
                0x0000000000000277       0x39 _build/nrf_atomic.o
 .ARM.attributes
                0x00000000000002b0       0x39 _build/nrf_balloc.o
 .ARM.attributes
                0x00000000000002e9       0x39 _build/nrf_drv_clock.o
 .ARM.attributes
                0x0000000000000322       0x39 _build/nrf_fprintf.o
 .ARM.attributes
                0x000000000000035b       0x39 _build/nrf_fprintf_format.o
 .ARM.attributes
                0x0000000000000394       0x39 _build/nrf_log_backend_rtt.o
 .ARM.attributes
                0x00000000000003cd       0x39 _build/nrf_log_backend_serial.o
 .ARM.attributes
                0x0000000000000406       0x39 _build/nrf_log_default_backends.o
 .ARM.attributes
                0x000000000000043f       0x39 _build/nrf_log_frontend.o
 .ARM.attributes
                0x0000000000000478       0x39 _build/nrf_log_str_formatter.o
 .ARM.attributes
                0x00000000000004b1       0x39 _build/nrf_pwr_mgmt.o
 .ARM.attributes
                0x00000000000004ea       0x39 _build/nrf_ringbuf.o
 .ARM.attributes
                0x0000000000000523       0x39 _build/nrf_memobj.o
 .ARM.attributes
                0x000000000000055c       0x39 _build/nrf_strerror.o
 .ARM.attributes
                0x0000000000000595       0x39 _build/nrfx_prs.o
 .ARM.attributes
                0x00000000000005ce       0x39 _build/nrfx_saadc.o
 .ARM.attributes
                0x0000000000000607       0x39 _build/nrfx_spim.o
 .ARM.attributes
                0x0000000000000640       0x39 _build/nrfx_timer.o
 .ARM.attributes
                0x0000000000000679       0x39 _build/nrfx_twim.o
 .ARM.attributes
                0x00000000000006b2       0x39 _build/nrfx_uart.o
 .ARM.attributes
                0x00000000000006eb       0x39 _build/nrfx_uarte.o
 .ARM.attributes
                0x0000000000000724       0x39 _build/SEGGER_RTT.o
 .ARM.attributes
                0x000000000000075d       0x39 _build/SEGGER_RTT_Syscalls_GCC.o
 .ARM.attributes
                0x0000000000000796       0x39 _build/system_nrf52.o
 .ARM.attributes
                0x00000000000007cf       0x39 _build/app_error_weak.o
 .ARM.attributes
                0x0000000000000808       0x1c _build/gcc_startup_nrf52.os
 .ARM.attributes
                0x0000000000000824       0x34 /usr/bin/../lib/gcc/arm-none-eabi/7.3.1/../../../../arm-none-eabi/lib/thumb/v7e-m/fpv4-sp/hard/libc.a(lib_a-exit.o)
 .ARM.attributes
                0x0000000000000858       0x34 /usr/bin/../lib/gcc/arm-none-eabi/7.3.1/../../../../arm-none-eabi/lib/thumb/v7e-m/fpv4-sp/hard/libc.a(lib_a-impure.o)
 .ARM.attributes
                0x000000000000088c       0x34 /usr/bin/../lib/gcc/arm-none-eabi/7.3.1/../../../../arm-none-eabi/lib/thumb/v7e-m/fpv4-sp/hard/libc.a(lib_a-init.o)
 .ARM.attributes
                0x00000000000008c0       0x34 /usr/bin/../lib/gcc/arm-none-eabi/7.3.1/../../../../arm-none-eabi/lib/thumb/v7e-m/fpv4-sp/hard/libc.a(lib_a-locale.o)
 .ARM.attributes
                0x00000000000008f4       0x34 /usr/bin/../lib/gcc/arm-none-eabi/7.3.1/../../../../arm-none-eabi/lib/thumb/v7e-m/fpv4-sp/hard/libc.a(lib_a-mbtowc_r.o)
 .ARM.attributes
                0x0000000000000928       0x20 /usr/bin/../lib/gcc/arm-none-eabi/7.3.1/../../../../arm-none-eabi/lib/thumb/v7e-m/fpv4-sp/hard/libc.a(lib_a-memcpy.o)
 .ARM.attributes
                0x0000000000000948       0x34 /usr/bin/../lib/gcc/arm-none-eabi/7.3.1/../../../../arm-none-eabi/lib/thumb/v7e-m/fpv4-sp/hard/libc.a(lib_a-memset.o)
 .ARM.attributes
                0x000000000000097c       0x34 /usr/bin/../lib/gcc/arm-none-eabi/7.3.1/../../../../arm-none-eabi/lib/thumb/v7e-m/fpv4-sp/hard/libc.a(lib_a-printf.o)
 .ARM.attributes
                0x00000000000009b0       0x34 /usr/bin/../lib/gcc/arm-none-eabi/7.3.1/../../../../arm-none-eabi/lib/thumb/v7e-m/fpv4-sp/hard/libc.a(lib_a-setbuf.o)
 .ARM.attributes
                0x00000000000009e4       0x34 /usr/bin/../lib/gcc/arm-none-eabi/7.3.1/../../../../arm-none-eabi/lib/thumb/v7e-m/fpv4-sp/hard/libc.a(lib_a-setvbuf.o)
 .ARM.attributes
                0x0000000000000a18       0x34 /usr/bin/../lib/gcc/arm-none-eabi/7.3.1/../../../../arm-none-eabi/lib/thumb/v7e-m/fpv4-sp/hard/libc.a(lib_a-strcpy.o)
 .ARM.attributes
                0x0000000000000a4c       0x20 /usr/bin/../lib/gcc/arm-none-eabi/7.3.1/../../../../arm-none-eabi/lib/thumb/v7e-m/fpv4-sp/hard/libc.a(lib_a-strlen.o)
 .ARM.attributes
                0x0000000000000a6c       0x34 /usr/bin/../lib/gcc/arm-none-eabi/7.3.1/../../../../arm-none-eabi/lib/thumb/v7e-m/fpv4-sp/hard/libc.a(lib_a-vfprintf.o)
 .ARM.attributes
                0x0000000000000aa0       0x34 /usr/bin/../lib/gcc/arm-none-eabi/7.3.1/../../../../arm-none-eabi/lib/thumb/v7e-m/fpv4-sp/hard/libc.a(lib_a-wctomb_r.o)
 .ARM.attributes
                0x0000000000000ad4       0x34 /usr/bin/../lib/gcc/arm-none-eabi/7.3.1/../../../../arm-none-eabi/lib/thumb/v7e-m/fpv4-sp/hard/libc.a(lib_a-wsetup.o)
 .ARM.attributes
                0x0000000000000b08       0x34 /usr/bin/../lib/gcc/arm-none-eabi/7.3.1/../../../../arm-none-eabi/lib/thumb/v7e-m/fpv4-sp/hard/libc.a(lib_a-__call_atexit.o)
 .ARM.attributes
                0x0000000000000b3c       0x34 /usr/bin/../lib/gcc/arm-none-eabi/7.3.1/../../../../arm-none-eabi/lib/thumb/v7e-m/fpv4-sp/hard/libc.a(lib_a-atexit.o)
 .ARM.attributes
                0x0000000000000b70       0x34 /usr/bin/../lib/gcc/arm-none-eabi/7.3.1/../../../../arm-none-eabi/lib/thumb/v7e-m/fpv4-sp/hard/libc.a(lib_a-ctype_.o)
 .ARM.attributes
                0x0000000000000ba4       0x34 /usr/bin/../lib/gcc/arm-none-eabi/7.3.1/../../../../arm-none-eabi/lib/thumb/v7e-m/fpv4-sp/hard/libc.a(lib_a-dtoa.o)
 .ARM.attributes
                0x0000000000000bd8       0x34 /usr/bin/../lib/gcc/arm-none-eabi/7.3.1/../../../../arm-none-eabi/lib/thumb/v7e-m/fpv4-sp/hard/libc.a(lib_a-fflush.o)
 .ARM.attributes
                0x0000000000000c0c       0x34 /usr/bin/../lib/gcc/arm-none-eabi/7.3.1/../../../../arm-none-eabi/lib/thumb/v7e-m/fpv4-sp/hard/libc.a(lib_a-findfp.o)
 .ARM.attributes
                0x0000000000000c40       0x34 /usr/bin/../lib/gcc/arm-none-eabi/7.3.1/../../../../arm-none-eabi/lib/thumb/v7e-m/fpv4-sp/hard/libc.a(lib_a-fini.o)
 .ARM.attributes
                0x0000000000000c74       0x34 /usr/bin/../lib/gcc/arm-none-eabi/7.3.1/../../../../arm-none-eabi/lib/thumb/v7e-m/fpv4-sp/hard/libc.a(lib_a-freer.o)
 .ARM.attributes
                0x0000000000000ca8       0x34 /usr/bin/../lib/gcc/arm-none-eabi/7.3.1/../../../../arm-none-eabi/lib/thumb/v7e-m/fpv4-sp/hard/libc.a(lib_a-fwalk.o)
 .ARM.attributes
                0x0000000000000cdc       0x34 /usr/bin/../lib/gcc/arm-none-eabi/7.3.1/../../../../arm-none-eabi/lib/thumb/v7e-m/fpv4-sp/hard/libc.a(lib_a-localeconv.o)
 .ARM.attributes
                0x0000000000000d10       0x34 /usr/bin/../lib/gcc/arm-none-eabi/7.3.1/../../../../arm-none-eabi/lib/thumb/v7e-m/fpv4-sp/hard/libc.a(lib_a-lock.o)
 .ARM.attributes
                0x0000000000000d44       0x34 /usr/bin/../lib/gcc/arm-none-eabi/7.3.1/../../../../arm-none-eabi/lib/thumb/v7e-m/fpv4-sp/hard/libc.a(lib_a-makebuf.o)
 .ARM.attributes
                0x0000000000000d78       0x34 /usr/bin/../lib/gcc/arm-none-eabi/7.3.1/../../../../arm-none-eabi/lib/thumb/v7e-m/fpv4-sp/hard/libc.a(lib_a-malloc.o)
 .ARM.attributes
                0x0000000000000dac       0x34 /usr/bin/../lib/gcc/arm-none-eabi/7.3.1/../../../../arm-none-eabi/lib/thumb/v7e-m/fpv4-sp/hard/libc.a(lib_a-mallocr.o)
 .ARM.attributes
                0x0000000000000de0       0x20 /usr/bin/../lib/gcc/arm-none-eabi/7.3.1/../../../../arm-none-eabi/lib/thumb/v7e-m/fpv4-sp/hard/libc.a(lib_a-memchr.o)
 .ARM.attributes
                0x0000000000000e00       0x34 /usr/bin/../lib/gcc/arm-none-eabi/7.3.1/../../../../arm-none-eabi/lib/thumb/v7e-m/fpv4-sp/hard/libc.a(lib_a-mlock.o)
 .ARM.attributes
                0x0000000000000e34       0x34 /usr/bin/../lib/gcc/arm-none-eabi/7.3.1/../../../../arm-none-eabi/lib/thumb/v7e-m/fpv4-sp/hard/libc.a(lib_a-mprec.o)
 .ARM.attributes
                0x0000000000000e68       0x34 /usr/bin/../lib/gcc/arm-none-eabi/7.3.1/../../../../arm-none-eabi/lib/thumb/v7e-m/fpv4-sp/hard/libc.a(lib_a-s_frexp.o)
 .ARM.attributes
                0x0000000000000e9c       0x34 /usr/bin/../lib/gcc/arm-none-eabi/7.3.1/../../../../arm-none-eabi/lib/thumb/v7e-m/fpv4-sp/hard/libc.a(lib_a-sbrkr.o)
 .ARM.attributes
                0x0000000000000ed0       0x34 /usr/bin/../lib/gcc/arm-none-eabi/7.3.1/../../../../arm-none-eabi/lib/thumb/v7e-m/fpv4-sp/hard/libc.a(lib_a-stdio.o)
 .ARM.attributes
                0x0000000000000f04       0x34 /usr/bin/../lib/gcc/arm-none-eabi/7.3.1/../../../../arm-none-eabi/lib/thumb/v7e-m/fpv4-sp/hard/libc.a(lib_a-strncpy.o)
 .ARM.attributes
                0x0000000000000f38       0x34 /usr/bin/../lib/gcc/arm-none-eabi/7.3.1/../../../../arm-none-eabi/lib/thumb/v7e-m/fpv4-sp/hard/libc.a(lib_a-vfiprintf.o)
 .ARM.attributes
                0x0000000000000f6c       0x34 /usr/bin/../lib/gcc/arm-none-eabi/7.3.1/../../../../arm-none-eabi/lib/thumb/v7e-m/fpv4-sp/hard/libc.a(lib_a-__atexit.o)
 .ARM.attributes
                0x0000000000000fa0       0x34 /usr/bin/../lib/gcc/arm-none-eabi/7.3.1/../../../../arm-none-eabi/lib/thumb/v7e-m/fpv4-sp/hard/libc.a(lib_a-callocr.o)
 .ARM.attributes
                0x0000000000000fd4       0x34 /usr/bin/../lib/gcc/arm-none-eabi/7.3.1/../../../../arm-none-eabi/lib/thumb/v7e-m/fpv4-sp/hard/libc.a(lib_a-closer.o)
 .ARM.attributes
                0x0000000000001008       0x34 /usr/bin/../lib/gcc/arm-none-eabi/7.3.1/../../../../arm-none-eabi/lib/thumb/v7e-m/fpv4-sp/hard/libc.a(lib_a-fclose.o)
 .ARM.attributes
                0x000000000000103c       0x34 /usr/bin/../lib/gcc/arm-none-eabi/7.3.1/../../../../arm-none-eabi/lib/thumb/v7e-m/fpv4-sp/hard/libc.a(lib_a-fputwc.o)
 .ARM.attributes
                0x0000000000001070       0x34 /usr/bin/../lib/gcc/arm-none-eabi/7.3.1/../../../../arm-none-eabi/lib/thumb/v7e-m/fpv4-sp/hard/libc.a(lib_a-fstatr.o)
 .ARM.attributes
                0x00000000000010a4       0x34 /usr/bin/../lib/gcc/arm-none-eabi/7.3.1/../../../../arm-none-eabi/lib/thumb/v7e-m/fpv4-sp/hard/libc.a(lib_a-fvwrite.o)
 .ARM.attributes
                0x00000000000010d8       0x34 /usr/bin/../lib/gcc/arm-none-eabi/7.3.1/../../../../arm-none-eabi/lib/thumb/v7e-m/fpv4-sp/hard/libc.a(lib_a-isattyr.o)
 .ARM.attributes
                0x000000000000110c       0x34 /usr/bin/../lib/gcc/arm-none-eabi/7.3.1/../../../../arm-none-eabi/lib/thumb/v7e-m/fpv4-sp/hard/libc.a(lib_a-lseekr.o)
 .ARM.attributes
                0x0000000000001140       0x34 /usr/bin/../lib/gcc/arm-none-eabi/7.3.1/../../../../arm-none-eabi/lib/thumb/v7e-m/fpv4-sp/hard/libc.a(lib_a-memmove.o)
 .ARM.attributes
                0x0000000000001174       0x34 /usr/bin/../lib/gcc/arm-none-eabi/7.3.1/../../../../arm-none-eabi/lib/thumb/v7e-m/fpv4-sp/hard/libc.a(lib_a-readr.o)
 .ARM.attributes
                0x00000000000011a8       0x34 /usr/bin/../lib/gcc/arm-none-eabi/7.3.1/../../../../arm-none-eabi/lib/thumb/v7e-m/fpv4-sp/hard/libc.a(lib_a-reallocr.o)
 .ARM.attributes
                0x00000000000011dc       0x34 /usr/bin/../lib/gcc/arm-none-eabi/7.3.1/../../../../arm-none-eabi/lib/thumb/v7e-m/fpv4-sp/hard/libc.a(lib_a-reent.o)
 .ARM.attributes
                0x0000000000001210       0x34 /usr/bin/../lib/gcc/arm-none-eabi/7.3.1/../../../../arm-none-eabi/lib/thumb/v7e-m/fpv4-sp/hard/libc.a(lib_a-wbuf.o)
 .ARM.attributes
                0x0000000000001244       0x34 /usr/bin/../lib/gcc/arm-none-eabi/7.3.1/../../../../arm-none-eabi/lib/thumb/v7e-m/fpv4-sp/hard/libc.a(lib_a-wcrtomb.o)
 .ARM.attributes
                0x0000000000001278       0x34 /usr/bin/../lib/gcc/arm-none-eabi/7.3.1/../../../../arm-none-eabi/lib/thumb/v7e-m/fpv4-sp/hard/libnosys.a(close.o)
 .ARM.attributes
                0x00000000000012ac       0x34 /usr/bin/../lib/gcc/arm-none-eabi/7.3.1/../../../../arm-none-eabi/lib/thumb/v7e-m/fpv4-sp/hard/libnosys.a(fstat.o)
 .ARM.attributes
                0x00000000000012e0       0x34 /usr/bin/../lib/gcc/arm-none-eabi/7.3.1/../../../../arm-none-eabi/lib/thumb/v7e-m/fpv4-sp/hard/libnosys.a(isatty.o)
 .ARM.attributes
                0x0000000000001314       0x34 /usr/bin/../lib/gcc/arm-none-eabi/7.3.1/../../../../arm-none-eabi/lib/thumb/v7e-m/fpv4-sp/hard/libnosys.a(lseek.o)
 .ARM.attributes
                0x0000000000001348       0x34 /usr/bin/../lib/gcc/arm-none-eabi/7.3.1/../../../../arm-none-eabi/lib/thumb/v7e-m/fpv4-sp/hard/libnosys.a(read.o)
 .ARM.attributes
                0x000000000000137c       0x34 /usr/bin/../lib/gcc/arm-none-eabi/7.3.1/../../../../arm-none-eabi/lib/thumb/v7e-m/fpv4-sp/hard/libnosys.a(sbrk.o)
 .ARM.attributes
                0x00000000000013b0       0x34 /usr/bin/../lib/gcc/arm-none-eabi/7.3.1/../../../../arm-none-eabi/lib/thumb/v7e-m/fpv4-sp/hard/libnosys.a(_exit.o)
 .ARM.attributes
                0x00000000000013e4       0x22 /usr/bin/../lib/gcc/arm-none-eabi/7.3.1/thumb/v7e-m/fpv4-sp/hard/libgcc.a(_arm_addsubdf3.o)
 .ARM.attributes
                0x0000000000001406       0x22 /usr/bin/../lib/gcc/arm-none-eabi/7.3.1/thumb/v7e-m/fpv4-sp/hard/libgcc.a(_arm_muldivdf3.o)
 .ARM.attributes
                0x0000000000001428       0x22 /usr/bin/../lib/gcc/arm-none-eabi/7.3.1/thumb/v7e-m/fpv4-sp/hard/libgcc.a(_arm_cmpdf2.o)
 .ARM.attributes
                0x000000000000144a       0x22 /usr/bin/../lib/gcc/arm-none-eabi/7.3.1/thumb/v7e-m/fpv4-sp/hard/libgcc.a(_arm_unorddf2.o)
 .ARM.attributes
                0x000000000000146c       0x22 /usr/bin/../lib/gcc/arm-none-eabi/7.3.1/thumb/v7e-m/fpv4-sp/hard/libgcc.a(_arm_fixdfsi.o)
 .ARM.attributes
                0x000000000000148e       0x22 /usr/bin/../lib/gcc/arm-none-eabi/7.3.1/thumb/v7e-m/fpv4-sp/hard/libgcc.a(_aeabi_uldivmod.o)
 .ARM.attributes
                0x00000000000014b0       0x34 /usr/bin/../lib/gcc/arm-none-eabi/7.3.1/thumb/v7e-m/fpv4-sp/hard/libgcc.a(_udivmoddi4.o)
 .ARM.attributes
                0x00000000000014e4       0x22 /usr/bin/../lib/gcc/arm-none-eabi/7.3.1/thumb/v7e-m/fpv4-sp/hard/libgcc.a(_dvmd_tls.o)
 .ARM.attributes
                0x0000000000001506       0x34 /usr/bin/../lib/gcc/arm-none-eabi/7.3.1/thumb/v7e-m/fpv4-sp/hard/crtend.o
 .ARM.attributes
                0x000000000000153a       0x22 /usr/bin/../lib/gcc/arm-none-eabi/7.3.1/thumb/v7e-m/fpv4-sp/hard/crtn.o

.comment        0x0000000000000000       0x7f
 .comment       0x0000000000000000       0x7f _build/main.o
                                         0x80 (size before relaxing)
 .comment       0x000000000000007f       0x80 _build/app_error.o
 .comment       0x000000000000007f       0x80 _build/app_error_handler_gcc.o
 .comment       0x000000000000007f       0x80 _build/app_timer.o
 .comment       0x000000000000007f       0x80 _build/app_util_platform.o
 .comment       0x000000000000007f       0x80 _build/before_startup.o
 .comment       0x000000000000007f       0x80 _build/hardfault_handler_gcc.o
 .comment       0x000000000000007f       0x80 _build/hardfault_implementation.o
 .comment       0x000000000000007f       0x80 _build/nrf_assert.o
 .comment       0x000000000000007f       0x80 _build/nrf_atomic.o
 .comment       0x000000000000007f       0x80 _build/nrf_balloc.o
 .comment       0x000000000000007f       0x80 _build/nrf_drv_clock.o
 .comment       0x000000000000007f       0x80 _build/nrf_fprintf.o
 .comment       0x000000000000007f       0x80 _build/nrf_fprintf_format.o
 .comment       0x000000000000007f       0x80 _build/nrf_log_backend_rtt.o
 .comment       0x000000000000007f       0x80 _build/nrf_log_backend_serial.o
 .comment       0x000000000000007f       0x80 _build/nrf_log_default_backends.o
 .comment       0x000000000000007f       0x80 _build/nrf_log_frontend.o
 .comment       0x000000000000007f       0x80 _build/nrf_log_str_formatter.o
 .comment       0x000000000000007f       0x80 _build/nrf_pwr_mgmt.o
 .comment       0x000000000000007f       0x80 _build/nrf_ringbuf.o
 .comment       0x000000000000007f       0x80 _build/nrf_memobj.o
 .comment       0x000000000000007f       0x80 _build/nrf_strerror.o
 .comment       0x000000000000007f       0x80 _build/nrfx_prs.o
 .comment       0x000000000000007f       0x80 _build/nrfx_saadc.o
 .comment       0x000000000000007f       0x80 _build/nrfx_spim.o
 .comment       0x000000000000007f       0x80 _build/nrfx_timer.o
 .comment       0x000000000000007f       0x80 _build/nrfx_twim.o
 .comment       0x000000000000007f       0x80 _build/nrfx_uart.o
 .comment       0x000000000000007f       0x80 _build/nrfx_uarte.o
 .comment       0x000000000000007f       0x80 _build/SEGGER_RTT.o
 .comment       0x000000000000007f       0x80 _build/SEGGER_RTT_Syscalls_GCC.o
 .comment       0x000000000000007f       0x80 _build/system_nrf52.o
 .comment       0x000000000000007f       0x80 _build/app_error_weak.o

.debug_frame    0x0000000000000000     0x1494
 .debug_frame   0x0000000000000000       0x28 /usr/bin/../lib/gcc/arm-none-eabi/7.3.1/../../../../arm-none-eabi/lib/thumb/v7e-m/fpv4-sp/hard/libc.a(lib_a-exit.o)
 .debug_frame   0x0000000000000028       0x2c /usr/bin/../lib/gcc/arm-none-eabi/7.3.1/../../../../arm-none-eabi/lib/thumb/v7e-m/fpv4-sp/hard/libc.a(lib_a-init.o)
 .debug_frame   0x0000000000000054       0x6c /usr/bin/../lib/gcc/arm-none-eabi/7.3.1/../../../../arm-none-eabi/lib/thumb/v7e-m/fpv4-sp/hard/libc.a(lib_a-locale.o)
 .debug_frame   0x00000000000000c0       0x4c /usr/bin/../lib/gcc/arm-none-eabi/7.3.1/../../../../arm-none-eabi/lib/thumb/v7e-m/fpv4-sp/hard/libc.a(lib_a-mbtowc_r.o)
 .debug_frame   0x000000000000010c       0x38 /usr/bin/../lib/gcc/arm-none-eabi/7.3.1/../../../../arm-none-eabi/lib/thumb/v7e-m/fpv4-sp/hard/libc.a(lib_a-memset.o)
 .debug_frame   0x0000000000000144       0x74 /usr/bin/../lib/gcc/arm-none-eabi/7.3.1/../../../../arm-none-eabi/lib/thumb/v7e-m/fpv4-sp/hard/libc.a(lib_a-printf.o)
 .debug_frame   0x00000000000001b8       0x20 /usr/bin/../lib/gcc/arm-none-eabi/7.3.1/../../../../arm-none-eabi/lib/thumb/v7e-m/fpv4-sp/hard/libc.a(lib_a-setbuf.o)
 .debug_frame   0x00000000000001d8       0x44 /usr/bin/../lib/gcc/arm-none-eabi/7.3.1/../../../../arm-none-eabi/lib/thumb/v7e-m/fpv4-sp/hard/libc.a(lib_a-setvbuf.o)
 .debug_frame   0x000000000000021c       0x20 /usr/bin/../lib/gcc/arm-none-eabi/7.3.1/../../../../arm-none-eabi/lib/thumb/v7e-m/fpv4-sp/hard/libc.a(lib_a-strcpy.o)
 .debug_frame   0x000000000000023c       0x94 /usr/bin/../lib/gcc/arm-none-eabi/7.3.1/../../../../arm-none-eabi/lib/thumb/v7e-m/fpv4-sp/hard/libc.a(lib_a-vfprintf.o)
 .debug_frame   0x00000000000002d0       0x3c /usr/bin/../lib/gcc/arm-none-eabi/7.3.1/../../../../arm-none-eabi/lib/thumb/v7e-m/fpv4-sp/hard/libc.a(lib_a-wctomb_r.o)
 .debug_frame   0x000000000000030c       0x2c /usr/bin/../lib/gcc/arm-none-eabi/7.3.1/../../../../arm-none-eabi/lib/thumb/v7e-m/fpv4-sp/hard/libc.a(lib_a-wsetup.o)
 .debug_frame   0x0000000000000338       0x5c /usr/bin/../lib/gcc/arm-none-eabi/7.3.1/../../../../arm-none-eabi/lib/thumb/v7e-m/fpv4-sp/hard/libc.a(lib_a-__call_atexit.o)
 .debug_frame   0x0000000000000394       0x20 /usr/bin/../lib/gcc/arm-none-eabi/7.3.1/../../../../arm-none-eabi/lib/thumb/v7e-m/fpv4-sp/hard/libc.a(lib_a-atexit.o)
 .debug_frame   0x00000000000003b4       0x88 /usr/bin/../lib/gcc/arm-none-eabi/7.3.1/../../../../arm-none-eabi/lib/thumb/v7e-m/fpv4-sp/hard/libc.a(lib_a-dtoa.o)
 .debug_frame   0x000000000000043c       0x5c /usr/bin/../lib/gcc/arm-none-eabi/7.3.1/../../../../arm-none-eabi/lib/thumb/v7e-m/fpv4-sp/hard/libc.a(lib_a-fflush.o)
 .debug_frame   0x0000000000000498      0x148 /usr/bin/../lib/gcc/arm-none-eabi/7.3.1/../../../../arm-none-eabi/lib/thumb/v7e-m/fpv4-sp/hard/libc.a(lib_a-findfp.o)
 .debug_frame   0x00000000000005e0       0x34 /usr/bin/../lib/gcc/arm-none-eabi/7.3.1/../../../../arm-none-eabi/lib/thumb/v7e-m/fpv4-sp/hard/libc.a(lib_a-fini.o)
 .debug_frame   0x0000000000000614       0x80 /usr/bin/../lib/gcc/arm-none-eabi/7.3.1/../../../../arm-none-eabi/lib/thumb/v7e-m/fpv4-sp/hard/libc.a(lib_a-freer.o)
 .debug_frame   0x0000000000000694       0x54 /usr/bin/../lib/gcc/arm-none-eabi/7.3.1/../../../../arm-none-eabi/lib/thumb/v7e-m/fpv4-sp/hard/libc.a(lib_a-fwalk.o)
 .debug_frame   0x00000000000006e8       0x40 /usr/bin/../lib/gcc/arm-none-eabi/7.3.1/../../../../arm-none-eabi/lib/thumb/v7e-m/fpv4-sp/hard/libc.a(lib_a-localeconv.o)
 .debug_frame   0x0000000000000728       0xb0 /usr/bin/../lib/gcc/arm-none-eabi/7.3.1/../../../../arm-none-eabi/lib/thumb/v7e-m/fpv4-sp/hard/libc.a(lib_a-lock.o)
 .debug_frame   0x00000000000007d8       0x64 /usr/bin/../lib/gcc/arm-none-eabi/7.3.1/../../../../arm-none-eabi/lib/thumb/v7e-m/fpv4-sp/hard/libc.a(lib_a-makebuf.o)
 .debug_frame   0x000000000000083c       0x30 /usr/bin/../lib/gcc/arm-none-eabi/7.3.1/../../../../arm-none-eabi/lib/thumb/v7e-m/fpv4-sp/hard/libc.a(lib_a-malloc.o)
 .debug_frame   0x000000000000086c       0x54 /usr/bin/../lib/gcc/arm-none-eabi/7.3.1/../../../../arm-none-eabi/lib/thumb/v7e-m/fpv4-sp/hard/libc.a(lib_a-mallocr.o)
 .debug_frame   0x00000000000008c0       0x30 /usr/bin/../lib/gcc/arm-none-eabi/7.3.1/../../../../arm-none-eabi/lib/thumb/v7e-m/fpv4-sp/hard/libc.a(lib_a-mlock.o)
 .debug_frame   0x00000000000008f0      0x25c /usr/bin/../lib/gcc/arm-none-eabi/7.3.1/../../../../arm-none-eabi/lib/thumb/v7e-m/fpv4-sp/hard/libc.a(lib_a-mprec.o)